Component: ARM Compiler 5.06 update 4 (build 422) Tool: armlink [4d35d2]

==============================================================================

Section Cross References

    main.o(i.main) refers to delay.o(i.delay_init) for delay_init
    main.o(i.main) refers to led.o(i.LED_GPIO_Config) for LED_GPIO_Config
    main.o(i.main) refers to exti.o(i.EXTIX_Init) for EXTIX_Init
    main.o(i.main) refers to usart.o(i.uart_init) for uart_init
    main.o(i.main) refers to iwdg.o(i.IWDG_Init) for IWDG_Init
    main.o(i.main) refers to lcd.o(i.LCD_Init) for LCD_Init
    main.o(i.main) refers to gbk_libdrive.o(i.GBK_Lib_Init) for GBK_Lib_Init
    main.o(i.main) refers to lcd.o(i.LCD_Clear) for LCD_Clear
    main.o(i.main) refers to text.o(i.Draw_Font16B) for Draw_Font16B
    main.o(i.main) refers to 24cxx.o(i.AT24CXX_Init) for AT24CXX_Init
    main.o(i.main) refers to delay.o(i.delay_ms) for delay_ms
    main.o(i.main) refers to 24cxx.o(i.AT24CXX_Check) for AT24CXX_Check
    main.o(i.main) refers to iwdg.o(i.IWDG_Feed) for IWDG_Feed
    main.o(i.main) refers to main.o(.data) for .data
    system_stm32f10x.o(i.SystemCoreClockUpdate) refers to system_stm32f10x.o(.data) for .data
    system_stm32f10x.o(i.SystemInit) refers to system_stm32f10x.o(i.SetSysClockTo72) for SetSysClockTo72
    led.o(i.LED_GPIO_Config) refers to stm32f10x_rcc.o(i.RCC_APB2PeriphClockCmd) for RCC_APB2PeriphClockCmd
    led.o(i.LED_GPIO_Config) refers to stm32f10x_gpio.o(i.GPIO_Init) for GPIO_Init
    led.o(i.LED_GPIO_Config) refers to stm32f10x_gpio.o(i.GPIO_SetBits) for GPIO_SetBits
    key.o(i.Key_GPIO_Config) refers to stm32f10x_rcc.o(i.RCC_APB2PeriphClockCmd) for RCC_APB2PeriphClockCmd
    key.o(i.Key_GPIO_Config) refers to stm32f10x_gpio.o(i.GPIO_Init) for GPIO_Init
    key.o(i.Key_Scan) refers to stm32f10x_gpio.o(i.GPIO_ReadInputDataBit) for GPIO_ReadInputDataBit
    key.o(i.Key_Scan) refers to key.o(i.Key_Delay) for Key_Delay
    24cxx.o(i.AT24CXX_Check) refers to 24cxx.o(i.AT24CXX_ReadOneByte) for AT24CXX_ReadOneByte
    24cxx.o(i.AT24CXX_Check) refers to 24cxx.o(i.AT24CXX_WriteOneByte) for AT24CXX_WriteOneByte
    24cxx.o(i.AT24CXX_Init) refers to 24cxx_iic.o(i.IIC_Init) for IIC_Init
    24cxx.o(i.AT24CXX_Read) refers to 24cxx.o(i.AT24CXX_ReadOneByte) for AT24CXX_ReadOneByte
    24cxx.o(i.AT24CXX_ReadLenByte) refers to 24cxx.o(i.AT24CXX_ReadOneByte) for AT24CXX_ReadOneByte
    24cxx.o(i.AT24CXX_ReadOneByte) refers to 24cxx_iic.o(i.IIC_Start) for IIC_Start
    24cxx.o(i.AT24CXX_ReadOneByte) refers to 24cxx_iic.o(i.IIC_Send_Byte) for IIC_Send_Byte
    24cxx.o(i.AT24CXX_ReadOneByte) refers to 24cxx_iic.o(i.IIC_Wait_Ack) for IIC_Wait_Ack
    24cxx.o(i.AT24CXX_ReadOneByte) refers to 24cxx_iic.o(i.IIC_Read_Byte) for IIC_Read_Byte
    24cxx.o(i.AT24CXX_ReadOneByte) refers to 24cxx_iic.o(i.IIC_Stop) for IIC_Stop
    24cxx.o(i.AT24CXX_Write) refers to 24cxx.o(i.AT24CXX_WriteOneByte) for AT24CXX_WriteOneByte
    24cxx.o(i.AT24CXX_WriteLenByte) refers to 24cxx.o(i.AT24CXX_WriteOneByte) for AT24CXX_WriteOneByte
    24cxx.o(i.AT24CXX_WriteOneByte) refers to 24cxx_iic.o(i.IIC_Start) for IIC_Start
    24cxx.o(i.AT24CXX_WriteOneByte) refers to 24cxx_iic.o(i.IIC_Send_Byte) for IIC_Send_Byte
    24cxx.o(i.AT24CXX_WriteOneByte) refers to 24cxx_iic.o(i.IIC_Wait_Ack) for IIC_Wait_Ack
    24cxx.o(i.AT24CXX_WriteOneByte) refers to 24cxx_iic.o(i.IIC_Stop) for IIC_Stop
    24cxx.o(i.AT24CXX_WriteOneByte) refers to delay.o(i.delay_ms) for delay_ms
    24cxx_iic.o(i.IIC_Ack) refers to 24cxx_iic.o(i.SDA_OUT) for SDA_OUT
    24cxx_iic.o(i.IIC_Ack) refers to delay.o(i.delay_us) for delay_us
    24cxx_iic.o(i.IIC_Init) refers to stm32f10x_rcc.o(i.RCC_APB2PeriphClockCmd) for RCC_APB2PeriphClockCmd
    24cxx_iic.o(i.IIC_Init) refers to stm32f10x_gpio.o(i.GPIO_Init) for GPIO_Init
    24cxx_iic.o(i.IIC_Init) refers to stm32f10x_gpio.o(i.GPIO_SetBits) for GPIO_SetBits
    24cxx_iic.o(i.IIC_NAck) refers to 24cxx_iic.o(i.SDA_OUT) for SDA_OUT
    24cxx_iic.o(i.IIC_NAck) refers to delay.o(i.delay_us) for delay_us
    24cxx_iic.o(i.IIC_Read_Byte) refers to 24cxx_iic.o(i.SDA_IN) for SDA_IN
    24cxx_iic.o(i.IIC_Read_Byte) refers to delay.o(i.delay_us) for delay_us
    24cxx_iic.o(i.IIC_Read_Byte) refers to 24cxx_iic.o(i.IIC_Ack) for IIC_Ack
    24cxx_iic.o(i.IIC_Read_Byte) refers to 24cxx_iic.o(i.IIC_NAck) for IIC_NAck
    24cxx_iic.o(i.IIC_Send_Byte) refers to 24cxx_iic.o(i.SDA_OUT) for SDA_OUT
    24cxx_iic.o(i.IIC_Send_Byte) refers to delay.o(i.delay_us) for delay_us
    24cxx_iic.o(i.IIC_Start) refers to 24cxx_iic.o(i.SDA_OUT) for SDA_OUT
    24cxx_iic.o(i.IIC_Start) refers to delay.o(i.delay_us) for delay_us
    24cxx_iic.o(i.IIC_Stop) refers to 24cxx_iic.o(i.SDA_OUT) for SDA_OUT
    24cxx_iic.o(i.IIC_Stop) refers to delay.o(i.delay_us) for delay_us
    24cxx_iic.o(i.IIC_Wait_Ack) refers to 24cxx_iic.o(i.SDA_IN) for SDA_IN
    24cxx_iic.o(i.IIC_Wait_Ack) refers to delay.o(i.delay_us) for delay_us
[...]
    Removing stm32f10x_dac.o(i.DAC_SetChannel1Data), (20 bytes).
    Removing stm32f10x_dac.o(i.DAC_SetChannel2Data), (20 bytes).
    Removing stm32f10x_dac.o(i.DAC_SetDualChannelData), (28 bytes).
    Removing stm32f10x_dac.o(i.DAC_SoftwareTriggerCmd), (28 bytes).
    Removing stm32f10x_dac.o(i.DAC_StructInit), (12 bytes).
    Removing stm32f10x_dac.o(i.DAC_WaveGenerationCmd), (24 bytes).
    Removing stm32f10x_dma.o(i.DMA_ClearFlag), (24 bytes).
    Removing stm32f10x_dma.o(i.DMA_ClearITPendingBit), (24 bytes).
    Removing stm32f10x_dma.o(i.DMA_Cmd), (22 bytes).
    Removing stm32f10x_dma.o(i.DMA_DeInit), (228 bytes).
    Removing stm32f10x_dma.o(i.DMA_GetCurrDataCounter), (6 bytes).
    Removing stm32f10x_dma.o(i.DMA_GetFlagStatus), (32 bytes).
    Removing stm32f10x_dma.o(i.DMA_GetITStatus), (32 bytes).
    Removing stm32f10x_dma.o(i.DMA_ITConfig), (16 bytes).
    Removing stm32f10x_dma.o(i.DMA_Init), (58 bytes).
    Removing stm32f10x_dma.o(i.DMA_SetCurrDataCounter), (4 bytes).
    Removing stm32f10x_dma.o(i.DMA_StructInit), (26 bytes).
    Removing stm32f10x_exti.o(i.EXTI_ClearFlag), (12 bytes).
    Removing stm32f10x_exti.o(i.EXTI_DeInit), (36 bytes).
    Removing stm32f10x_exti.o(i.EXTI_GenerateSWInterrupt), (16 bytes).
    Removing stm32f10x_exti.o(i.EXTI_GetFlagStatus), (20 bytes).
    Removing stm32f10x_exti.o(i.EXTI_GetITStatus), (32 bytes).
    Removing stm32f10x_exti.o(i.EXTI_StructInit), (14 bytes).
    Removing stm32f10x_flash.o(i.FLASH_ClearFlag), (12 bytes).
    Removing stm32f10x_flash.o(i.FLASH_EnableWriteProtection), (172 bytes).
    Removing stm32f10x_flash.o(i.FLASH_EraseAllBank1Pages), (56 bytes).
    Removing stm32f10x_flash.o(i.FLASH_EraseAllPages), (56 bytes).
    Removing stm32f10x_flash.o(i.FLASH_EraseOptionBytes), (124 bytes).
    Removing stm32f10x_flash.o(i.FLASH_ErasePage), (60 bytes).
    Removing stm32f10x_flash.o(i.FLASH_GetBank1Status), (40 bytes).
    Removing stm32f10x_flash.o(i.FLASH_GetFlagStatus), (32 bytes).
    Removing stm32f10x_flash.o(i.FLASH_GetPrefetchBufferStatus), (20 bytes).
    Removing stm32f10x_flash.o(i.FLASH_GetReadOutProtectionStatus), (20 bytes).
    Removing stm32f10x_flash.o(i.FLASH_GetStatus), (40 bytes).
    Removing stm32f10x_flash.o(i.FLASH_GetUserOptionByte), (12 bytes).
    Removing stm32f10x_flash.o(i.FLASH_GetWriteProtectionOptionByte), (12 bytes).
    Removing stm32f10x_flash.o(i.FLASH_HalfCycleAccessCmd), (24 bytes).
    Removing stm32f10x_flash.o(i.FLASH_ITConfig), (24 bytes).
    Removing stm32f10x_flash.o(i.FLASH_Lock), (16 bytes).
    Removing stm32f10x_flash.o(i.FLASH_LockBank1), (16 bytes).
    Removing stm32f10x_flash.o(i.FLASH_PrefetchBufferCmd), (24 bytes).
    Removing stm32f10x_flash.o(i.FLASH_ProgramHalfWord), (52 bytes).
    Removing stm32f10x_flash.o(i.FLASH_ProgramOptionByteData), (76 bytes).
    Removing stm32f10x_flash.o(i.FLASH_ProgramWord), (80 bytes).
    Removing stm32f10x_flash.o(i.FLASH_ReadOutProtection), (136 bytes).
    Removing stm32f10x_flash.o(i.FLASH_SetLatency), (20 bytes).
    Removing stm32f10x_flash.o(i.FLASH_Unlock), (24 bytes).
    Removing stm32f10x_flash.o(i.FLASH_UnlockBank1), (24 bytes).
    Removing stm32f10x_flash.o(i.FLASH_UserOptionByteConfig), (96 bytes).
    Removing stm32f10x_flash.o(i.FLASH_WaitForLastBank1Operation), (36 bytes).
    Removing stm32f10x_flash.o(i.FLASH_WaitForLastOperation), (36 bytes).
    Removing stm32f10x_fsmc.o(i.FSMC_ClearFlag), (38 bytes).
    Removing stm32f10x_fsmc.o(i.FSMC_ClearITPendingBit), (44 bytes).
    Removing stm32f10x_fsmc.o(i.FSMC_GetECC), (18 bytes).
    Removing stm32f10x_fsmc.o(i.FSMC_GetFlagStatus), (40 bytes).
    Removing stm32f10x_fsmc.o(i.FSMC_GetITStatus), (48 bytes).
    Removing stm32f10x_fsmc.o(i.FSMC_ITConfig), (72 bytes).
    Removing stm32f10x_fsmc.o(i.FSMC_NANDCmd), (56 bytes).
    Removing stm32f10x_fsmc.o(i.FSMC_NANDDeInit), (40 bytes).
    Removing stm32f10x_fsmc.o(i.FSMC_NANDECCCmd), (56 bytes).
    Removing stm32f10x_fsmc.o(i.FSMC_NANDInit), (104 bytes).
    Removing stm32f10x_fsmc.o(i.FSMC_NANDStructInit), (54 bytes).
    Removing stm32f10x_fsmc.o(i.FSMC_NORSRAMCmd), (32 bytes).
    Removing stm32f10x_fsmc.o(i.FSMC_NORSRAMDeInit), (40 bytes).
    Removing stm32f10x_fsmc.o(i.FSMC_NORSRAMInit), (200 bytes).
    Removing stm32f10x_fsmc.o(i.FSMC_NORSRAMStructInit), (98 bytes).
    Removing stm32f10x_fsmc.o(i.FSMC_PCCARDCmd), (32 bytes).
    Removing stm32f10x_fsmc.o(i.FSMC_PCCARDDeInit), (26 bytes).
    Removing stm32f10x_fsmc.o(i.FSMC_PCCARDInit), (102 bytes).
    Removing stm32f10x_fsmc.o(i.FSMC_PCCARDStructInit), (60 bytes).
    Removing stm32f10x_i2c.o(i.I2C_ARPCmd), (20 bytes).
    Removing stm32f10x_i2c.o(i.I2C_AcknowledgeConfig), (20 bytes).
    Removing stm32f10x_i2c.o(i.I2C_CalculatePEC), (20 bytes).
    Removing stm32f10x_i2c.o(i.I2C_CheckEvent), (24 bytes).
    Removing stm32f10x_i2c.o(i.I2C_ClearFlag), (6 bytes).
    Removing stm32f10x_i2c.o(i.I2C_ClearITPendingBit), (6 bytes).
    Removing stm32f10x_i2c.o(i.I2C_Cmd), (20 bytes).
    Removing stm32f10x_i2c.o(i.I2C_DMACmd), (20 bytes).
    Removing stm32f10x_i2c.o(i.I2C_DMALastTransferCmd), (20 bytes).
    Removing stm32f10x_i2c.o(i.I2C_DeInit), (44 bytes).
    Removing stm32f10x_i2c.o(i.I2C_DualAddressCmd), (20 bytes).
    Removing stm32f10x_i2c.o(i.I2C_FastModeDutyCycleConfig), (22 bytes).
    Removing stm32f10x_i2c.o(i.I2C_GeneralCallCmd), (20 bytes).
    Removing stm32f10x_i2c.o(i.I2C_GenerateSTART), (20 bytes).
    Removing stm32f10x_i2c.o(i.I2C_GenerateSTOP), (20 bytes).
    Removing stm32f10x_i2c.o(i.I2C_GetFlagStatus), (42 bytes).
    Removing stm32f10x_i2c.o(i.I2C_GetITStatus), (36 bytes).
    Removing stm32f10x_i2c.o(i.I2C_GetLastEvent), (14 bytes).
    Removing stm32f10x_i2c.o(i.I2C_GetPEC), (6 bytes).
    Removing stm32f10x_i2c.o(i.I2C_ITConfig), (16 bytes).
    Removing stm32f10x_i2c.o(i.I2C_Init), (188 bytes).
    Removing stm32f10x_i2c.o(i.I2C_NACKPositionConfig), (22 bytes).
    Removing stm32f10x_i2c.o(i.I2C_OwnAddress2Config), (16 bytes).
    Removing stm32f10x_i2c.o(i.I2C_PECPositionConfig), (22 bytes).
    Removing stm32f10x_i2c.o(i.I2C_ReadRegister), (10 bytes).
    Removing stm32f10x_i2c.o(i.I2C_ReceiveData), (6 bytes).
    Removing stm32f10x_i2c.o(i.I2C_SMBusAlertConfig), (22 bytes).
    Removing stm32f10x_i2c.o(i.I2C_Send7bitAddress), (16 bytes).
    Removing stm32f10x_i2c.o(i.I2C_SendData), (4 bytes).
    Removing stm32f10x_i2c.o(i.I2C_SoftwareResetCmd), (20 bytes).
    Removing stm32f10x_i2c.o(i.I2C_StretchClockCmd), (20 bytes).
    Removing stm32f10x_i2c.o(i.I2C_StructInit), (28 bytes).
    Removing stm32f10x_i2c.o(i.I2C_TransmitPEC), (20 bytes).
    Removing stm32f10x_iwdg.o(i.IWDG_GetFlagStatus), (20 bytes).
    Removing stm32f10x_pwr.o(i.PWR_BackupAccessCmd), (12 bytes).
    Removing stm32f10x_pwr.o(i.PWR_ClearFlag), (16 bytes).
    Removing stm32f10x_pwr.o(i.PWR_DeInit), (24 bytes).
    Removing stm32f10x_pwr.o(i.PWR_EnterSTANDBYMode), (40 bytes).
    Removing stm32f10x_pwr.o(i.PWR_EnterSTOPMode), (52 bytes).
    Removing stm32f10x_pwr.o(i.PWR_GetFlagStatus), (20 bytes).
    Removing stm32f10x_pwr.o(i.PWR_PVDCmd), (12 bytes).
    Removing stm32f10x_pwr.o(i.PWR_PVDLevelConfig), (20 bytes).
    Removing stm32f10x_pwr.o(i.PWR_WakeUpPinCmd), (12 bytes).
    Removing stm32f10x_rtc.o(i.RTC_ClearFlag), (16 bytes).
    Removing stm32f10x_rtc.o(i.RTC_ClearITPendingBit), (16 bytes).
    Removing stm32f10x_rtc.o(i.RTC_EnterConfigMode), (16 bytes).
    Removing stm32f10x_rtc.o(i.RTC_ExitConfigMode), (16 bytes).
    Removing stm32f10x_rtc.o(i.RTC_GetCounter), (20 bytes).
    Removing stm32f10x_rtc.o(i.RTC_GetDivider), (24 bytes).
    Removing stm32f10x_rtc.o(i.RTC_GetFlagStatus), (20 bytes).
    Removing stm32f10x_rtc.o(i.RTC_GetITStatus), (32 bytes).
    Removing stm32f10x_rtc.o(i.RTC_ITConfig), (24 bytes).
    Removing stm32f10x_rtc.o(i.RTC_SetAlarm), (32 bytes).
    Removing stm32f10x_rtc.o(i.RTC_SetCounter), (32 bytes).
    Removing stm32f10x_rtc.o(i.RTC_SetPrescaler), (32 bytes).
    Removing stm32f10x_rtc.o(i.RTC_WaitForLastTask), (16 bytes).
    Removing stm32f10x_rtc.o(i.RTC_WaitForSynchro), (24 bytes).
    Removing stm32f10x_sdio.o(i.SDIO_CEATAITCmd), (16 bytes).
    Removing stm32f10x_sdio.o(i.SDIO_ClearFlag), (12 bytes).
    Removing stm32f10x_sdio.o(i.SDIO_ClearITPendingBit), (12 bytes).
    Removing stm32f10x_sdio.o(i.SDIO_ClockCmd), (12 bytes).
    Removing stm32f10x_sdio.o(i.SDIO_CmdStructInit), (14 bytes).
    Removing stm32f10x_sdio.o(i.SDIO_CommandCompletionCmd), (12 bytes).
    Removing stm32f10x_sdio.o(i.SDIO_DMACmd), (12 bytes).
    Removing stm32f10x_sdio.o(i.SDIO_DataConfig), (44 bytes).
    Removing stm32f10x_sdio.o(i.SDIO_DataStructInit), (20 bytes).
    Removing stm32f10x_sdio.o(i.SDIO_DeInit), (36 bytes).
    Removing stm32f10x_sdio.o(i.SDIO_GetCommandResponse), (12 bytes).
    Removing stm32f10x_sdio.o(i.SDIO_GetDataCounter), (12 bytes).
    Removing stm32f10x_sdio.o(i.SDIO_GetFIFOCount), (12 bytes).
    Removing stm32f10x_sdio.o(i.SDIO_GetFlagStatus), (20 bytes).
    Removing stm32f10x_sdio.o(i.SDIO_GetITStatus), (20 bytes).
    Removing stm32f10x_sdio.o(i.SDIO_GetPowerState), (16 bytes).
    Removing stm32f10x_sdio.o(i.SDIO_GetResponse), (16 bytes).
    Removing stm32f10x_sdio.o(i.SDIO_ITConfig), (24 bytes).
    Removing stm32f10x_sdio.o(i.SDIO_Init), (44 bytes).
    Removing stm32f10x_sdio.o(i.SDIO_ReadData), (12 bytes).
    Removing stm32f10x_sdio.o(i.SDIO_SendCEATACmd), (12 bytes).
    Removing stm32f10x_sdio.o(i.SDIO_SendCommand), (40 bytes).
    Removing stm32f10x_sdio.o(i.SDIO_SendSDIOSuspendCmd), (12 bytes).
    Removing stm32f10x_sdio.o(i.SDIO_SetPowerState), (24 bytes).
    Removing stm32f10x_sdio.o(i.SDIO_SetSDIOOperation), (12 bytes).
    Removing stm32f10x_sdio.o(i.SDIO_SetSDIOReadWaitMode), (12 bytes).
    Removing stm32f10x_sdio.o(i.SDIO_StartSDIOReadWait), (12 bytes).
    Removing stm32f10x_sdio.o(i.SDIO_StopSDIOReadWait), (12 bytes).
    Removing stm32f10x_sdio.o(i.SDIO_StructInit), (16 bytes).
    Removing stm32f10x_sdio.o(i.SDIO_WriteData), (12 bytes).
    Removing stm32f10x_spi.o(i.I2S_Cmd), (20 bytes).
    Removing stm32f10x_spi.o(i.I2S_Init), (152 bytes).
    Removing stm32f10x_spi.o(i.I2S_StructInit), (18 bytes).
    Removing stm32f10x_spi.o(i.SPI_BiDirectionalLineConfig), (22 bytes).
    Removing stm32f10x_spi.o(i.SPI_CalculateCRC), (20 bytes).
    Removing stm32f10x_spi.o(i.SPI_Cmd), (20 bytes).
    Removing stm32f10x_spi.o(i.SPI_DataSizeConfig), (16 bytes).
    Removing stm32f10x_spi.o(i.SPI_GetCRC), (12 bytes).
    Removing stm32f10x_spi.o(i.SPI_GetCRCPolynomial), (4 bytes).
    Removing stm32f10x_spi.o(i.SPI_I2S_ClearFlag), (6 bytes).
    Removing stm32f10x_spi.o(i.SPI_I2S_ClearITPendingBit), (14 bytes).
    Removing stm32f10x_spi.o(i.SPI_I2S_DMACmd), (16 bytes).
    Removing stm32f10x_spi.o(i.SPI_I2S_DeInit), (84 bytes).
    Removing stm32f10x_spi.o(i.SPI_I2S_GetFlagStatus), (14 bytes).
    Removing stm32f10x_spi.o(i.SPI_I2S_GetITStatus), (42 bytes).
    Removing stm32f10x_spi.o(i.SPI_I2S_ITConfig), (24 bytes).
    Removing stm32f10x_spi.o(i.SPI_I2S_ReceiveData), (4 bytes).
    Removing stm32f10x_spi.o(i.SPI_I2S_SendData), (4 bytes).
    Removing stm32f10x_spi.o(i.SPI_Init), (56 bytes).
    Removing stm32f10x_spi.o(i.SPI_NSSInternalSoftwareConfig), (24 bytes).
    Removing stm32f10x_spi.o(i.SPI_SSOutputCmd), (20 bytes).
    Removing stm32f10x_spi.o(i.SPI_StructInit), (24 bytes).
    Removing stm32f10x_spi.o(i.SPI_TransmitCRC), (10 bytes).
    Removing stm32f10x_tim.o(i.TI1_Config), (108 bytes).
    Removing stm32f10x_tim.o(i.TI2_Config), (124 bytes).
    Removing stm32f10x_tim.o(i.TIM_ARRPreloadConfig), (20 bytes).
    Removing stm32f10x_tim.o(i.TIM_BDTRConfig), (34 bytes).
    Removing stm32f10x_tim.o(i.TIM_BDTRStructInit), (18 bytes).
    Removing stm32f10x_tim.o(i.TIM_CCPreloadControl), (20 bytes).
    Removing stm32f10x_tim.o(i.TIM_CCxCmd), (22 bytes).
    Removing stm32f10x_tim.o(i.TIM_CCxNCmd), (22 bytes).
    Removing stm32f10x_tim.o(i.TIM_ClearFlag), (6 bytes).
    Removing stm32f10x_tim.o(i.TIM_ClearITPendingBit), (6 bytes).
    Removing stm32f10x_tim.o(i.TIM_ClearOC1Ref), (12 bytes).
    Removing stm32f10x_tim.o(i.TIM_ClearOC2Ref), (20 bytes).
    Removing stm32f10x_tim.o(i.TIM_ClearOC3Ref), (12 bytes).
    Removing stm32f10x_tim.o(i.TIM_ClearOC4Ref), (20 bytes).
    Removing stm32f10x_tim.o(i.TIM_Cmd), (20 bytes).
    Removing stm32f10x_tim.o(i.TIM_CounterModeConfig), (12 bytes).
    Removing stm32f10x_tim.o(i.TIM_CtrlPWMOutputs), (22 bytes).
    Removing stm32f10x_tim.o(i.TIM_DMACmd), (16 bytes).
    Removing stm32f10x_tim.o(i.TIM_DMAConfig), (8 bytes).
    Removing stm32f10x_tim.o(i.TIM_DeInit), (368 bytes).
    Removing stm32f10x_tim.o(i.TIM_ETRClockMode1Config), (18 bytes).
    Removing stm32f10x_tim.o(i.TIM_ETRClockMode2Config), (18 bytes).
    Removing stm32f10x_tim.o(i.TIM_ETRConfig), (24 bytes).
    Removing stm32f10x_tim.o(i.TIM_EncoderInterfaceConfig), (50 bytes).
    Removing stm32f10x_tim.o(i.TIM_ForcedOC1Config), (12 bytes).
    Removing stm32f10x_tim.o(i.TIM_ForcedOC2Config), (20 bytes).
    Removing stm32f10x_tim.o(i.TIM_ForcedOC3Config), (12 bytes).
    Removing stm32f10x_tim.o(i.TIM_ForcedOC4Config), (20 bytes).
    Removing stm32f10x_tim.o(i.TIM_GenerateEvent), (4 bytes).
    Removing stm32f10x_tim.o(i.TIM_GetCapture1), (4 bytes).
    Removing stm32f10x_tim.o(i.TIM_GetCapture2), (4 bytes).
    Removing stm32f10x_tim.o(i.TIM_GetCapture3), (4 bytes).
    Removing stm32f10x_tim.o(i.TIM_GetCapture4), (6 bytes).
    Removing stm32f10x_tim.o(i.TIM_GetCounter), (4 bytes).
    Removing stm32f10x_tim.o(i.TIM_GetFlagStatus), (14 bytes).
    Removing stm32f10x_tim.o(i.TIM_GetITStatus), (24 bytes).
    Removing stm32f10x_tim.o(i.TIM_GetPrescaler), (4 bytes).
    Removing stm32f10x_tim.o(i.TIM_ICInit), (300 bytes).
    Removing stm32f10x_tim.o(i.TIM_ICStructInit), (16 bytes).
    Removing stm32f10x_tim.o(i.TIM_ITConfig), (16 bytes).
    Removing stm32f10x_tim.o(i.TIM_ITRxExternalClockConfig), (18 bytes).
    Removing stm32f10x_tim.o(i.TIM_InternalClockConfig), (10 bytes).
    Removing stm32f10x_tim.o(i.TIM_OC1FastConfig), (12 bytes).
    Removing stm32f10x_tim.o(i.TIM_OC1Init), (128 bytes).
    Removing stm32f10x_tim.o(i.TIM_OC1NPolarityConfig), (12 bytes).
    Removing stm32f10x_tim.o(i.TIM_OC1PolarityConfig), (12 bytes).
    Removing stm32f10x_tim.o(i.TIM_OC1PreloadConfig), (12 bytes).
    Removing stm32f10x_tim.o(i.TIM_OC2FastConfig), (20 bytes).
    Removing stm32f10x_tim.o(i.TIM_OC2Init), (128 bytes).
    Removing stm32f10x_tim.o(i.TIM_OC2NPolarityConfig), (20 bytes).
    Removing stm32f10x_tim.o(i.TIM_OC2PolarityConfig), (20 bytes).
    Removing stm32f10x_tim.o(i.TIM_OC2PreloadConfig), (20 bytes).
    Removing stm32f10x_tim.o(i.TIM_OC3FastConfig), (12 bytes).
    Removing stm32f10x_tim.o(i.TIM_OC3Init), (124 bytes).
    Removing stm32f10x_tim.o(i.TIM_OC3NPolarityConfig), (20 bytes).
    Removing stm32f10x_tim.o(i.TIM_OC3PolarityConfig), (20 bytes).
    Removing stm32f10x_tim.o(i.TIM_OC3PreloadConfig), (12 bytes).
    Removing stm32f10x_tim.o(i.TIM_OC4FastConfig), (20 bytes).
    Removing stm32f10x_tim.o(i.TIM_OC4Init), (100 bytes).
    Removing stm32f10x_tim.o(i.TIM_OC4PolarityConfig), (20 bytes).
    Removing stm32f10x_tim.o(i.TIM_OC4PreloadConfig), (20 bytes).
    Removing stm32f10x_tim.o(i.TIM_OCStructInit), (20 bytes).
    Removing stm32f10x_tim.o(i.TIM_PWMIConfig), (108 bytes).
    Removing stm32f10x_tim.o(i.TIM_PrescalerConfig), (6 bytes).
    Removing stm32f10x_tim.o(i.TIM_SelectCCDMA), (20 bytes).
    Removing stm32f10x_tim.o(i.TIM_SelectCOM), (20 bytes).
    Removing stm32f10x_tim.o(i.TIM_SelectHallSensor), (20 bytes).
    Removing stm32f10x_tim.o(i.TIM_SelectInputTrigger), (12 bytes).
    Removing stm32f10x_tim.o(i.TIM_SelectMasterSlaveMode), (16 bytes).
    Removing stm32f10x_tim.o(i.TIM_SelectOCxM), (70 bytes).
    Removing stm32f10x_tim.o(i.TIM_SelectOnePulseMode), (16 bytes).
    Removing stm32f10x_tim.o(i.TIM_SelectOutputTrigger), (16 bytes).
    Removing stm32f10x_tim.o(i.TIM_SelectSlaveMode), (16 bytes).
    Removing stm32f10x_tim.o(i.TIM_SetAutoreload), (4 bytes).
    Removing stm32f10x_tim.o(i.TIM_SetClockDivision), (16 bytes).
    Removing stm32f10x_tim.o(i.TIM_SetCompare1), (4 bytes).
    Removing stm32f10x_tim.o(i.TIM_SetCompare2), (4 bytes).
    Removing stm32f10x_tim.o(i.TIM_SetCompare3), (4 bytes).
    Removing stm32f10x_tim.o(i.TIM_SetCompare4), (6 bytes).
    Removing stm32f10x_tim.o(i.TIM_SetCounter), (4 bytes).
    Removing stm32f10x_tim.o(i.TIM_SetIC1Prescaler), (16 bytes).
    Removing stm32f10x_tim.o(i.TIM_SetIC2Prescaler), (24 bytes).
    Removing stm32f10x_tim.o(i.TIM_SetIC3Prescaler), (16 bytes).
    Removing stm32f10x_tim.o(i.TIM_SetIC4Prescaler), (24 bytes).
    Removing stm32f10x_tim.o(i.TIM_TIxExternalClockConfig), (46 bytes).
    Removing stm32f10x_tim.o(i.TIM_TimeBaseInit), (156 bytes).
    Removing stm32f10x_tim.o(i.TIM_TimeBaseStructInit), (18 bytes).
    Removing stm32f10x_tim.o(i.TIM_UpdateDisableConfig), (20 bytes).
    Removing stm32f10x_tim.o(i.TIM_UpdateRequestConfig), (20 bytes).
    Removing stm32f10x_wwdg.o(i.WWDG_ClearFlag), (12 bytes).
    Removing stm32f10x_wwdg.o(i.WWDG_DeInit), (24 bytes).
    Removing stm32f10x_wwdg.o(i.WWDG_Enable), (16 bytes).
    Removing stm32f10x_wwdg.o(i.WWDG_EnableIT), (16 bytes).
    Removing stm32f10x_wwdg.o(i.WWDG_GetFlagStatus), (12 bytes).
    Removing stm32f10x_wwdg.o(i.WWDG_SetCounter), (16 bytes).
    Removing stm32f10x_wwdg.o(i.WWDG_SetPrescaler), (20 bytes).
    Removing stm32f10x_wwdg.o(i.WWDG_SetWindowValue), (28 bytes).
    Removing gbk_libdrive.o(i.DrawFontASC_GBK48B), (60 bytes).
    Removing gbk_libdrive.o(i.DrawFontASC_GBK64B), (60 bytes).
    Removing gbk_libdrive.o(i.DrawFont_GBK12B), (60 bytes).
    Removing gbk_libdrive.o(i.DrawFont_GBK24B), (60 bytes).
    Removing gbk_libdrive.o(i.DrawFont_GBK32B), (60 bytes).
    Removing gbk_libdrive.o(i.GBK_LibFont_Test), (588 bytes).
    Removing gbk_libdrive.o(i.GBK_Show_StrMid), (108 bytes).
    Removing dis_picture.o(i.Show_Picture), (156 bytes).
    Removing lcd.o(i.Color_Test), (252 bytes).
    Removing lcd.o(i.Demo_Menu), (192 bytes).
    Removing lcd.o(i.DisplayButtonDown), (118 bytes).
    Removing lcd.o(i.DisplayButtonUp), (126 bytes).
    Removing lcd.o(i.Draw_Test), (172 bytes).
    Removing lcd.o(i.Font_Test), (212 bytes).
    Removing lcd.o(i.LCD_Color_Fill), (68 bytes).
    Removing lcd.o(i.LCD_DisplayOff), (6 bytes).
    Removing lcd.o(i.LCD_DisplayOn), (6 bytes).
    Removing lcd.o(i.LCD_DrawLine), (156 bytes).
    Removing lcd.o(i.LCD_DrawPoint), (28 bytes).
    Removing lcd.o(i.LCD_DrawRectangle), (68 bytes).
    Removing lcd.o(i.LCD_Draw_Circle), (196 bytes).
    Removing lcd.o(i.LCD_Fill), (68 bytes).
    Removing lcd.o(i.LCD_HardwareRest), (44 bytes).
    Removing lcd.o(i.LCD_Pow), (16 bytes).
    Removing lcd.o(i.LCD_ShowNum), (114 bytes).
    Removing lcd.o(i.LCD_ShowString), (88 bytes).
    Removing lcd.o(i.LCD_ShowxNum), (138 bytes).
    Removing lcd.o(i.LCD_WriteRAM), (4 bytes).
    Removing lcd.o(i.SPI2_Init), (160 bytes).
    Removing lcd.o(i.SPI2_ReadWriteByte), (52 bytes).
    Removing lcd.o(.conststring), (65 bytes).
    Removing lcd.o(.data), (2 bytes).
    Removing lcd.o(.data), (2 bytes).
    Removing picture.o(.constdata), (32768 bytes).
    Removing text.o(i.Draw_Font24B), (48 bytes).

503 unused section(s) (total 50685 bytes) removed from the image.

==============================================================================

Image Symbol Table

    Local Symbols

    Symbol Name                              Value     Ov Type        Size  Object(Section)

    ../clib/angel/boardlib.s                 0x00000000   Number         0  boardinit1.o ABSOLUTE
    ../clib/angel/boardlib.s                 0x00000000   Number         0  boardinit3.o ABSOLUTE
    ../clib/angel/boardlib.s                 0x00000000   Number         0  boardinit2.o ABSOLUTE
    ../clib/angel/boardlib.s                 0x00000000   Number         0  boardshut.o ABSOLUTE
    ../clib/angel/handlers.s                 0x00000000   Number         0  __scatter_copy.o ABSOLUTE
    ../clib/angel/handlers.s                 0x00000000   Number         0  __scatter_zi.o ABSOLUTE
    ../clib/angel/kernel.s                   0x00000000   Number         0  rtexit2.o ABSOLUTE
    ../clib/angel/kernel.s                   0x00000000   Number         0  __rtentry4.o ABSOLUTE
    ../clib/angel/kernel.s                   0x00000000   Number         0  rtexit.o ABSOLUTE
    ../clib/angel/kernel.s                   0x00000000   Number         0  __rtentry2.o ABSOLUTE
    ../clib/angel/kernel.s                   0x00000000   Number         0  __rtentry.o ABSOLUTE
    ../clib/angel/rt.s                       0x00000000   Number         0  rt_raise.o ABSOLUTE
    ../clib/angel/scatter.s                  0x00000000   Number         0  __scatter.o ABSOLUTE
    ../clib/angel/startup.s                  0x00000000   Number         0  __main.o ABSOLUTE
    ../clib/angel/sys.s                      0x00000000   Number         0  indicate_semi.o ABSOLUTE
    ../clib/angel/sys.s                      0x00000000   Number         0  use_no_semi_2.o ABSOLUTE
    ../clib/angel/sys.s                      0x00000000   Number         0  use_no_semi.o ABSOLUTE
    ../clib/angel/sys.s                      0x00000000   Number         0  sys_stackheap_outer.o ABSOLUTE
    ../clib/angel/sys.s                      0x00000000   Number         0  libspace.o ABSOLUTE
    ../clib/angel/sysapp.c                   0x00000000   Number         0  sys_command.o ABSOLUTE
    ../clib/angel/sysapp.c                   0x00000000   Number         0  sys_wrch.o ABSOLUTE
    ../clib/armsys.c                         0x00000000   Number         0  argv_veneer.o ABSOLUTE
    ../clib/armsys.c                         0x00000000   Number         0  no_argv.o ABSOLUTE
    ../clib/armsys.c                         0x00000000   Number         0  _get_argv_nomalloc.o ABSOLUTE
    ../clib/armsys.c                         0x00000000   Number         0  argv_veneer.o ABSOLUTE
    ../clib/heapalloc.c                      0x00000000   Number         0  hrguard.o ABSOLUTE
    ../clib/heapaux.c                        0x00000000   Number         0  heapauxi.o ABSOLUTE
    ../clib/libinit.s                        0x00000000   Number         0  libinit.o ABSOLUTE
    ../clib/libinit.s                        0x00000000   Number         0  libinit2.o ABSOLUTE
    ../clib/libinit.s                        0x00000000   Number         0  libshutdown.o ABSOLUTE
    ../clib/libinit.s                        0x00000000   Number         0  libshutdown2.o ABSOLUTE
    ../clib/signal.c                         0x00000000   Number         0  defsig_cppl_inner.o ABSOLUTE
    ../clib/signal.c                         0x00000000   Number         0  defsig_segv_inner.o ABSOLUTE
    ../clib/signal.c                         0x00000000   Number         0  defsig_other.o ABSOLUTE
    ../clib/signal.c                         0x00000000   Number         0  defsig_rtmem_outer.o ABSOLUTE
    ../clib/signal.c                         0x00000000   Number         0  defsig_rtmem_formal.o ABSOLUTE
    ../clib/signal.c                         0x00000000   Number         0  defsig_exit.o ABSOLUTE
    ../clib/signal.c                         0x00000000   Number         0  defsig_rtmem_inner.o ABSOLUTE
    ../clib/signal.c                         0x00000000   Number         0  __raise.o ABSOLUTE
    ../clib/signal.c                         0x00000000   Number         0  defsig_general.o ABSOLUTE
    ../clib/signal.c                         0x00000000   Number         0  defsig_abrt_inner.o ABSOLUTE
    ../clib/signal.c                         0x00000000   Number         0  defsig_fpe_inner.o ABSOLUTE
    ../clib/signal.c                         0x00000000   Number         0  defsig_rtred_inner.o ABSOLUTE
    ../clib/signal.c                         0x00000000   Number         0  defsig_stak_inner.o ABSOLUTE
    ../clib/signal.c                         0x00000000   Number         0  defsig_pvfn_inner.o ABSOLUTE
    ../clib/signal.s                         0x00000000   Number         0  defsig.o ABSOLUTE
    ../clib/stdlib.c                         0x00000000   Number         0  exit.o ABSOLUTE
    ../clib/string.c                         0x00000000   Number         0  strlen.o ABSOLUTE
    ../fplib/fpinit.s                        0x00000000   Number         0  fpinit.o ABSOLUTE
    ..\CORE\core_cm3.c                       0x00000000   Number         0  core_cm3.o ABSOLUTE
    ..\CORE\startup_stm32f10x_md.s           0x00000000   Number         0  startup_stm32f10x_md.o ABSOLUTE
    ..\HARDWARE\24Cxx\24Cxx.c                0x00000000   Number         0  24cxx.o ABSOLUTE
    ..\HARDWARE\EXTI\exti.c                  0x00000000   Number         0  exti.o ABSOLUTE
    ..\HARDWARE\GBK_LibDrive\GBK_LibDrive.c  0x00000000   Number         0  gbk_libdrive.o ABSOLUTE
    ..\HARDWARE\IIC\24Cxx_IIC.c              0x00000000   Number         0  24cxx_iic.o ABSOLUTE
    ..\HARDWARE\IWDG\IWDG.c                  0x00000000   Number         0  iwdg.o ABSOLUTE
    ..\HARDWARE\KEY\key.c                    0x00000000   Number         0  key.o ABSOLUTE
    ..\HARDWARE\LCD\Dis_Picture.c            0x00000000   Number         0  dis_picture.o ABSOLUTE
    ..\HARDWARE\LCD\FONT.c                   0x00000000   Number         0  font.o ABSOLUTE
    ..\HARDWARE\LCD\Picture.c                0x00000000   Number         0  picture.o ABSOLUTE
    ..\HARDWARE\LCD\Text.c                   0x00000000   Number         0  text.o ABSOLUTE
    ..\HARDWARE\LCD\lcd.c                    0x00000000   Number         0  lcd.o ABSOLUTE
    ..\HARDWARE\LED\led.c                    0x00000000   Number         0  led.o ABSOLUTE
    ..\STM32F10x_FWLib\src\misc.c            0x00000000   Number         0  misc.o ABSOLUTE
    ..\STM32F10x_FWLib\src\stm32f10x_adc.c   0x00000000   Number         0  stm32f10x_adc.o ABSOLUTE
    ..\STM32F10x_FWLib\src\stm32f10x_bkp.c   0x00000000   Number         0  stm32f10x_bkp.o ABSOLUTE
    ..\STM32F10x_FWLib\src\stm32f10x_can.c   0x00000000   Number         0  stm32f10x_can.o ABSOLUTE
    ..\STM32F10x_FWLib\src\stm32f10x_cec.c   0x00000000   Number         0  stm32f10x_cec.o ABSOLUTE
    ..\STM32F10x_FWLib\src\stm32f10x_crc.c   0x00000000   Number         0  stm32f10x_crc.o ABSOLUTE
    ..\STM32F10x_FWLib\src\stm32f10x_dac.c   0x00000000   Number         0  stm32f10x_dac.o ABSOLUTE
    ..\STM32F10x_FWLib\src\stm32f10x_dbgmcu.c 0x00000000   Number         0  stm32f10x_dbgmcu.o ABSOLUTE
    ..\STM32F10x_FWLib\src\stm32f10x_dma.c   0x00000000   Number         0  stm32f10x_dma.o ABSOLUTE
    ..\STM32F10x_FWLib\src\stm32f10x_exti.c  0x00000000   Number         0  stm32f10x_exti.o ABSOLUTE
    ..\STM32F10x_FWLib\src\stm32f10x_flash.c 0x00000000   Number         0  stm32f10x_flash.o ABSOLUTE
    ..\STM32F10x_FWLib\src\stm32f10x_fsmc.c  0x00000000   Number         0  stm32f10x_fsmc.o ABSOLUTE
    ..\STM32F10x_FWLib\src\stm32f10x_gpio.c  0x00000000   Number         0  stm32f10x_gpio.o ABSOLUTE
    ..\STM32F10x_FWLib\src\stm32f10x_i2c.c   0x00000000   Number         0  stm32f10x_i2c.o ABSOLUTE
    ..\STM32F10x_FWLib\src\stm32f10x_iwdg.c  0x00000000   Number         0  stm32f10x_iwdg.o ABSOLUTE
    ..\STM32F10x_FWLib\src\stm32f10x_pwr.c   0x00000000   Number         0  stm32f10x_pwr.o ABSOLUTE
    ..\STM32F10x_FWLib\src\stm32f10x_rcc.c   0x00000000   Number         0  stm32f10x_rcc.o ABSOLUTE
    ..\STM32F10x_FWLib\src\stm32f10x_rtc.c   0x00000000   Number         0  stm32f10x_rtc.o ABSOLUTE
    ..\STM32F10x_FWLib\src\stm32f10x_sdio.c  0x00000000   Number         0  stm32f10x_sdio.o ABSOLUTE
    ..\STM32F10x_FWLib\src\stm32f10x_spi.c   0x00000000   Number         0  stm32f10x_spi.o ABSOLUTE
    ..\STM32F10x_FWLib\src\stm32f10x_tim.c   0x00000000   Number         0  stm32f10x_tim.o ABSOLUTE
    ..\STM32F10x_FWLib\src\stm32f10x_usart.c 0x00000000   Number         0  stm32f10x_usart.o ABSOLUTE
    ..\STM32F10x_FWLib\src\stm32f10x_wwdg.c  0x00000000   Number         0  stm32f10x_wwdg.o ABSOLUTE
    ..\SYSTEM\delay\delay.c                  0x00000000   Number         0  delay.o ABSOLUTE
    ..\SYSTEM\sys\sys.c                      0x00000000   Number         0  sys.o ABSOLUTE
    ..\SYSTEM\usart\usart.c                  0x00000000   Number         0  usart.o ABSOLUTE
    ..\\CORE\\core_cm3.c                     0x00000000   Number         0  core_cm3.o ABSOLUTE
    ..\\SYSTEM\\sys\\sys.c                   0x00000000   Number         0  sys.o ABSOLUTE
    dc.s                                     0x00000000   Number         0  dc.o ABSOLUTE
    main.c                                   0x00000000   Number         0  main.o ABSOLUTE
    stm32f10x_it.c                           0x00000000   Number         0  stm32f10x_it.o ABSOLUTE
    system_stm32f10x.c                       0x00000000   Number         0  system_stm32f10x.o ABSOLUTE
    RESET                                    0x08000000   Section      236  startup_stm32f10x_md.o(RESET)
    !!!main                                  0x080000ec   Section        8  __main.o(!!!main)
    !!!scatter                               0x080000f4   Section       52  __scatter.o(!!!scatter)
    !!handler_copy                           0x08000128   Section       26  __scatter_copy.o(!!handler_copy)
    !!handler_zi                             0x08000144   Section       28  __scatter_zi.o(!!handler_zi)
    .ARM.Collect$$libinit$$00000000          0x08000160   Section        2  libinit.o(.ARM.Collect$$libinit$$00000000)
    .ARM.Collect$$libinit$$00000002          0x08000162   Section        0  libinit2.o(.ARM.Collect$$libinit$$00000002)
    .ARM.Collect$$libinit$$00000004          0x08000162   Section        0  libinit2.o(.ARM.Collect$$libinit$$00000004)
    .ARM.Collect$$libinit$$0000000A          0x08000162   Section        0  libinit2.o(.ARM.Collect$$libinit$$0000000A)
    .ARM.Collect$$libinit$$0000000C          0x08000162   Section        0  libinit2.o(.ARM.Collect$$libinit$$0000000C)
    .ARM.Collect$$libinit$$0000000E          0x08000162   Section        0  libinit2.o(.ARM.Collect$$libinit$$0000000E)
    .ARM.Collect$$libinit$$00000011          0x08000162   Section        0  libinit2.o(.ARM.Collect$$libinit$$00000011)
    .ARM.Collect$$libinit$$00000013          0x08000162   Section        0  libinit2.o(.ARM.Collect$$libinit$$00000013)
    .ARM.Collect$$libinit$$00000015          0x08000162   Section        0  libinit2.o(.ARM.Collect$$libinit$$00000015)
    .ARM.Collect$$libinit$$00000017          0x08000162   Section        0  libinit2.o(.ARM.Collect$$libinit$$00000017)
    .ARM.Collect$$libinit$$00000019          0x08000162   Section        0  libinit2.o(.ARM.Collect$$libinit$$00000019)
    .ARM.Collect$$libinit$$0000001B          0x08000162   Section        0  libinit2.o(.ARM.Collect$$libinit$$0000001B)
    .ARM.Collect$$libinit$$0000001D          0x08000162   Section        0  libinit2.o(.ARM.Collect$$libinit$$0000001D)
    .ARM.Collect$$libinit$$0000001F          0x08000162   Section        0  libinit2.o(.ARM.Collect$$libinit$$0000001F)
    .ARM.Collect$$libinit$$00000021          0x08000162   Section        0  libinit2.o(.ARM.Collect$$libinit$$00000021)
    .ARM.Collect$$libinit$$00000023          0x08000162   Section        0  libinit2.o(.ARM.Collect$$libinit$$00000023)
    .ARM.Collect$$libinit$$00000025          0x08000162   Section        0  libinit2.o(.ARM.Collect$$libinit$$00000025)
    .ARM.Collect$$libinit$$0000002C          0x08000162   Section        0  libinit2.o(.ARM.Collect$$libinit$$0000002C)
    .ARM.Collect$$libinit$$0000002E          0x08000162   Section        0  libinit2.o(.ARM.Collect$$libinit$$0000002E)
    .ARM.Collect$$libinit$$00000030          0x08000162   Section        0  libinit2.o(.ARM.Collect$$libinit$$00000030)
    .ARM.Collect$$libinit$$00000032          0x08000162   Section        0  libinit2.o(.ARM.Collect$$libinit$$00000032)
    .ARM.Collect$$libinit$$00000033          0x08000162   Section        2  libinit2.o(.ARM.Collect$$libinit$$00000033)
    .ARM.Collect$$libshutdown$$00000000      0x08000164   Section        2  libshutdown.o(.ARM.Collect$$libshutdown$$00000000)
    .ARM.Collect$$libshutdown$$00000002      0x08000166   Section        0  libshutdown2.o(.ARM.Collect$$libshutdown$$00000002)
    .ARM.Collect$$libshutdown$$00000004      0x08000166   Section        0  libshutdown2.o(.ARM.Collect$$libshutdown$$00000004)
    .ARM.Collect$$libshutdown$$00000007      0x08000166   Section        0  libshutdown2.o(.ARM.Collect$$libshutdown$$00000007)
    .ARM.Collect$$libshutdown$$0000000A      0x08000166   Section        0  libshutdown2.o(.ARM.Collect$$libshutdown$$0000000A)
    .ARM.Collect$$libshutdown$$0000000C      0x08000166   Section        0  libshutdown2.o(.ARM.Collect$$libshutdown$$0000000C)
    .ARM.Collect$$libshutdown$$0000000F      0x08000166   Section        0  libshutdown2.o(.ARM.Collect$$libshutdown$$0000000F)
    .ARM.Collect$$libshutdown$$00000010      0x08000166   Section        2  libshutdown2.o(.ARM.Collect$$libshutdown$$00000010)
    .ARM.Collect$$rtentry$$00000000          0x08000168   Section        0  __rtentry.o(.ARM.Collect$$rtentry$$00000000)
    .ARM.Collect$$rtentry$$00000002          0x08000168   Section        0  __rtentry2.o(.ARM.Collect$$rtentry$$00000002)
    .ARM.Collect$$rtentry$$00000004          0x08000168   Section        6  __rtentry4.o(.ARM.Collect$$rtentry$$00000004)
    .ARM.Collect$$rtentry$$00000009          0x0800016e   Section        0  __rtentry2.o(.ARM.Collect$$rtentry$$00000009)
    .ARM.Collect$$rtentry$$0000000A          0x0800016e   Section        4  __rtentry2.o(.ARM.Collect$$rtentry$$0000000A)
    .ARM.Collect$$rtentry$$0000000C          0x08000172   Section        0  __rtentry2.o(.ARM.Collect$$rtentry$$0000000C)
    .ARM.Collect$$rtentry$$0000000D          0x08000172   Section        8  __rtentry2.o(.ARM.Collect$$rtentry$$0000000D)
    .ARM.Collect$$rtexit$$00000000           0x0800017a   Section        2  rtexit.o(.ARM.Collect$$rtexit$$00000000)
    .ARM.Collect$$rtexit$$00000002           0x0800017c   Section        0  rtexit2.o(.ARM.Collect$$rtexit$$00000002)
    .ARM.Collect$$rtexit$$00000003           0x0800017c   Section        4  rtexit2.o(.ARM.Collect$$rtexit$$00000003)
    .ARM.Collect$$rtexit$$00000004           0x08000180   Section        6  rtexit2.o(.ARM.Collect$$rtexit$$00000004)
    .text                                    0x08000188   Section       64  startup_stm32f10x_md.o(.text)
    .text                                    0x080001c8   Section        2  use_no_semi_2.o(.text)
    .text                                    0x080001ca   Section        0  heapauxi.o(.text)
    .text                                    0x080001d0   Section        2  use_no_semi.o(.text)
    .text                                    0x080001d2   Section       74  sys_stackheap_outer.o(.text)
    .text                                    0x0800021c   Section        0  exit.o(.text)
    .text                                    0x08000230   Section        8  libspace.o(.text)
    i.AT24CXX_Check                          0x08000238   Section        0  24cxx.o(i.AT24CXX_Check)
    i.AT24CXX_Init                           0x0800025e   Section        0  24cxx.o(i.AT24CXX_Init)
    i.AT24CXX_ReadOneByte                    0x08000262   Section        0  24cxx.o(i.AT24CXX_ReadOneByte)
    i.AT24CXX_WriteOneByte                   0x080002a4   Section        0  24cxx.o(i.AT24CXX_WriteOneByte)
    i.BusFault_Handler                       0x080002e2   Section        0  stm32f10x_it.o(i.BusFault_Handler)
    i.Copy_HZK16                             0x080002e4   Section        0  text.o(i.Copy_HZK16)
    i.Copy_HZK24                             0x08000324   Section        0  text.o(i.Copy_HZK24)
    i.Copy_Mem                               0x08000368   Section        0  text.o(i.Copy_Mem)
    i.DebugMon_Handler                       0x08000380   Section        0  stm32f10x_it.o(i.DebugMon_Handler)
    i.DrawFont_GBK16B                        0x08000384   Section        0  gbk_libdrive.o(i.DrawFont_GBK16B)
    i.Draw_Font16B                           0x080003c0   Section        0  text.o(i.Draw_Font16B)
    i.EXTI0_IRQHandler                       0x080003f0   Section        0  exti.o(i.EXTI0_IRQHandler)
    i.EXTI1_IRQHandler                       0x08000434   Section        0  exti.o(i.EXTI1_IRQHandler)
    i.EXTI2_IRQHandler                       0x0800046c   Section        0  exti.o(i.EXTI2_IRQHandler)
    i.EXTI3_IRQHandler                       0x080004a4   Section        0  exti.o(i.EXTI3_IRQHandler)
    i.EXTIX_GPIO_Config                      0x080004dc   Section        0  exti.o(i.EXTIX_GPIO_Config)
    i.EXTIX_Init                             0x08000500   Section        0  exti.o(i.EXTIX_Init)
    i.EXTI_ClearITPendingBit                 0x080005d0   Section        0  stm32f10x_exti.o(i.EXTI_ClearITPendingBit)
    i.EXTI_Init                              0x080005dc   Section        0  stm32f10x_exti.o(i.EXTI_Init)
    i.FontLib_Read                           0x0800064c   Section        0  gbk_libdrive.o(i.FontLib_Read)
    i.GBK_GetASC_Point                       0x080006b4   Section        0  gbk_libdrive.o(i.GBK_GetASC_Point)
    i.GBK_Lib_GetHz                          0x08000718   Section        0  gbk_libdrive.o(i.GBK_Lib_GetHz)
    i.GBK_Lib_Init                           0x0800079c   Section        0  gbk_libdrive.o(i.GBK_Lib_Init)
    i.GBK_ReadID                             0x080007a0   Section        0  gbk_libdrive.o(i.GBK_ReadID)
    i.GBK_ShowASCII                          0x08000824   Section        0  gbk_libdrive.o(i.GBK_ShowASCII)
    i.GBK_Show_Font                          0x080008c8   Section        0  gbk_libdrive.o(i.GBK_Show_Font)
    i.GBK_Show_Str                           0x08000960   Section        0  gbk_libdrive.o(i.GBK_Show_Str)
    i.GBK_delay                              0x080009fe   Section        0  gbk_libdrive.o(i.GBK_delay)
    i.GPIO_EXTILineConfig                    0x08000a18   Section        0  stm32f10x_gpio.o(i.GPIO_EXTILineConfig)
    i.GPIO_Init                              0x08000a40   Section        0  stm32f10x_gpio.o(i.GPIO_Init)
    i.GPIO_ReadInputDataBit                  0x08000ae2   Section        0  stm32f10x_gpio.o(i.GPIO_ReadInputDataBit)
    i.GPIO_ResetBits                         0x08000af0   Section        0  stm32f10x_gpio.o(i.GPIO_ResetBits)
    i.GPIO_SetBits                           0x08000af4   Section        0  stm32f10x_gpio.o(i.GPIO_SetBits)
    i.Get_HzMat                              0x08000af8   Section        0  text.o(i.Get_HzMat)
    i.HardFault_Handler                      0x08000b4a   Section        0  stm32f10x_it.o(i.HardFault_Handler)
    i.IIC_Ack                                0x08000b4c   Section        0  24cxx_iic.o(i.IIC_Ack)
    i.IIC_Init                               0x08000b78   Section        0  24cxx_iic.o(i.IIC_Init)
    i.IIC_NAck                               0x08000bac   Section        0  24cxx_iic.o(i.IIC_NAck)
    i.IIC_Read_Byte                          0x08000bd8   Section        0  24cxx_iic.o(i.IIC_Read_Byte)
    i.IIC_Send_Byte                          0x08000c34   Section        0  24cxx_iic.o(i.IIC_Send_Byte)
    i.IIC_Start                              0x08000c88   Section        0  24cxx_iic.o(i.IIC_Start)
    i.IIC_Stop                               0x08000cb8   Section        0  24cxx_iic.o(i.IIC_Stop)
    i.IIC_Wait_Ack                           0x08000ce8   Section        0  24cxx_iic.o(i.IIC_Wait_Ack)
    i.IO_SPI_ReadWriteByte                   0x08000d2c   Section        0  lcd.o(i.IO_SPI_ReadWriteByte)
    i.IWDG_Enable                            0x08000d90   Section        0  stm32f10x_iwdg.o(i.IWDG_Enable)
    i.IWDG_Feed                              0x08000da0   Section        0  iwdg.o(i.IWDG_Feed)
    i.IWDG_Init                              0x08000da4   Section        0  iwdg.o(i.IWDG_Init)
    i.IWDG_ReloadCounter                     0x08000dcc   Section        0  stm32f10x_iwdg.o(i.IWDG_ReloadCounter)
    i.IWDG_SetPrescaler                      0x08000ddc   Section        0  stm32f10x_iwdg.o(i.IWDG_SetPrescaler)
    i.IWDG_SetReload                         0x08000de8   Section        0  stm32f10x_iwdg.o(i.IWDG_SetReload)
    i.IWDG_WriteAccessCmd                    0x08000df4   Section        0  stm32f10x_iwdg.o(i.IWDG_WriteAccessCmd)
    i.Key_GPIO_Config                        0x08000e00   Section        0  key.o(i.Key_GPIO_Config)
    i.LCD_Clear                              0x08000e28   Section        0  lcd.o(i.LCD_Clear)
    i.LCD_Display_Dir                        0x08000e68   Section        0  lcd.o(i.LCD_Display_Dir)
    i.LCD_Fast_DrawPoint                     0x08000efc   Section        0  lcd.o(i.LCD_Fast_DrawPoint)
    i.LCD_GPIO_Init                          0x08000f1c   Section        0  lcd.o(i.LCD_GPIO_Init)
    i.LCD_Init                               0x08000f88   Section        0  lcd.o(i.LCD_Init)
    i.LCD_SetCursor                          0x080011c8   Section        0  lcd.o(i.LCD_SetCursor)
    i.LCD_Set_Window                         0x08001214   Section        0  lcd.o(i.LCD_Set_Window)
    i.LCD_ShowChar                           0x08001298   Section        0  lcd.o(i.LCD_ShowChar)
    i.LCD_SoftRest                           0x08001368   Section        0  lcd.o(i.LCD_SoftRest)
    i.LCD_WR_DATA16                          0x0800137c   Section        0  lcd.o(i.LCD_WR_DATA16)
    i.LCD_WR_DATA8                           0x080013b4   Section        0  lcd.o(i.LCD_WR_DATA8)
    i.LCD_WR_REG                             0x080013e4   Section        0  lcd.o(i.LCD_WR_REG)
    i.LCD_WriteRAM_Prepare                   0x08001414   Section        0  lcd.o(i.LCD_WriteRAM_Prepare)
    i.LCD_WriteReg                           0x08001420   Section        0  lcd.o(i.LCD_WriteReg)
    i.LED_GPIO_Config                        0x08001434   Section        0  led.o(i.LED_GPIO_Config)
    i.MemManage_Handler                      0x0800146c   Section        0  stm32f10x_it.o(i.MemManage_Handler)
    i.NMI_Handler                            0x0800146e   Section        0  stm32f10x_it.o(i.NMI_Handler)
    i.NVIC_Init                              0x08001470   Section        0  misc.o(i.NVIC_Init)
    i.PendSV_Handler                         0x080014d4   Section        0  stm32f10x_it.o(i.PendSV_Handler)
    i.RCC_APB2PeriphClockCmd                 0x080014d8   Section        0  stm32f10x_rcc.o(i.RCC_APB2PeriphClockCmd)
    i.RCC_GetClocksFreq                      0x080014f0   Section        0  stm32f10x_rcc.o(i.RCC_GetClocksFreq)
    i.SDA_IN                                 0x08001580   Section        0  24cxx_iic.o(i.SDA_IN)
    i.SDA_OUT                                0x080015a4   Section        0  24cxx_iic.o(i.SDA_OUT)
    i.SVC_Handler                            0x080015c8   Section        0  stm32f10x_it.o(i.SVC_Handler)
    i.SetSysClockTo72                        0x080015cc   Section        0  system_stm32f10x.o(i.SetSysClockTo72)
    SetSysClockTo72                          0x080015cd   Thumb Code   160  system_stm32f10x.o(i.SetSysClockTo72)
    i.Show_Font                              0x08001674   Section        0  text.o(i.Show_Font)
    i.Show_Str                               0x08001708   Section        0  text.o(i.Show_Str)
    i.SysTick_CLKSourceConfig                0x080017a2   Section        0  misc.o(i.SysTick_CLKSourceConfig)
    i.SysTick_Handler                        0x080017ba   Section        0  stm32f10x_it.o(i.SysTick_Handler)
    i.SystemInit                             0x080017bc   Section        0  system_stm32f10x.o(i.SystemInit)
    i.USART1_IRQHandler                      0x0800180c   Section        0  usart.o(i.USART1_IRQHandler)
    i.USART_Cmd                              0x08001870   Section        0  stm32f10x_usart.o(i.USART_Cmd)
    i.USART_GetITStatus                      0x08001884   Section        0  stm32f10x_usart.o(i.USART_GetITStatus)
    i.USART_ITConfig                         0x080018c2   Section        0  stm32f10x_usart.o(i.USART_ITConfig)
    i.USART_Init                             0x080018f4   Section        0  stm32f10x_usart.o(i.USART_Init)
    i.USART_ReceiveData                      0x080019a0   Section        0  stm32f10x_usart.o(i.USART_ReceiveData)
    i.UsageFault_Handler                     0x080019a8   Section        0  stm32f10x_it.o(i.UsageFault_Handler)
    i._sys_exit                              0x080019aa   Section        0  usart.o(i._sys_exit)
    i.delay_init                             0x080019ac   Section        0  delay.o(i.delay_init)
    i.delay_ms                               0x080019e4   Section        0  delay.o(i.delay_ms)
    i.delay_us                               0x08001a18   Section        0  delay.o(i.delay_us)
    i.main                                   0x08001a4c   Section        0  main.o(i.main)
    i.uart_init                              0x08001be4   Section        0  usart.o(i.uart_init)
    .constdata                               0x08001c84   Section     1140  font.o(.constdata)
    .constdata                               0x080020f8   Section     1520  font.o(.constdata)
    .constdata                               0x080026e8   Section     3420  font.o(.constdata)
    .constdata                               0x08003444   Section     2006  font.o(.constdata)
    .constdata                               0x08003c1a   Section      740  font.o(.constdata)
    .data                                    0x20000000   Section        4  main.o(.data)
    .data                                    0x20000004   Section       20  system_stm32f10x.o(.data)
    .data                                    0x20000018   Section        4  delay.o(.data)
    fac_us                                   0x20000018   Data           2  delay.o(.data)
    fac_ms                                   0x2000001a   Data           2  delay.o(.data)
    .data                                    0x2000001c   Section        2  usart.o(.data)
    .data                                    0x2000001e   Section       20  stm32f10x_rcc.o(.data)
    ADCPrescTable                            0x2000001e   Data           4  stm32f10x_rcc.o(.data)
    APBAHBPrescTable                         0x20000022   Data          16  stm32f10x_rcc.o(.data)
    .data                                    0x20000032   Section        6  lcd.o(.data)
    .bss                                     0x20000038   Section      200  usart.o(.bss)
    .bss                                     0x20000100   Section       14  lcd.o(.bss)
    .bss                                     0x20000110   Section       96  libspace.o(.bss)
    HEAP                                     0x20000170   Section      512  startup_stm32f10x_md.o(HEAP)
    Heap_Mem                                 0x20000170   Data         512  startup_stm32f10x_md.o(HEAP)
    STACK                                    0x20000370   Section     1024  startup_stm32f10x_md.o(STACK)
    Stack_Mem                                0x20000370   Data        1024  startup_stm32f10x_md.o(STACK)
    __initial_sp                             0x20000770   Data           0  startup_stm32f10x_md.o(STACK)

    Global Symbols

    Symbol Name                              Value     Ov Type        Size  Object(Section)

    BuildAttributes$$THM_ISAv4$P$D$K$B$S$PE$A:L22UL41UL21$X:L11$S22US41US21$IEEE1$IW$USESV6$~STKCKD$USESV7$~SHL$OSPACE$ROPI$EBA8$UX$STANDARDLIB$REQ8$PRES8$EABIv2 0x00000000   Number         0  anon$$obj.o ABSOLUTE
    __ARM_use_no_argv                        0x00000000   Number         0  main.o ABSOLUTE
    __ARM_exceptions_init                     - Undefined Weak Reference
    __alloca_initialize                       - Undefined Weak Reference
    __arm_preinit_                            - Undefined Weak Reference
    __cpp_initialize__aeabi_                  - Undefined Weak Reference
    __cxa_finalize                            - Undefined Weak Reference
    __rt_locale                               - Undefined Weak Reference
    __sigvec_lookup                           - Undefined Weak Reference
    _atexit_init                              - Undefined Weak Reference
    _call_atexit_fns                          - Undefined Weak Reference
    _clock_init                               - Undefined Weak Reference
    _fp_trap_init                             - Undefined Weak Reference
    _fp_trap_shutdown                         - Undefined Weak Reference
    _get_lc_collate                           - Undefined Weak Reference
    _get_lc_ctype                             - Undefined Weak Reference
    _get_lc_monetary                          - Undefined Weak Reference
    _get_lc_numeric                           - Undefined Weak Reference
    _get_lc_time                              - Undefined Weak Reference
    _getenv_init                              - Undefined Weak Reference
    _handle_redirection                       - Undefined Weak Reference
    _init_alloc                               - Undefined Weak Reference
    _init_user_alloc                          - Undefined Weak Reference
    _initio                                   - Undefined Weak Reference
    _rand_init                                - Undefined Weak Reference
    _signal_finish                            - Undefined Weak Reference
    _signal_init                              - Undefined Weak Reference
    _terminate_alloc                          - Undefined Weak Reference
    _terminate_user_alloc                     - Undefined Weak Reference
    _terminateio                              - Undefined Weak Reference
    __Vectors_Size                           0x000000ec   Number         0  startup_stm32f10x_md.o ABSOLUTE
    __Vectors                                0x08000000   Data           4  startup_stm32f10x_md.o(RESET)
    __Vectors_End                            0x080000ec   Data           0  startup_stm32f10x_md.o(RESET)
    __main                                   0x080000ed   Thumb Code     8  __main.o(!!!main)
    __scatterload                            0x080000f5   Thumb Code     0  __scatter.o(!!!scatter)
    __scatterload_rt2                        0x080000f5   Thumb Code    44  __scatter.o(!!!scatter)
    __scatterload_rt2_thumb_only             0x080000f5   Thumb Code     0  __scatter.o(!!!scatter)
    __scatterload_null                       0x08000103   Thumb Code     0  __scatter.o(!!!scatter)
    __scatterload_copy                       0x08000129   Thumb Code    26  __scatter_copy.o(!!handler_copy)
    __scatterload_zeroinit                   0x08000145   Thumb Code    28  __scatter_zi.o(!!handler_zi)
    __rt_lib_init                            0x08000161   Thumb Code     0  libinit.o(.ARM.Collect$$libinit$$00000000)
    __rt_lib_init_alloca_1                   0x08000163   Thumb Code     0  libinit2.o(.ARM.Collect$$libinit$$0000002E)
    __rt_lib_init_argv_1                     0x08000163   Thumb Code     0  libinit2.o(.ARM.Collect$$libinit$$0000002C)
    __rt_lib_init_atexit_1                   0x08000163   Thumb Code     0  libinit2.o(.ARM.Collect$$libinit$$0000001B)
    __rt_lib_init_clock_1                    0x08000163   Thumb Code     0  libinit2.o(.ARM.Collect$$libinit$$00000021)
    __rt_lib_init_cpp_1                      0x08000163   Thumb Code     0  libinit2.o(.ARM.Collect$$libinit$$00000032)
    __rt_lib_init_exceptions_1               0x08000163   Thumb Code     0  libinit2.o(.ARM.Collect$$libinit$$00000030)
    __rt_lib_init_fp_1                       0x08000163   Thumb Code     0  libinit2.o(.ARM.Collect$$libinit$$00000002)
    __rt_lib_init_fp_trap_1                  0x08000163   Thumb Code     0  libinit2.o(.ARM.Collect$$libinit$$0000001F)
    __rt_lib_init_getenv_1                   0x08000163   Thumb Code     0  libinit2.o(.ARM.Collect$$libinit$$00000023)
    __rt_lib_init_heap_1                     0x08000163   Thumb Code     0  libinit2.o(.ARM.Collect$$libinit$$0000000A)
    __rt_lib_init_lc_collate_1               0x08000163   Thumb Code     0  libinit2.o(.ARM.Collect$$libinit$$00000011)
    __rt_lib_init_lc_ctype_1                 0x08000163   Thumb Code     0  libinit2.o(.ARM.Collect$$libinit$$00000013)
    __rt_lib_init_lc_monetary_1              0x08000163   Thumb Code     0  libinit2.o(.ARM.Collect$$libinit$$00000015)
    __rt_lib_init_lc_numeric_1               0x08000163   Thumb Code     0  libinit2.o(.ARM.Collect$$libinit$$00000017)
    __rt_lib_init_lc_time_1                  0x08000163   Thumb Code     0  libinit2.o(.ARM.Collect$$libinit$$00000019)
    __rt_lib_init_preinit_1                  0x08000163   Thumb Code     0  libinit2.o(.ARM.Collect$$libinit$$00000004)
    __rt_lib_init_rand_1                     0x08000163   Thumb Code     0  libinit2.o(.ARM.Collect$$libinit$$0000000E)
    __rt_lib_init_return                     0x08000163   Thumb Code     0  libinit2.o(.ARM.Collect$$libinit$$00000033)
    __rt_lib_init_signal_1                   0x08000163   Thumb Code     0  libinit2.o(.ARM.Collect$$libinit$$0000001D)
    __rt_lib_init_stdio_1                    0x08000163   Thumb Code     0  libinit2.o(.ARM.Collect$$libinit$$00000025)
    __rt_lib_init_user_alloc_1               0x08000163   Thumb Code     0  libinit2.o(.ARM.Collect$$libinit$$0000000C)
    __rt_lib_shutdown                        0x08000165   Thumb Code     0  libshutdown.o(.ARM.Collect$$libshutdown$$00000000)
    __rt_lib_shutdown_cpp_1                  0x08000167   Thumb Code     0  libshutdown2.o(.ARM.Collect$$libshutdown$$00000002)
    __rt_lib_shutdown_fp_trap_1              0x08000167   Thumb Code     0  libshutdown2.o(.ARM.Collect$$libshutdown$$00000007)
    __rt_lib_shutdown_heap_1                 0x08000167   Thumb Code     0  libshutdown2.o(.ARM.Collect$$libshutdown$$0000000F)
    __rt_lib_shutdown_return                 0x08000167   Thumb Code     0  libshutdown2.o(.ARM.Collect$$libshutdown$$00000010)
    __rt_lib_shutdown_signal_1               0x08000167   Thumb Code     0  libshutdown2.o(.ARM.Collect$$libshutdown$$0000000A)
    __rt_lib_shutdown_stdio_1                0x08000167   Thumb Code     0  libshutdown2.o(.ARM.Collect$$libshutdown$$00000004)
    __rt_lib_shutdown_user_alloc_1           0x08000167   Thumb Code     0  libshutdown2.o(.ARM.Collect$$libshutdown$$0000000C)
    __rt_entry                               0x08000169   Thumb Code     0  __rtentry.o(.ARM.Collect$$rtentry$$00000000)
    __rt_entry_presh_1                       0x08000169   Thumb Code     0  __rtentry2.o(.ARM.Collect$$rtentry$$00000002)
    __rt_entry_sh                            0x08000169   Thumb Code     0  __rtentry4.o(.ARM.Collect$$rtentry$$00000004)
    __rt_entry_li                            0x0800016f   Thumb Code     0  __rtentry2.o(.ARM.Collect$$rtentry$$0000000A)
    __rt_entry_postsh_1                      0x0800016f   Thumb Code     0  __rtentry2.o(.ARM.Collect$$rtentry$$00000009)
    __rt_entry_main                          0x08000173   Thumb Code     0  __rtentry2.o(.ARM.Collect$$rtentry$$0000000D)
    __rt_entry_postli_1                      0x08000173   Thumb Code     0  __rtentry2.o(.ARM.Collect$$rtentry$$0000000C)
    __rt_exit                                0x0800017b   Thumb Code     0  rtexit.o(.ARM.Collect$$rtexit$$00000000)
    __rt_exit_ls                             0x0800017d   Thumb Code     0  rtexit2.o(.ARM.Collect$$rtexit$$00000003)
    __rt_exit_prels_1                        0x0800017d   Thumb Code     0  rtexit2.o(.ARM.Collect$$rtexit$$00000002)
    __rt_exit_exit                           0x08000181   Thumb Code     0  rtexit2.o(.ARM.Collect$$rtexit$$00000004)
    Reset_Handler                            0x08000189   Thumb Code     8  startup_stm32f10x_md.o(.text)
    ADC1_2_IRQHandler                        0x080001a3   Thumb Code     0  startup_stm32f10x_md.o(.text)
    CAN1_RX1_IRQHandler                      0x080001a3   Thumb Code     0  startup_stm32f10x_md.o(.text)
    CAN1_SCE_IRQHandler                      0x080001a3   Thumb Code     0  startup_stm32f10x_md.o(.text)
    DMA1_Channel1_IRQHandler                 0x080001a3   Thumb Code     0  startup_stm32f10x_md.o(.text)
    DMA1_Channel2_IRQHandler                 0x080001a3   Thumb Code     0  startup_stm32f10x_md.o(.text)
    DMA1_Channel3_IRQHandler                 0x080001a3   Thumb Code     0  startup_stm32f10x_md.o(.text)
    DMA1_Channel4_IRQHandler                 0x080001a3   Thumb Code     0  startup_stm32f10x_md.o(.text)
    DMA1_Channel5_IRQHandler                 0x080001a3   Thumb Code     0  startup_stm32f10x_md.o(.text)
    DMA1_Channel6_IRQHandler                 0x080001a3   Thumb Code     0  startup_stm32f10x_md.o(.text)
    DMA1_Channel7_IRQHandler                 0x080001a3   Thumb Code     0  startup_stm32f10x_md.o(.text)
    EXTI15_10_IRQHandler                     0x080001a3   Thumb Code     0  startup_stm32f10x_md.o(.text)
    EXTI4_IRQHandler                         0x080001a3   Thumb Code     0  startup_stm32f10x_md.o(.text)
    EXTI9_5_IRQHandler                       0x080001a3   Thumb Code     0  startup_stm32f10x_md.o(.text)
    FLASH_IRQHandler                         0x080001a3   Thumb Code     0  startup_stm32f10x_md.o(.text)
    I2C1_ER_IRQHandler                       0x080001a3   Thumb Code     0  startup_stm32f10x_md.o(.text)
    I2C1_EV_IRQHandler                       0x080001a3   Thumb Code     0  startup_stm32f10x_md.o(.text)
    I2C2_ER_IRQHandler                       0x080001a3   Thumb Code     0  startup_stm32f10x_md.o(.text)
    I2C2_EV_IRQHandler                       0x080001a3   Thumb Code     0  startup_stm32f10x_md.o(.text)
    PVD_IRQHandler                           0x080001a3   Thumb Code     0  startup_stm32f10x_md.o(.text)
    RCC_IRQHandler                           0x080001a3   Thumb Code     0  startup_stm32f10x_md.o(.text)
    RTCAlarm_IRQHandler                      0x080001a3   Thumb Code     0  startup_stm32f10x_md.o(.text)
    RTC_IRQHandler                           0x080001a3   Thumb Code     0  startup_stm32f10x_md.o(.text)
    SPI1_IRQHandler                          0x080001a3   Thumb Code     0  startup_stm32f10x_md.o(.text)
    SPI2_IRQHandler                          0x080001a3   Thumb Code     0  startup_stm32f10x_md.o(.text)
    TAMPER_IRQHandler                        0x080001a3   Thumb Code     0  startup_stm32f10x_md.o(.text)
    TIM1_BRK_IRQHandler                      0x080001a3   Thumb Code     0  startup_stm32f10x_md.o(.text)
    TIM1_CC_IRQHandler                       0x080001a3   Thumb Code     0  startup_stm32f10x_md.o(.text)
    TIM1_TRG_COM_IRQHandler                  0x080001a3   Thumb Code     0  startup_stm32f10x_md.o(.text)
    TIM1_UP_IRQHandler                       0x080001a3   Thumb Code     0  startup_stm32f10x_md.o(.text)
    TIM2_IRQHandler                          0x080001a3   Thumb Code     0  startup_stm32f10x_md.o(.text)
    TIM3_IRQHandler                          0x080001a3   Thumb Code     0  startup_stm32f10x_md.o(.text)
    TIM4_IRQHandler                          0x080001a3   Thumb Code     0  startup_stm32f10x_md.o(.text)
    USART2_IRQHandler                        0x080001a3   Thumb Code     0  startup_stm32f10x_md.o(.text)
    USART3_IRQHandler                        0x080001a3   Thumb Code     0  startup_stm32f10x_md.o(.text)
    USBWakeUp_IRQHandler                     0x080001a3   Thumb Code     0  startup_stm32f10x_md.o(.text)
    USB_HP_CAN1_TX_IRQHandler                0x080001a3   Thumb Code     0  startup_stm32f10x_md.o(.text)
    USB_LP_CAN1_RX0_IRQHandler               0x080001a3   Thumb Code     0  startup_stm32f10x_md.o(.text)
    WWDG_IRQHandler                          0x080001a3   Thumb Code     0  startup_stm32f10x_md.o(.text)
    __user_initial_stackheap                 0x080001a5   Thumb Code     0  startup_stm32f10x_md.o(.text)
    __use_no_semihosting                     0x080001c9   Thumb Code     2  use_no_semi_2.o(.text)
    __use_two_region_memory                  0x080001cb   Thumb Code     2  heapauxi.o(.text)
    __rt_heap_escrow$2region                 0x080001cd   Thumb Code     2  heapauxi.o(.text)
    __rt_heap_expand$2region                 0x080001cf   Thumb Code     2  heapauxi.o(.text)
    __I$use$semihosting                      0x080001d1   Thumb Code     0  use_no_semi.o(.text)
    __use_no_semihosting_swi                 0x080001d1   Thumb Code     2  use_no_semi.o(.text)
    __user_setup_stackheap                   0x080001d3   Thumb Code    74  sys_stackheap_outer.o(.text)
    exit                                     0x0800021d   Thumb Code    18  exit.o(.text)
    __user_libspace                          0x08000231   Thumb Code     8  libspace.o(.text)
    __user_perproc_libspace                  0x08000231   Thumb Code     0  libspace.o(.text)
    __user_perthread_libspace                0x08000231   Thumb Code     0  libspace.o(.text)
    AT24CXX_Check                            0x08000239   Thumb Code    38  24cxx.o(i.AT24CXX_Check)
    AT24CXX_Init                             0x0800025f   Thumb Code     4  24cxx.o(i.AT24CXX_Init)
    AT24CXX_ReadOneByte                      0x08000263   Thumb Code    66  24cxx.o(i.AT24CXX_ReadOneByte)
    AT24CXX_WriteOneByte                     0x080002a5   Thumb Code    62  24cxx.o(i.AT24CXX_WriteOneByte)
    BusFault_Handler                         0x080002e3   Thumb Code     2  stm32f10x_it.o(i.BusFault_Handler)
    Copy_HZK16                               0x080002e5   Thumb Code    60  text.o(i.Copy_HZK16)
    Copy_HZK24                               0x08000325   Thumb Code    64  text.o(i.Copy_HZK24)
    Copy_Mem                                 0x08000369   Thumb Code    24  text.o(i.Copy_Mem)
    DebugMon_Handler                         0x08000381   Thumb Code     2  stm32f10x_it.o(i.DebugMon_Handler)
    DrawFont_GBK16B                          0x08000385   Thumb Code    50  gbk_libdrive.o(i.DrawFont_GBK16B)
    Draw_Font16B                             0x080003c1   Thumb Code    42  text.o(i.Draw_Font16B)
    EXTI0_IRQHandler                         0x080003f1   Thumb Code    56  exti.o(i.EXTI0_IRQHandler)
    EXTI1_IRQHandler                         0x08000435   Thumb Code    46  exti.o(i.EXTI1_IRQHandler)
    EXTI2_IRQHandler                         0x0800046d   Thumb Code    46  exti.o(i.EXTI2_IRQHandler)
    EXTI3_IRQHandler                         0x080004a5   Thumb Code    46  exti.o(i.EXTI3_IRQHandler)
    EXTIX_GPIO_Config                        0x080004dd   Thumb Code    32  exti.o(i.EXTIX_GPIO_Config)
    EXTIX_Init                               0x08000501   Thumb Code   208  exti.o(i.EXTIX_Init)
    EXTI_ClearITPendingBit                   0x080005d1   Thumb Code     6  stm32f10x_exti.o(i.EXTI_ClearITPendingBit)
    EXTI_Init                                0x080005dd   Thumb Code   108  stm32f10x_exti.o(i.EXTI_Init)
    FontLib_Read                             0x0800064d   Thumb Code    98  gbk_libdrive.o(i.FontLib_Read)
    GBK_GetASC_Point                         0x080006b5   Thumb Code    78  gbk_libdrive.o(i.GBK_GetASC_Point)
    GBK_Lib_GetHz                            0x08000719   Thumb Code   124  gbk_libdrive.o(i.GBK_Lib_GetHz)
    GBK_Lib_Init                             0x0800079d   Thumb Code     4  gbk_libdrive.o(i.GBK_Lib_Init)
    GBK_ReadID                               0x080007a1   Thumb Code   132  gbk_libdrive.o(i.GBK_ReadID)
    GBK_ShowASCII                            0x08000825   Thumb Code   164  gbk_libdrive.o(i.GBK_ShowASCII)
    GBK_Show_Font                            0x080008c9   Thumb Code   152  gbk_libdrive.o(i.GBK_Show_Font)
    GBK_Show_Str                             0x08000961   Thumb Code   158  gbk_libdrive.o(i.GBK_Show_Str)
    GBK_delay                                0x080009ff   Thumb Code    24  gbk_libdrive.o(i.GBK_delay)
    GPIO_EXTILineConfig                      0x08000a19   Thumb Code    34  stm32f10x_gpio.o(i.GPIO_EXTILineConfig)
    GPIO_Init                                0x08000a41   Thumb Code   162  stm32f10x_gpio.o(i.GPIO_Init)
    GPIO_ReadInputDataBit                    0x08000ae3   Thumb Code    14  stm32f10x_gpio.o(i.GPIO_ReadInputDataBit)
    GPIO_ResetBits                           0x08000af1   Thumb Code     4  stm32f10x_gpio.o(i.GPIO_ResetBits)
    GPIO_SetBits                             0x08000af5   Thumb Code     4  stm32f10x_gpio.o(i.GPIO_SetBits)
    Get_HzMat                                0x08000af9   Thumb Code    82  text.o(i.Get_HzMat)
    HardFault_Handler                        0x08000b4b   Thumb Code     2  stm32f10x_it.o(i.HardFault_Handler)
    IIC_Ack                                  0x08000b4d   Thumb Code    40  24cxx_iic.o(i.IIC_Ack)
    IIC_Init                                 0x08000b79   Thumb Code    48  24cxx_iic.o(i.IIC_Init)
    IIC_NAck                                 0x08000bad   Thumb Code    40  24cxx_iic.o(i.IIC_NAck)
    IIC_Read_Byte                            0x08000bd9   Thumb Code    88  24cxx_iic.o(i.IIC_Read_Byte)
    IIC_Send_Byte                            0x08000c35   Thumb Code    80  24cxx_iic.o(i.IIC_Send_Byte)
    IIC_Start                                0x08000c89   Thumb Code    42  24cxx_iic.o(i.IIC_Start)
    IIC_Stop                                 0x08000cb9   Thumb Code    44  24cxx_iic.o(i.IIC_Stop)
    IIC_Wait_Ack                             0x08000ce9   Thumb Code    64  24cxx_iic.o(i.IIC_Wait_Ack)
    IO_SPI_ReadWriteByte                     0x08000d2d   Thumb Code    94  lcd.o(i.IO_SPI_ReadWriteByte)
    IWDG_Enable                              0x08000d91   Thumb Code    10  stm32f10x_iwdg.o(i.IWDG_Enable)
    IWDG_Feed                                0x08000da1   Thumb Code     4  iwdg.o(i.IWDG_Feed)
    IWDG_Init                                0x08000da5   Thumb Code    38  iwdg.o(i.IWDG_Init)
    IWDG_ReloadCounter                       0x08000dcd   Thumb Code    10  stm32f10x_iwdg.o(i.IWDG_ReloadCounter)
    IWDG_SetPrescaler                        0x08000ddd   Thumb Code     6  stm32f10x_iwdg.o(i.IWDG_SetPrescaler)
    IWDG_SetReload                           0x08000de9   Thumb Code     6  stm32f10x_iwdg.o(i.IWDG_SetReload)
    IWDG_WriteAccessCmd                      0x08000df5   Thumb Code     6  stm32f10x_iwdg.o(i.IWDG_WriteAccessCmd)
    Key_GPIO_Config                          0x08000e01   Thumb Code    36  key.o(i.Key_GPIO_Config)
    LCD_Clear                                0x08000e29   Thumb Code    58  lcd.o(i.LCD_Clear)
    LCD_Display_Dir                          0x08000e69   Thumb Code   138  lcd.o(i.LCD_Display_Dir)
    LCD_Fast_DrawPoint                       0x08000efd   Thumb Code    26  lcd.o(i.LCD_Fast_DrawPoint)
    LCD_GPIO_Init                            0x08000f1d   Thumb Code    98  lcd.o(i.LCD_GPIO_Init)
    LCD_Init                                 0x08000f89   Thumb Code   572  lcd.o(i.LCD_Init)
    LCD_SetCursor                            0x080011c9   Thumb Code    68  lcd.o(i.LCD_SetCursor)
    LCD_Set_Window                           0x08001215   Thumb Code   122  lcd.o(i.LCD_Set_Window)
    LCD_ShowChar                             0x08001299   Thumb Code   188  lcd.o(i.LCD_ShowChar)
    LCD_SoftRest                             0x08001369   Thumb Code    18  lcd.o(i.LCD_SoftRest)
    LCD_WR_DATA16                            0x0800137d   Thumb Code    50  lcd.o(i.LCD_WR_DATA16)
    LCD_WR_DATA8                             0x080013b5   Thumb Code    44  lcd.o(i.LCD_WR_DATA8)
    LCD_WR_REG                               0x080013e5   Thumb Code    44  lcd.o(i.LCD_WR_REG)
    LCD_WriteRAM_Prepare                     0x08001415   Thumb Code     8  lcd.o(i.LCD_WriteRAM_Prepare)
    LCD_WriteReg                             0x08001421   Thumb Code    18  lcd.o(i.LCD_WriteReg)
    LED_GPIO_Config                          0x08001435   Thumb Code    50  led.o(i.LED_GPIO_Config)
    MemManage_Handler                        0x0800146d   Thumb Code     2  stm32f10x_it.o(i.MemManage_Handler)
    NMI_Handler                              0x0800146f   Thumb Code     2  stm32f10x_it.o(i.NMI_Handler)
    NVIC_Init                                0x08001471   Thumb Code    94  misc.o(i.NVIC_Init)
    PendSV_Handler                           0x080014d5   Thumb Code     2  stm32f10x_it.o(i.PendSV_Handler)
    RCC_APB2PeriphClockCmd                   0x080014d9   Thumb Code    18  stm32f10x_rcc.o(i.RCC_APB2PeriphClockCmd)
    RCC_GetClocksFreq                        0x080014f1   Thumb Code   128  stm32f10x_rcc.o(i.RCC_GetClocksFreq)
    SDA_IN                                   0x08001581   Thumb Code    30  24cxx_iic.o(i.SDA_IN)
    SDA_OUT                                  0x080015a5   Thumb Code    30  24cxx_iic.o(i.SDA_OUT)
    SVC_Handler                              0x080015c9   Thumb Code     2  stm32f10x_it.o(i.SVC_Handler)
    Show_Font                                0x08001675   Thumb Code   142  text.o(i.Show_Font)
    Show_Str                                 0x08001709   Thumb Code   154  text.o(i.Show_Str)
    SysTick_CLKSourceConfig                  0x080017a3   Thumb Code    24  misc.o(i.SysTick_CLKSourceConfig)
    SysTick_Handler                          0x080017bb   Thumb Code     2  stm32f10x_it.o(i.SysTick_Handler)
    SystemInit                               0x080017bd   Thumb Code    64  system_stm32f10x.o(i.SystemInit)
    USART1_IRQHandler                        0x0800180d   Thumb Code    88  usart.o(i.USART1_IRQHandler)
    USART_Cmd                                0x08001871   Thumb Code    20  stm32f10x_usart.o(i.USART_Cmd)
    USART_GetITStatus                        0x08001885   Thumb Code    62  stm32f10x_usart.o(i.USART_GetITStatus)
    USART_ITConfig                           0x080018c3   Thumb Code    48  stm32f10x_usart.o(i.USART_ITConfig)
    USART_Init                               0x080018f5   Thumb Code   166  stm32f10x_usart.o(i.USART_Init)
    USART_ReceiveData                        0x080019a1   Thumb Code     8  stm32f10x_usart.o(i.USART_ReceiveData)
    UsageFault_Handler                       0x080019a9   Thumb Code     2  stm32f10x_it.o(i.UsageFault_Handler)
    _sys_exit                                0x080019ab   Thumb Code     2  usart.o(i._sys_exit)
    delay_init                               0x080019ad   Thumb Code    44  delay.o(i.delay_init)
    delay_ms                                 0x080019e5   Thumb Code    46  delay.o(i.delay_ms)
    delay_us                                 0x08001a19   Thumb Code    46  delay.o(i.delay_us)
    main                                     0x08001a4d   Thumb Code   248  main.o(i.main)
    uart_init                                0x08001be5   Thumb Code   152  usart.o(i.uart_init)
    asc2_1206                                0x08001c84   Data        1140  font.o(.constdata)
    asc2_1608                                0x080020f8   Data        1520  font.o(.constdata)
    asc2_2412                                0x080026e8   Data        3420  font.o(.constdata)
    hz16                                     0x08003444   Data        2006  font.o(.constdata)
    hz24                                     0x08003c1a   Data         740  font.o(.constdata)
    Region$$Table$$Base                      0x08003f00   Number         0  anon$$obj.o(Region$$Table)
    Region$$Table$$Limit                     0x08003f20   Number         0  anon$$obj.o(Region$$Table)
    Key_value                                0x20000000   Data           1  main.o(.data)
    i                                        0x20000002   Data           2  main.o(.data)
    SystemCoreClock                          0x20000004   Data           4  system_stm32f10x.o(.data)
    AHBPrescTable                            0x20000008   Data          16  system_stm32f10x.o(.data)
    USART_RX_STA                             0x2000001c   Data           2  usart.o(.data)
    USE_HORIZONTAL                           0x20000032   Data           1  lcd.o(.data)
    POINT_COLOR                              0x20000034   Data           2  lcd.o(.data)
    BACK_COLOR                               0x20000036   Data           2  lcd.o(.data)
    USART_RX_BUF                             0x20000038   Data         200  usart.o(.bss)
    lcddev                                   0x20000100   Data          14  lcd.o(.bss)
    __libspace_start                         0x20000110   Data          96  libspace.o(.bss)
    __temporary_stack_top$libspace           0x20000170   Data           0  libspace.o(.bss)



==============================================================================

Memory Map of the image

  Image Entry point : 0x08000189

  Load Region LR_1 (Base: 0x08000000, Size: 0x00003f58, Max: 0xffffffff, ABSOLUTE)

    Execution Region ER_RO (Base: 0x08000000, Size: 0x00003f20, Max: 0xffffffff, ABSOLUTE)

    Base Addr    Size         Type   Attr      Idx    E Section Name        Object

    0x08000000   0x000000ec   Data   RO          610    RESET               startup_stm32f10x_md.o
    0x080000ec   0x00000008   Code   RO         4016  * !!!main             c_w.l(__main.o)
    0x080000f4   0x00000034   Code   RO         4171    !!!scatter          c_w.l(__scatter.o)
    0x08000128   0x0000001a   Code   RO         4173    !!handler_copy      c_w.l(__scatter_copy.o)
    0x08000142   0x00000002   PAD
    0x08000144   0x0000001c   Code   RO         4175    !!handler_zi        c_w.l(__scatter_zi.o)
    0x08000160   0x00000002   Code   RO         4045    .ARM.Collect$$libinit$$00000000  c_w.l(libinit.o)
    0x08000162   0x00000000   Code   RO         4052    .ARM.Collect$$libinit$$00000002  c_w.l(libinit2.o)
    0x08000162   0x00000000   Code   RO         4054    .ARM.Collect$$libinit$$00000004  c_w.l(libinit2.o)
    0x08000162   0x00000000   Code   RO         4057    .ARM.Collect$$libinit$$0000000A  c_w.l(libinit2.o)
    0x08000162   0x00000000   Code   RO         4059    .ARM.Collect$$libinit$$0000000C  c_w.l(libinit2.o)
    0x08000162   0x00000000   Code   RO         4061    .ARM.Collect$$libinit$$0000000E  c_w.l(libinit2.o)
    0x08000162   0x00000000   Code   RO         4064    .ARM.Collect$$libinit$$00000011  c_w.l(libinit2.o)
    0x08000162   0x00000000   Code   RO         4066    .ARM.Collect$$libinit$$00000013  c_w.l(libinit2.o)
    0x08000162   0x00000000   Code   RO         4068    .ARM.Collect$$libinit$$00000015  c_w.l(libinit2.o)
    0x08000162   0x00000000   Code   RO         4070    .ARM.Collect$$libinit$$00000017  c_w.l(libinit2.o)
    0x08000162   0x00000000   Code   RO         4072    .ARM.Collect$$libinit$$00000019  c_w.l(libinit2.o)
    0x08000162   0x00000000   Code   RO         4074    .ARM.Collect$$libinit$$0000001B  c_w.l(libinit2.o)
    0x08000162   0x00000000   Code   RO         4076    .ARM.Collect$$libinit$$0000001D  c_w.l(libinit2.o)
    0x08000162   0x00000000   Code   RO         4078    .ARM.Collect$$libinit$$0000001F  c_w.l(libinit2.o)
    0x08000162   0x00000000   Code   RO         4080    .ARM.Collect$$libinit$$00000021  c_w.l(libinit2.o)
    0x08000162   0x00000000   Code   RO         4082    .ARM.Collect$$libinit$$00000023  c_w.l(libinit2.o)
    0x08000162   0x00000000   Code   RO         4084    .ARM.Collect$$libinit$$00000025  c_w.l(libinit2.o)
    0x08000162   0x00000000   Code   RO         4088    .ARM.Collect$$libinit$$0000002C  c_w.l(libinit2.o)
    0x08000162   0x00000000   Code   RO         4090    .ARM.Collect$$libinit$$0000002E  c_w.l(libinit2.o)
    0x08000162   0x00000000   Code   RO         4092    .ARM.Collect$$libinit$$00000030  c_w.l(libinit2.o)
    0x08000162   0x00000000   Code   RO         4094    .ARM.Collect$$libinit$$00000032  c_w.l(libinit2.o)
    0x08000162   0x00000002   Code   RO         4095    .ARM.Collect$$libinit$$00000033  c_w.l(libinit2.o)
    0x08000164   0x00000002   Code   RO         4113    .ARM.Collect$$libshutdown$$00000000  c_w.l(libshutdown.o)
    0x08000166   0x00000000   Code   RO         4123    .ARM.Collect$$libshutdown$$00000002  c_w.l(libshutdown2.o)
    0x08000166   0x00000000   Code   RO         4125    .ARM.Collect$$libshutdown$$00000004  c_w.l(libshutdown2.o)
    0x08000166   0x00000000   Code   RO         4128    .ARM.Collect$$libshutdown$$00000007  c_w.l(libshutdown2.o)
    0x08000166   0x00000000   Code   RO         4131    .ARM.Collect$$libshutdown$$0000000A  c_w.l(libshutdown2.o)
    0x08000166   0x00000000   Code   RO         4133    .ARM.Collect$$libshutdown$$0000000C  c_w.l(libshutdown2.o)
    0x08000166   0x00000000   Code   RO         4136    .ARM.Collect$$libshutdown$$0000000F  c_w.l(libshutdown2.o)
    0x08000166   0x00000002   Code   RO         4137    .ARM.Collect$$libshutdown$$00000010  c_w.l(libshutdown2.o)
    0x08000168   0x00000000   Code   RO         4020    .ARM.Collect$$rtentry$$00000000  c_w.l(__rtentry.o)
    0x08000168   0x00000000   Code   RO         4022    .ARM.Collect$$rtentry$$00000002  c_w.l(__rtentry2.o)
    0x08000168   0x00000006   Code   RO         4034    .ARM.Collect$$rtentry$$00000004  c_w.l(__rtentry4.o)
    0x0800016e   0x00000000   Code   RO         4024    .ARM.Collect$$rtentry$$00000009  c_w.l(__rtentry2.o)
    0x0800016e   0x00000004   Code   RO         4025    .ARM.Collect$$rtentry$$0000000A  c_w.l(__rtentry2.o)
    0x08000172   0x00000000   Code   RO         4027    .ARM.Collect$$rtentry$$0000000C  c_w.l(__rtentry2.o)
    0x08000172   0x00000008   Code   RO         4028    .ARM.Collect$$rtentry$$0000000D  c_w.l(__rtentry2.o)
    0x0800017a   0x00000002   Code   RO         4049    .ARM.Collect$$rtexit$$00000000  c_w.l(rtexit.o)
    0x0800017c   0x00000000   Code   RO         4097    .ARM.Collect$$rtexit$$00000002  c_w.l(rtexit2.o)
    0x0800017c   0x00000004   Code   RO         4098    .ARM.Collect$$rtexit$$00000003  c_w.l(rtexit2.o)
    0x08000180   0x00000006   Code   RO         4099    .ARM.Collect$$rtexit$$00000004  c_w.l(rtexit2.o)
    0x08000186   0x00000002   PAD
    0x08000188   0x00000040   Code   RO          611  * .text               startup_stm32f10x_md.o
    0x080001c8   0x00000002   Code   RO         4010    .text               c_w.l(use_no_semi_2.o)
    0x080001ca   0x00000006   Code   RO         4014    .text               c_w.l(heapauxi.o)
    0x080001d0   0x00000002   Code   RO         4018    .text               c_w.l(use_no_semi.o)
    0x080001d2   0x0000004a   Code   RO         4036    .text               c_w.l(sys_stackheap_outer.o)
    0x0800021c   0x00000012   Code   RO         4038    .text               c_w.l(exit.o)
    0x0800022e   0x00000002   PAD
    0x08000230   0x00000008   Code   RO         4046    .text               c_w.l(libspace.o)
    0x08000238   0x00000026   Code   RO          322    i.AT24CXX_Check     24cxx.o
    0x0800025e   0x00000004   Code   RO          323    i.AT24CXX_Init      24cxx.o
    0x08000262   0x00000042   Code   RO          326    i.AT24CXX_ReadOneByte  24cxx.o
    0x080002a4   0x0000003e   Code   RO          329    i.AT24CXX_WriteOneByte  24cxx.o
    0x080002e2   0x00000002   Code   RO          168    i.BusFault_Handler  stm32f10x_it.o
    0x080002e4   0x00000040   Code   RO         3954    i.Copy_HZK16        text.o
    0x08000324   0x00000044   Code   RO         3955    i.Copy_HZK24        text.o
    0x08000368   0x00000018   Code   RO         3956    i.Copy_Mem          text.o
    0x08000380   0x00000002   Code   RO          169    i.DebugMon_Handler  stm32f10x_it.o
    0x08000382   0x00000002   PAD
    0x08000384   0x0000003c   Code   RO         3567    i.DrawFont_GBK16B   gbk_libdrive.o
    0x080003c0   0x00000030   Code   RO         3957    i.Draw_Font16B      text.o
    0x080003f0   0x00000044   Code   RO          441    i.EXTI0_IRQHandler  exti.o
    0x08000434   0x00000038   Code   RO          442    i.EXTI1_IRQHandler  exti.o
    0x0800046c   0x00000038   Code   RO          443    i.EXTI2_IRQHandler  exti.o
    0x080004a4   0x00000038   Code   RO          444    i.EXTI3_IRQHandler  exti.o
    0x080004dc   0x00000024   Code   RO          445    i.EXTIX_GPIO_Config  exti.o
    0x08000500   0x000000d0   Code   RO          446    i.EXTIX_Init        exti.o
    0x080005d0   0x0000000c   Code   RO         1907    i.EXTI_ClearITPendingBit  stm32f10x_exti.o
    0x080005dc   0x00000070   Code   RO         1912    i.EXTI_Init         stm32f10x_exti.o
    0x0800064c   0x00000068   Code   RO         3570    i.FontLib_Read      gbk_libdrive.o
    0x080006b4   0x00000064   Code   RO         3571    i.GBK_GetASC_Point  gbk_libdrive.o
    0x08000718   0x00000084   Code   RO         3573    i.GBK_Lib_GetHz     gbk_libdrive.o
    0x0800079c   0x00000004   Code   RO         3574    i.GBK_Lib_Init      gbk_libdrive.o
    0x080007a0   0x00000084   Code   RO         3575    i.GBK_ReadID        gbk_libdrive.o
    0x08000824   0x000000a4   Code   RO         3576    i.GBK_ShowASCII     gbk_libdrive.o
    0x080008c8   0x00000098   Code   RO         3577    i.GBK_Show_Font     gbk_libdrive.o
    0x08000960   0x0000009e   Code   RO         3578    i.GBK_Show_Str      gbk_libdrive.o
    0x080009fe   0x00000018   Code   RO         3580    i.GBK_delay         gbk_libdrive.o
    0x08000a16   0x00000002   PAD
    0x08000a18   0x00000028   Code   RO          654    i.GPIO_EXTILineConfig  stm32f10x_gpio.o
    0x08000a40   0x000000a2   Code   RO          657    i.GPIO_Init         stm32f10x_gpio.o
    0x08000ae2   0x0000000e   Code   RO          661    i.GPIO_ReadInputDataBit  stm32f10x_gpio.o
    0x08000af0   0x00000004   Code   RO          664    i.GPIO_ResetBits    stm32f10x_gpio.o
    0x08000af4   0x00000004   Code   RO          665    i.GPIO_SetBits      stm32f10x_gpio.o
    0x08000af8   0x00000052   Code   RO         3959    i.Get_HzMat         text.o
    0x08000b4a   0x00000002   Code   RO          170    i.HardFault_Handler  stm32f10x_it.o
    0x08000b4c   0x0000002c   Code   RO          376    i.IIC_Ack           24cxx_iic.o
    0x08000b78   0x00000034   Code   RO          377    i.IIC_Init          24cxx_iic.o
    0x08000bac   0x0000002c   Code   RO          378    i.IIC_NAck          24cxx_iic.o
    0x08000bd8   0x0000005c   Code   RO          379    i.IIC_Read_Byte     24cxx_iic.o
    0x08000c34   0x00000054   Code   RO          380    i.IIC_Send_Byte     24cxx_iic.o
    0x08000c88   0x00000030   Code   RO          381    i.IIC_Start         24cxx_iic.o
    0x08000cb8   0x00000030   Code   RO          382    i.IIC_Stop          24cxx_iic.o
    0x08000ce8   0x00000044   Code   RO          383    i.IIC_Wait_Ack      24cxx_iic.o
    0x08000d2c   0x00000064   Code   RO         3716    i.IO_SPI_ReadWriteByte  lcd.o
    0x08000d90   0x00000010   Code   RO         2456    i.IWDG_Enable       stm32f10x_iwdg.o
    0x08000da0   0x00000004   Code   RO          483    i.IWDG_Feed         iwdg.o
    0x08000da4   0x00000026   Code   RO          484    i.IWDG_Init         iwdg.o
    0x08000dca   0x00000002   PAD
    0x08000dcc   0x00000010   Code   RO         2458    i.IWDG_ReloadCounter  stm32f10x_iwdg.o
    0x08000ddc   0x0000000c   Code   RO         2459    i.IWDG_SetPrescaler  stm32f10x_iwdg.o
    0x08000de8   0x0000000c   Code   RO         2460    i.IWDG_SetReload    stm32f10x_iwdg.o
    0x08000df4   0x0000000c   Code   RO         2461    i.IWDG_WriteAccessCmd  stm32f10x_iwdg.o
    0x08000e00   0x00000028   Code   RO          299    i.Key_GPIO_Config   key.o
    0x08000e28   0x00000040   Code   RO         3717    i.LCD_Clear         lcd.o
    0x08000e68   0x00000094   Code   RO         3721    i.LCD_Display_Dir   lcd.o
    0x08000efc   0x00000020   Code   RO         3726    i.LCD_Fast_DrawPoint  lcd.o
    0x08000f1c   0x0000006c   Code   RO         3728    i.LCD_GPIO_Init     lcd.o
    0x08000f88   0x00000240   Code   RO         3730    i.LCD_Init          lcd.o
    0x080011c8   0x0000004c   Code   RO         3732    i.LCD_SetCursor     lcd.o
    0x08001214   0x00000084   Code   RO         3733    i.LCD_Set_Window    lcd.o
    0x08001298   0x000000d0   Code   RO         3734    i.LCD_ShowChar      lcd.o
    0x08001368   0x00000012   Code   RO         3738    i.LCD_SoftRest      lcd.o
    0x0800137a   0x00000002   PAD
    0x0800137c   0x00000038   Code   RO         3739    i.LCD_WR_DATA16     lcd.o
    0x080013b4   0x00000030   Code   RO         3740    i.LCD_WR_DATA8      lcd.o
    0x080013e4   0x00000030   Code   RO         3741    i.LCD_WR_REG        lcd.o
    0x08001414   0x0000000c   Code   RO         3743    i.LCD_WriteRAM_Prepare  lcd.o
    0x08001420   0x00000012   Code   RO         3744    i.LCD_WriteReg      lcd.o
    0x08001432   0x00000002   PAD
    0x08001434   0x00000038   Code   RO          286    i.LED_GPIO_Config   led.o
    0x0800146c   0x00000002   Code   RO          171    i.MemManage_Handler  stm32f10x_it.o
    0x0800146e   0x00000002   Code   RO          172    i.NMI_Handler       stm32f10x_it.o
    0x08001470   0x00000064   Code   RO          615    i.NVIC_Init         misc.o
    0x080014d4   0x00000002   Code   RO          173    i.PendSV_Handler    stm32f10x_it.o
    0x080014d6   0x00000002   PAD
    0x080014d8   0x00000018   Code   RO          793    i.RCC_APB2PeriphClockCmd  stm32f10x_rcc.o
    0x080014f0   0x00000090   Code   RO          801    i.RCC_GetClocksFreq  stm32f10x_rcc.o
    0x08001580   0x00000024   Code   RO          384    i.SDA_IN            24cxx_iic.o
    0x080015a4   0x00000024   Code   RO          385    i.SDA_OUT           24cxx_iic.o
    0x080015c8   0x00000002   Code   RO          174    i.SVC_Handler       stm32f10x_it.o
    0x080015ca   0x00000002   PAD
    0x080015cc   0x000000a8   Code   RO          257    i.SetSysClockTo72   system_stm32f10x.o
    0x08001674   0x00000094   Code   RO         3960    i.Show_Font         text.o
    0x08001708   0x0000009a   Code   RO         3961    i.Show_Str          text.o
    0x080017a2   0x00000018   Code   RO          619    i.SysTick_CLKSourceConfig  misc.o
    0x080017ba   0x00000002   Code   RO          175    i.SysTick_Handler   stm32f10x_it.o
    0x080017bc   0x00000050   Code   RO          259    i.SystemInit        system_stm32f10x.o
    0x0800180c   0x00000064   Code   RO          556    i.USART1_IRQHandler  usart.o
    0x08001870   0x00000014   Code   RO          993    i.USART_Cmd         stm32f10x_usart.o
    0x08001884   0x0000003e   Code   RO          997    i.USART_GetITStatus  stm32f10x_usart.o
    0x080018c2   0x00000030   Code   RO          999    i.USART_ITConfig    stm32f10x_usart.o
    0x080018f2   0x00000002   PAD
    0x080018f4   0x000000ac   Code   RO         1000    i.USART_Init        stm32f10x_usart.o
    0x080019a0   0x00000008   Code   RO         1007    i.USART_ReceiveData  stm32f10x_usart.o
    0x080019a8   0x00000002   Code   RO          176    i.UsageFault_Handler  stm32f10x_it.o
    0x080019aa   0x00000002   Code   RO          557    i._sys_exit         usart.o
    0x080019ac   0x00000038   Code   RO          501    i.delay_init        delay.o
    0x080019e4   0x00000034   Code   RO          502    i.delay_ms          delay.o
    0x08001a18   0x00000034   Code   RO          503    i.delay_us          delay.o
    0x08001a4c   0x00000198   Code   RO            1    i.main              main.o
    0x08001be4   0x000000a0   Code   RO          559    i.uart_init         usart.o
    0x08001c84   0x00000474   Data   RO         3694    .constdata          font.o
    0x080020f8   0x000005f0   Data   RO         3695    .constdata          font.o
    0x080026e8   0x00000d5c   Data   RO         3696    .constdata          font.o
    0x08003444   0x000007d6   Data   RO         3697    .constdata          font.o
    0x08003c1a   0x000002e4   Data   RO         3698    .constdata          font.o
    0x08003efe   0x00000002   PAD
    0x08003f00   0x00000020   Data   RO         4169    Region$$Table       anon$$obj.o


    Execution Region ER_RW (Base: 0x20000000, Size: 0x00000038, Max: 0xffffffff, ABSOLUTE)

    Base Addr    Size         Type   Attr      Idx    E Section Name        Object

    0x20000000   0x00000004   Data   RW            5    .data               main.o
    0x20000004   0x00000014   Data   RW          260    .data               system_stm32f10x.o
    0x20000018   0x00000004   Data   RW          504    .data               delay.o
    0x2000001c   0x00000002   Data   RW          561    .data               usart.o
    0x2000001e   0x00000014   Data   RW          821    .data               stm32f10x_rcc.o
    0x20000032   0x00000006   Data   RW         3749    .data               lcd.o


    Execution Region ER_ZI (Base: 0x20000038, Size: 0x00000738, Max: 0xffffffff, ABSOLUTE)

    Base Addr    Size         Type   Attr      Idx    E Section Name        Object

    0x20000038   0x000000c8   Zero   RW          560    .bss                usart.o
    0x20000100   0x0000000e   Zero   RW         3747    .bss                lcd.o
    0x2000010e   0x00000002   PAD
    0x20000110   0x00000060   Zero   RW         4047    .bss                c_w.l(libspace.o)
    0x20000170   0x00000200   Zero   RW          609    HEAP                startup_stm32f10x_md.o
    0x20000370   0x00000400   Zero   RW          608    STACK               startup_stm32f10x_md.o


==============================================================================

Image component sizes


      Code (inc. data)   RO Data    RW Data    ZI Data      Debug   Object Name

       170          0          0          0          0       2180   24cxx.o
       552         46          0          0          0       5547   24cxx_iic.o
       160         24          0          4          0       1647   delay.o
       480         46          0          0          0       3579   exti.o
         0          0       8826          0          0       1158   font.o
      1030         46          0          0          0       8955   gbk_libdrive.o
        42          0          0          0          0        964   iwdg.o
        40          4          0          0          0        486   key.o
      1644         98          0          6         14      12259   lcd.o
        56          6          0          0          0        498   led.o
       408        160          0          4          0     234706   main.o
       124          6          0          0          0       1486   misc.o
        64         26        236          0       1536        784   startup_stm32f10x_md.o
       124         10          0          0          0       1477   stm32f10x_exti.o
       224          6          0          0          0       4138   stm32f10x_gpio.o
        18          0          0          0          0       3562   stm32f10x_it.o
        68         30          0          0          0       2402   stm32f10x_iwdg.o
       168         22          0         20          0       3845   stm32f10x_rcc.o
       310          6          0          0          0       4946   stm32f10x_usart.o
         0          0          0          0          0         32   sys.o
       248         24          0         20          0       1665   system_stm32f10x.o
       588         20          0          0          0       6043   text.o
       262         20          0          2        200       3540   usart.o

    ----------------------------------------------------------------------
      6796        600       9096         56       1752     305899   Object Totals
         0          0         32          0          0          0   (incl. Generated)
        16          0          2          0          2          0   (incl. Padding)

    ----------------------------------------------------------------------

      Code (inc. data)   RO Data    RW Data    ZI Data      Debug   Library Member Name

         8          0          0          0          0         68   __main.o
         0          0          0          0          0          0   __rtentry.o
        12          0          0          0          0          0   __rtentry2.o
         6          0          0          0          0          0   __rtentry4.o
        52          8          0          0          0          0   __scatter.o
        26          0          0          0          0          0   __scatter_copy.o
        28          0          0          0          0          0   __scatter_zi.o
        18          0          0          0          0         80   exit.o
         6          0          0          0          0        152   heapauxi.o
         2          0          0          0          0          0   libinit.o
         2          0          0          0          0          0   libinit2.o
         2          0          0          0          0          0   libshutdown.o
         2          0          0          0          0          0   libshutdown2.o
         8          4          0          0         96         68   libspace.o
         2          0          0          0          0          0   rtexit.o
        10          0          0          0          0          0   rtexit2.o
        74          0          0          0          0         80   sys_stackheap_outer.o
         2          0          0          0          0         68   use_no_semi.o
         2          0          0          0          0         68   use_no_semi_2.o

    ----------------------------------------------------------------------
       268         12          0          0         96        584   Library Totals
         6          0          0          0          0          0   (incl. Padding)

    ----------------------------------------------------------------------

      Code (inc. data)   RO Data    RW Data    ZI Data      Debug   Library Name

       262         12          0          0         96        584   c_w.l

    ----------------------------------------------------------------------
       268         12          0          0         96        584   Library Totals

    ----------------------------------------------------------------------

==============================================================================


      Code (inc. data)   RO Data    RW Data    ZI Data      Debug   

      7064        612       9096         56       1848     301643   Grand Totals
      7064        612       9096         56       1848     301643   ELF Image Totals
      7064        612       9096         56          0          0   ROM Totals

==============================================================================

    Total RO  Size (Code + RO Data)                16160 (  15.78kB)
    Total RW  Size (RW Data + ZI Data)              1904 (   1.86kB)
    Total ROM Size (Code + RO Data + RW Data)      16216 (  15.84kB)

==============================================================================

