Component: ARM Compiler 5.06 update 4 (build 422) Tool: armlink [4d35d2]

==============================================================================

Section Cross References

    main.o(i.main) refers to _printf_pad.o(.text) for _printf_pre_padding
    main.o(i.main) refers to _printf_percent.o(.ARM.Collect$$_printf_percent$$00000000) for _printf_percent
    main.o(i.main) refers to _printf_x.o(.ARM.Collect$$_printf_percent$$0000000C) for _printf_x
    main.o(i.main) refers to _printf_hex_int.o(.text) for _printf_longlong_hex
    main.o(i.main) refers to _printf_f.o(.ARM.Collect$$_printf_percent$$00000003) for _printf_f
    main.o(i.main) refers to printf1.o(x$fpl$printf1) for _printf_fp_dec
    main.o(i.main) refers to delay.o(i.delay_init) for delay_init
    main.o(i.main) refers to led.o(i.LED_GPIO_Config) for LED_GPIO_Config
    main.o(i.main) refers to exti.o(i.EXTIX_Init) for EXTIX_Init
    main.o(i.main) refers to usart.o(i.uart_init) for uart_init
    main.o(i.main) refers to lcd.o(i.LCD_Init) for LCD_Init
    main.o(i.main) refers to lcd.o(i.LCD_Clear) for LCD_Clear
    main.o(i.main) refers to text.o(i.Draw_Font16B) for Draw_Font16B
    main.o(i.main) refers to adc.o(i.Adc_Init) for Adc_Init
    main.o(i.main) refers to adc.o(i.Get_Adc_Average) for Get_Adc_Average
    main.o(i.main) refers to noretval__2sprintf.o(.text) for __2sprintf
    main.o(i.main) refers to dflt_clz.o(x$fpl$dfltu) for __aeabi_ui2d
    main.o(i.main) refers to dmul.o(x$fpl$dmul) for __aeabi_dmul
    main.o(i.main) refers to d2f.o(x$fpl$d2f) for __aeabi_d2f
    main.o(i.main) refers to ffixu.o(x$fpl$ffixu) for __aeabi_f2uiz
    main.o(i.main) refers to fflt_clz.o(x$fpl$ffltu) for __aeabi_ui2f
    main.o(i.main) refers to faddsub_clz.o(x$fpl$frsb) for __aeabi_frsub
    main.o(i.main) refers to fmul.o(x$fpl$fmul) for __aeabi_fmul
    main.o(i.main) refers to f2d.o(x$fpl$f2d) for __aeabi_f2d
    main.o(i.main) refers to noretval__2printf.o(.text) for __2printf
    main.o(i.main) refers to delay.o(i.delay_ms) for delay_ms
    main.o(i.main) refers to main.o(.data) for .data
    main.o(i.main) refers to main.o(.bss) for .bss
    system_stm32f10x.o(i.SystemCoreClockUpdate) refers to system_stm32f10x.o(.data) for .data
    system_stm32f10x.o(i.SystemInit) refers to system_stm32f10x.o(i.SetSysClockTo72) for SetSysClockTo72
    led.o(i.LED_GPIO_Config) refers to stm32f10x_rcc.o(i.RCC_APB2PeriphClockCmd) for RCC_APB2PeriphClockCmd
    led.o(i.LED_GPIO_Config) refers to stm32f10x_gpio.o(i.GPIO_Init) for GPIO_Init
    led.o(i.LED_GPIO_Config) refers to stm32f10x_gpio.o(i.GPIO_SetBits) for GPIO_SetBits
    key.o(i.Key_GPIO_Config) refers to stm32f10x_rcc.o(i.RCC_APB2PeriphClockCmd) for RCC_APB2PeriphClockCmd
    key.o(i.Key_GPIO_Config) refers to stm32f10x_gpio.o(i.GPIO_Init) for GPIO_Init
    key.o(i.Key_Scan) refers to stm32f10x_gpio.o(i.GPIO_ReadInputDataBit) for GPIO_ReadInputDataBit
    key.o(i.Key_Scan) refers to key.o(i.Key_Delay) for Key_Delay
    24cxx.o(i.AT24CXX_Check) refers to 24cxx.o(i.AT24CXX_ReadOneByte) for AT24CXX_ReadOneByte
    24cxx.o(i.AT24CXX_Check) refers to 24cxx.o(i.AT24CXX_WriteOneByte) for AT24CXX_WriteOneByte
    24cxx.o(i.AT24CXX_Init) refers to 24cxx_iic.o(i.IIC_Init) for IIC_Init
    24cxx.o(i.AT24CXX_Read) refers to 24cxx.o(i.AT24CXX_ReadOneByte) for AT24CXX_ReadOneByte
    24cxx.o(i.AT24CXX_ReadLenByte) refers to 24cxx.o(i.AT24CXX_ReadOneByte) for AT24CXX_ReadOneByte
    24cxx.o(i.AT24CXX_ReadOneByte) refers to 24cxx_iic.o(i.IIC_Start) for IIC_Start
    24cxx.o(i.AT24CXX_ReadOneByte) refers to 24cxx_iic.o(i.IIC_Send_Byte) for IIC_Send_Byte
    24cxx.o(i.AT24CXX_ReadOneByte) refers to 24cxx_iic.o(i.IIC_Wait_Ack) for IIC_Wait_Ack
    24cxx.o(i.AT24CXX_ReadOneByte) refers to 24cxx_iic.o(i.IIC_Read_Byte) for IIC_Read_Byte
    24cxx.o(i.AT24CXX_ReadOneByte) refers to 24cxx_iic.o(i.IIC_Stop) for IIC_Stop
    24cxx.o(i.AT24CXX_Write) refers to 24cxx.o(i.AT24CXX_WriteOneByte) for AT24CXX_WriteOneByte
    24cxx.o(i.AT24CXX_WriteLenByte) refers to 24cxx.o(i.AT24CXX_WriteOneByte) for AT24CXX_WriteOneByte
    24cxx.o(i.AT24CXX_WriteOneByte) refers to 24cxx_iic.o(i.IIC_Start) for IIC_Start
    24cxx.o(i.AT24CXX_WriteOneByte) refers to 24cxx_iic.o(i.IIC_Send_Byte) for IIC_Send_Byte
    24cxx.o(i.AT24CXX_WriteOneByte) refers to 24cxx_iic.o(i.IIC_Wait_Ack) for IIC_Wait_Ack
    24cxx.o(i.AT24CXX_WriteOneByte) refers to 24cxx_iic.o(i.IIC_Stop) for IIC_Stop
    24cxx.o(i.AT24CXX_WriteOneByte) refers to delay.o(i.delay_ms) for delay_ms
    24cxx_iic.o(i.IIC_Ack) refers to 24cxx_iic.o(i.SDA_OUT) for SDA_OUT
    24cxx_iic.o(i.IIC_Ack) refers to delay.o(i.delay_us) for delay_us
    24cxx_iic.o(i.IIC_Init) refers to stm32f10x_rcc.o(i.RCC_APB2PeriphClockCmd) for RCC_APB2PeriphClockCmd
    24cxx_iic.o(i.IIC_Init) refers to stm32f10x_gpio.o(i.GPIO_Init) for GPIO_Init
    24cxx_iic.o(i.IIC_Init) refers to stm32f10x_gpio.o(i.GPIO_SetBits) for GPIO_SetBits
    24cxx_iic.o(i.IIC_NAck) refers to 24cxx_iic.o(i.SDA_OUT) for SDA_OUT
[...]
    ../clib/stdlib.c                         0x00000000   Number         0  exit.o ABSOLUTE
    ../clib/string.c                         0x00000000   Number         0  strlen.o ABSOLUTE
    ../fplib/d2f.s                           0x00000000   Number         0  d2f.o ABSOLUTE
    ../fplib/dflt.s                          0x00000000   Number         0  dflt_clz.o ABSOLUTE
    ../fplib/dmul.s                          0x00000000   Number         0  dmul.o ABSOLUTE
    ../fplib/dnaninf.s                       0x00000000   Number         0  dnaninf.o ABSOLUTE
    ../fplib/dretinf.s                       0x00000000   Number         0  dretinf.o ABSOLUTE
    ../fplib/f2d.s                           0x00000000   Number         0  f2d.o ABSOLUTE
    ../fplib/faddsub.s                       0x00000000   Number         0  faddsub_clz.o ABSOLUTE
    ../fplib/ffixu.s                         0x00000000   Number         0  ffixu.o ABSOLUTE
    ../fplib/fflt.s                          0x00000000   Number         0  fflt_clz.o ABSOLUTE
    ../fplib/fmul.s                          0x00000000   Number         0  fmul.o ABSOLUTE
    ../fplib/fnaninf.s                       0x00000000   Number         0  fnaninf.o ABSOLUTE
    ../fplib/fpinit.s                        0x00000000   Number         0  fpinit.o ABSOLUTE
    ../fplib/fretinf.s                       0x00000000   Number         0  fretinf.o ABSOLUTE
    ../fplib/istatus.s                       0x00000000   Number         0  istatus.o ABSOLUTE
    ../fplib/printf1.s                       0x00000000   Number         0  printf1.o ABSOLUTE
    ../fplib/usenofp.s                       0x00000000   Number         0  usenofp.o ABSOLUTE
    ../mathlib/fpclassify.c                  0x00000000   Number         0  fpclassify.o ABSOLUTE
    ..\CORE\core_cm3.c                       0x00000000   Number         0  core_cm3.o ABSOLUTE
    ..\CORE\startup_stm32f10x_md.s           0x00000000   Number         0  startup_stm32f10x_md.o ABSOLUTE
    ..\HARDWARE\24Cxx\24Cxx.c                0x00000000   Number         0  24cxx.o ABSOLUTE
    ..\HARDWARE\ADC\adc.c                    0x00000000   Number         0  adc.o ABSOLUTE
    ..\HARDWARE\EXTI\exti.c                  0x00000000   Number         0  exti.o ABSOLUTE
    ..\HARDWARE\GBK_LibDrive\GBK_LibDrive.c  0x00000000   Number         0  gbk_libdrive.o ABSOLUTE
    ..\HARDWARE\IIC\24Cxx_IIC.c              0x00000000   Number         0  24cxx_iic.o ABSOLUTE
    ..\HARDWARE\IWDG\IWDG.c                  0x00000000   Number         0  iwdg.o ABSOLUTE
    ..\HARDWARE\KEY\key.c                    0x00000000   Number         0  key.o ABSOLUTE
    ..\HARDWARE\LCD\Dis_Picture.c            0x00000000   Number         0  dis_picture.o ABSOLUTE
    ..\HARDWARE\LCD\FONT.c                   0x00000000   Number         0  font.o ABSOLUTE
    ..\HARDWARE\LCD\Picture.c                0x00000000   Number         0  picture.o ABSOLUTE
    ..\HARDWARE\LCD\Text.c                   0x00000000   Number         0  text.o ABSOLUTE
    ..\HARDWARE\LCD\lcd.c                    0x00000000   Number         0  lcd.o ABSOLUTE
    ..\HARDWARE\LED\led.c                    0x00000000   Number         0  led.o ABSOLUTE
    ..\HARDWARE\TIMER\timer.c                0x00000000   Number         0  timer.o ABSOLUTE
    ..\HARDWARE\WWDG\WWDG.c                  0x00000000   Number         0  wwdg.o ABSOLUTE
    ..\STM32F10x_FWLib\src\misc.c            0x00000000   Number         0  misc.o ABSOLUTE
    ..\STM32F10x_FWLib\src\stm32f10x_adc.c   0x00000000   Number         0  stm32f10x_adc.o ABSOLUTE
    ..\STM32F10x_FWLib\src\stm32f10x_bkp.c   0x00000000   Number         0  stm32f10x_bkp.o ABSOLUTE
    ..\STM32F10x_FWLib\src\stm32f10x_can.c   0x00000000   Number         0  stm32f10x_can.o ABSOLUTE
    ..\STM32F10x_FWLib\src\stm32f10x_cec.c   0x00000000   Number         0  stm32f10x_cec.o ABSOLUTE
    ..\STM32F10x_FWLib\src\stm32f10x_crc.c   0x00000000   Number         0  stm32f10x_crc.o ABSOLUTE
    ..\STM32F10x_FWLib\src\stm32f10x_dac.c   0x00000000   Number         0  stm32f10x_dac.o ABSOLUTE
    ..\STM32F10x_FWLib\src\stm32f10x_dbgmcu.c 0x00000000   Number         0  stm32f10x_dbgmcu.o ABSOLUTE
    ..\STM32F10x_FWLib\src\stm32f10x_dma.c   0x00000000   Number         0  stm32f10x_dma.o ABSOLUTE
    ..\STM32F10x_FWLib\src\stm32f10x_exti.c  0x00000000   Number         0  stm32f10x_exti.o ABSOLUTE
    ..\STM32F10x_FWLib\src\stm32f10x_flash.c 0x00000000   Number         0  stm32f10x_flash.o ABSOLUTE
    ..\STM32F10x_FWLib\src\stm32f10x_fsmc.c  0x00000000   Number         0  stm32f10x_fsmc.o ABSOLUTE
    ..\STM32F10x_FWLib\src\stm32f10x_gpio.c  0x00000000   Number         0  stm32f10x_gpio.o ABSOLUTE
    ..\STM32F10x_FWLib\src\stm32f10x_i2c.c   0x00000000   Number         0  stm32f10x_i2c.o ABSOLUTE
    ..\STM32F10x_FWLib\src\stm32f10x_iwdg.c  0x00000000   Number         0  stm32f10x_iwdg.o ABSOLUTE
    ..\STM32F10x_FWLib\src\stm32f10x_pwr.c   0x00000000   Number         0  stm32f10x_pwr.o ABSOLUTE
    ..\STM32F10x_FWLib\src\stm32f10x_rcc.c   0x00000000   Number         0  stm32f10x_rcc.o ABSOLUTE
    ..\STM32F10x_FWLib\src\stm32f10x_rtc.c   0x00000000   Number         0  stm32f10x_rtc.o ABSOLUTE
    ..\STM32F10x_FWLib\src\stm32f10x_sdio.c  0x00000000   Number         0  stm32f10x_sdio.o ABSOLUTE
    ..\STM32F10x_FWLib\src\stm32f10x_spi.c   0x00000000   Number         0  stm32f10x_spi.o ABSOLUTE
    ..\STM32F10x_FWLib\src\stm32f10x_tim.c   0x00000000   Number         0  stm32f10x_tim.o ABSOLUTE
    ..\STM32F10x_FWLib\src\stm32f10x_usart.c 0x00000000   Number         0  stm32f10x_usart.o ABSOLUTE
    ..\STM32F10x_FWLib\src\stm32f10x_wwdg.c  0x00000000   Number         0  stm32f10x_wwdg.o ABSOLUTE
    ..\SYSTEM\delay\delay.c                  0x00000000   Number         0  delay.o ABSOLUTE
    ..\SYSTEM\sys\sys.c                      0x00000000   Number         0  sys.o ABSOLUTE
    ..\SYSTEM\usart\usart.c                  0x00000000   Number         0  usart.o ABSOLUTE
    ..\\CORE\\core_cm3.c                     0x00000000   Number         0  core_cm3.o ABSOLUTE
    ..\\SYSTEM\\sys\\sys.c                   0x00000000   Number         0  sys.o ABSOLUTE
    dc.s                                     0x00000000   Number         0  dc.o ABSOLUTE
    main.c                                   0x00000000   Number         0  main.o ABSOLUTE
    stm32f10x_it.c                           0x00000000   Number         0  stm32f10x_it.o ABSOLUTE
    system_stm32f10x.c                       0x00000000   Number         0  system_stm32f10x.o ABSOLUTE
    RESET                                    0x08000000   Section      236  startup_stm32f10x_md.o(RESET)
    !!!main                                  0x080000ec   Section        8  __main.o(!!!main)
    !!!scatter                               0x080000f4   Section       52  __scatter.o(!!!scatter)
    !!handler_copy                           0x08000128   Section       26  __scatter_copy.o(!!handler_copy)
    !!handler_zi                             0x08000144   Section       28  __scatter_zi.o(!!handler_zi)
    .ARM.Collect$$_printf_percent$$00000000  0x08000160   Section        0  _printf_percent.o(.ARM.Collect$$_printf_percent$$00000000)
    .ARM.Collect$$_printf_percent$$00000003  0x08000160   Section        6  _printf_f.o(.ARM.Collect$$_printf_percent$$00000003)
    .ARM.Collect$$_printf_percent$$0000000C  0x08000166   Section        6  _printf_x.o(.ARM.Collect$$_printf_percent$$0000000C)
    .ARM.Collect$$_printf_percent$$00000017  0x0800016c   Section        4  _printf_percent_end.o(.ARM.Collect$$_printf_percent$$00000017)
    .ARM.Collect$$libinit$$00000000          0x08000170   Section        2  libinit.o(.ARM.Collect$$libinit$$00000000)
    .ARM.Collect$$libinit$$00000002          0x08000172   Section        0  libinit2.o(.ARM.Collect$$libinit$$00000002)
    .ARM.Collect$$libinit$$00000004          0x08000172   Section        0  libinit2.o(.ARM.Collect$$libinit$$00000004)
    .ARM.Collect$$libinit$$0000000A          0x08000172   Section        0  libinit2.o(.ARM.Collect$$libinit$$0000000A)
    .ARM.Collect$$libinit$$0000000C          0x08000172   Section        0  libinit2.o(.ARM.Collect$$libinit$$0000000C)
    .ARM.Collect$$libinit$$0000000E          0x08000172   Section        0  libinit2.o(.ARM.Collect$$libinit$$0000000E)
    .ARM.Collect$$libinit$$0000000F          0x08000172   Section        6  libinit2.o(.ARM.Collect$$libinit$$0000000F)
    .ARM.Collect$$libinit$$00000011          0x08000178   Section        0  libinit2.o(.ARM.Collect$$libinit$$00000011)
    .ARM.Collect$$libinit$$00000013          0x08000178   Section        0  libinit2.o(.ARM.Collect$$libinit$$00000013)
    .ARM.Collect$$libinit$$00000015          0x08000178   Section        0  libinit2.o(.ARM.Collect$$libinit$$00000015)
    .ARM.Collect$$libinit$$00000016          0x08000178   Section       10  libinit2.o(.ARM.Collect$$libinit$$00000016)
    .ARM.Collect$$libinit$$00000017          0x08000182   Section        0  libinit2.o(.ARM.Collect$$libinit$$00000017)
    .ARM.Collect$$libinit$$00000019          0x08000182   Section        0  libinit2.o(.ARM.Collect$$libinit$$00000019)
    .ARM.Collect$$libinit$$0000001B          0x08000182   Section        0  libinit2.o(.ARM.Collect$$libinit$$0000001B)
    .ARM.Collect$$libinit$$0000001D          0x08000182   Section        0  libinit2.o(.ARM.Collect$$libinit$$0000001D)
    .ARM.Collect$$libinit$$0000001F          0x08000182   Section        0  libinit2.o(.ARM.Collect$$libinit$$0000001F)
    .ARM.Collect$$libinit$$00000021          0x08000182   Section        0  libinit2.o(.ARM.Collect$$libinit$$00000021)
    .ARM.Collect$$libinit$$00000023          0x08000182   Section        0  libinit2.o(.ARM.Collect$$libinit$$00000023)
    .ARM.Collect$$libinit$$00000025          0x08000182   Section        0  libinit2.o(.ARM.Collect$$libinit$$00000025)
    .ARM.Collect$$libinit$$0000002C          0x08000182   Section        0  libinit2.o(.ARM.Collect$$libinit$$0000002C)
    .ARM.Collect$$libinit$$0000002E          0x08000182   Section        0  libinit2.o(.ARM.Collect$$libinit$$0000002E)
    .ARM.Collect$$libinit$$00000030          0x08000182   Section        0  libinit2.o(.ARM.Collect$$libinit$$00000030)
    .ARM.Collect$$libinit$$00000032          0x08000182   Section        0  libinit2.o(.ARM.Collect$$libinit$$00000032)
    .ARM.Collect$$libinit$$00000033          0x08000182   Section        2  libinit2.o(.ARM.Collect$$libinit$$00000033)
    .ARM.Collect$$libshutdown$$00000000      0x08000184   Section        2  libshutdown.o(.ARM.Collect$$libshutdown$$00000000)
    .ARM.Collect$$libshutdown$$00000002      0x08000186   Section        0  libshutdown2.o(.ARM.Collect$$libshutdown$$00000002)
    .ARM.Collect$$libshutdown$$00000004      0x08000186   Section        0  libshutdown2.o(.ARM.Collect$$libshutdown$$00000004)
    .ARM.Collect$$libshutdown$$00000007      0x08000186   Section        0  libshutdown2.o(.ARM.Collect$$libshutdown$$00000007)
    .ARM.Collect$$libshutdown$$0000000A      0x08000186   Section        0  libshutdown2.o(.ARM.Collect$$libshutdown$$0000000A)
    .ARM.Collect$$libshutdown$$0000000C      0x08000186   Section        0  libshutdown2.o(.ARM.Collect$$libshutdown$$0000000C)
    .ARM.Collect$$libshutdown$$0000000F      0x08000186   Section        0  libshutdown2.o(.ARM.Collect$$libshutdown$$0000000F)
    .ARM.Collect$$libshutdown$$00000010      0x08000186   Section        2  libshutdown2.o(.ARM.Collect$$libshutdown$$00000010)
    .ARM.Collect$$rtentry$$00000000          0x08000188   Section        0  __rtentry.o(.ARM.Collect$$rtentry$$00000000)
    .ARM.Collect$$rtentry$$00000002          0x08000188   Section        0  __rtentry2.o(.ARM.Collect$$rtentry$$00000002)
    .ARM.Collect$$rtentry$$00000004          0x08000188   Section        6  __rtentry4.o(.ARM.Collect$$rtentry$$00000004)
    .ARM.Collect$$rtentry$$00000009          0x0800018e   Section        0  __rtentry2.o(.ARM.Collect$$rtentry$$00000009)
    .ARM.Collect$$rtentry$$0000000A          0x0800018e   Section        4  __rtentry2.o(.ARM.Collect$$rtentry$$0000000A)
    .ARM.Collect$$rtentry$$0000000C          0x08000192   Section        0  __rtentry2.o(.ARM.Collect$$rtentry$$0000000C)
    .ARM.Collect$$rtentry$$0000000D          0x08000192   Section        8  __rtentry2.o(.ARM.Collect$$rtentry$$0000000D)
    .ARM.Collect$$rtexit$$00000000           0x0800019a   Section        2  rtexit.o(.ARM.Collect$$rtexit$$00000000)
    .ARM.Collect$$rtexit$$00000002           0x0800019c   Section        0  rtexit2.o(.ARM.Collect$$rtexit$$00000002)
    .ARM.Collect$$rtexit$$00000003           0x0800019c   Section        4  rtexit2.o(.ARM.Collect$$rtexit$$00000003)
    .ARM.Collect$$rtexit$$00000004           0x080001a0   Section        6  rtexit2.o(.ARM.Collect$$rtexit$$00000004)
    .text                                    0x080001a8   Section       64  startup_stm32f10x_md.o(.text)
    .text                                    0x080001e8   Section        2  use_no_semi_2.o(.text)
    .text                                    0x080001ec   Section        0  noretval__2printf.o(.text)
    .text                                    0x08000204   Section        0  noretval__2sprintf.o(.text)
    .text                                    0x0800022c   Section        0  _printf_pad.o(.text)
    .text                                    0x0800027c   Section        0  _printf_hex_int.o(.text)
    .text                                    0x080002d4   Section        0  __printf_wp.o(.text)
    .text                                    0x080003e2   Section        0  heapauxi.o(.text)
    .text                                    0x080003e8   Section        2  use_no_semi.o(.text)
    .text                                    0x080003ea   Section        0  _printf_intcommon.o(.text)
    .text                                    0x0800049c   Section        0  _printf_fp_dec.o(.text)
    _fp_digits                               0x0800049f   Thumb Code   428  _printf_fp_dec.o(.text)
    .text                                    0x080008b8   Section        0  _printf_char_common.o(.text)
    _printf_input_char                       0x080008b9   Thumb Code    10  _printf_char_common.o(.text)
    .text                                    0x080008e8   Section        0  _sputc.o(.text)
    .text                                    0x080008f4   Section        0  _printf_char_file.o(.text)
    .text                                    0x08000918   Section        8  rt_locale_intlibspace.o(.text)
    .text                                    0x08000920   Section      138  lludiv10.o(.text)
    .text                                    0x080009ac   Section        0  _printf_fp_infnan.o(.text)
    .text                                    0x08000a2c   Section        0  bigflt0.o(.text)
    .text                                    0x08000b08   Section        0  ferror.o(.text)
    .text                                    0x08000b10   Section        8  libspace.o(.text)
    .text                                    0x08000b18   Section       74  sys_stackheap_outer.o(.text)
    .text                                    0x08000b62   Section        0  exit.o(.text)
    .text                                    0x08000b74   Section      128  strcmpv7m.o(.text)
    CL$$btod_d2e                             0x08000bf4   Section       62  btod.o(CL$$btod_d2e)
    CL$$btod_d2e_denorm_low                  0x08000c32   Section       70  btod.o(CL$$btod_d2e_denorm_low)
    CL$$btod_d2e_norm_op1                    0x08000c78   Section       96  btod.o(CL$$btod_d2e_norm_op1)
    CL$$btod_div_common                      0x08000cd8   Section      824  btod.o(CL$$btod_div_common)
    CL$$btod_e2e                             0x08001010   Section      198  btod.o(CL$$btod_e2e)
    CL$$btod_ediv                            0x080010d6   Section       40  btod.o(CL$$btod_ediv)
    CL$$btod_emul                            0x080010fe   Section       40  btod.o(CL$$btod_emul)
    CL$$btod_mult_common                     0x08001126   Section      580  btod.o(CL$$btod_mult_common)
    i.ADC_Cmd                                0x0800136a   Section        0  stm32f10x_adc.o(i.ADC_Cmd)
    i.ADC_DeInit                             0x08001380   Section        0  stm32f10x_adc.o(i.ADC_DeInit)
    i.ADC_GetCalibrationStatus               0x080013c4   Section        0  stm32f10x_adc.o(i.ADC_GetCalibrationStatus)
    i.ADC_GetConversionValue                 0x080013d2   Section        0  stm32f10x_adc.o(i.ADC_GetConversionValue)
    i.ADC_GetFlagStatus                      0x080013d8   Section        0  stm32f10x_adc.o(i.ADC_GetFlagStatus)
    i.ADC_GetResetCalibrationStatus          0x080013e6   Section        0  stm32f10x_adc.o(i.ADC_GetResetCalibrationStatus)
    i.ADC_Init                               0x080013f4   Section        0  stm32f10x_adc.o(i.ADC_Init)
    i.ADC_RegularChannelConfig               0x0800143c   Section        0  stm32f10x_adc.o(i.ADC_RegularChannelConfig)
    i.ADC_ResetCalibration                   0x080014b0   Section        0  stm32f10x_adc.o(i.ADC_ResetCalibration)
    i.ADC_SoftwareStartConvCmd               0x080014ba   Section        0  stm32f10x_adc.o(i.ADC_SoftwareStartConvCmd)
    i.ADC_StartCalibration                   0x080014ce   Section        0  stm32f10x_adc.o(i.ADC_StartCalibration)
    i.Adc_Init                               0x080014d8   Section        0  adc.o(i.Adc_Init)
    i.BusFault_Handler                       0x08001560   Section        0  stm32f10x_it.o(i.BusFault_Handler)
    i.Copy_HZK16                             0x08001564   Section        0  text.o(i.Copy_HZK16)
    i.Copy_HZK24                             0x080015a4   Section        0  text.o(i.Copy_HZK24)
    i.Copy_Mem                               0x080015e8   Section        0  text.o(i.Copy_Mem)
    i.DebugMon_Handler                       0x08001600   Section        0  stm32f10x_it.o(i.DebugMon_Handler)
    i.Draw_Font16B                           0x08001604   Section        0  text.o(i.Draw_Font16B)
    i.EXTI0_IRQHandler                       0x08001634   Section        0  exti.o(i.EXTI0_IRQHandler)
    i.EXTI1_IRQHandler                       0x08001678   Section        0  exti.o(i.EXTI1_IRQHandler)
    i.EXTI2_IRQHandler                       0x080016b0   Section        0  exti.o(i.EXTI2_IRQHandler)
    i.EXTI3_IRQHandler                       0x080016e8   Section        0  exti.o(i.EXTI3_IRQHandler)
    i.EXTIX_GPIO_Config                      0x08001720   Section        0  exti.o(i.EXTIX_GPIO_Config)
    i.EXTIX_Init                             0x08001744   Section        0  exti.o(i.EXTIX_Init)
    i.EXTI_ClearITPendingBit                 0x08001814   Section        0  stm32f10x_exti.o(i.EXTI_ClearITPendingBit)
    i.EXTI_Init                              0x08001820   Section        0  stm32f10x_exti.o(i.EXTI_Init)
    i.GPIO_EXTILineConfig                    0x08001890   Section        0  stm32f10x_gpio.o(i.GPIO_EXTILineConfig)
    i.GPIO_Init                              0x080018b8   Section        0  stm32f10x_gpio.o(i.GPIO_Init)
    i.GPIO_ReadInputDataBit                  0x0800195a   Section        0  stm32f10x_gpio.o(i.GPIO_ReadInputDataBit)
    i.GPIO_ResetBits                         0x08001968   Section        0  stm32f10x_gpio.o(i.GPIO_ResetBits)
    i.GPIO_SetBits                           0x0800196c   Section        0  stm32f10x_gpio.o(i.GPIO_SetBits)
    i.Get_Adc                                0x08001970   Section        0  adc.o(i.Get_Adc)
    i.Get_Adc_Average                        0x080019a4   Section        0  adc.o(i.Get_Adc_Average)
    i.Get_HzMat                              0x080019d2   Section        0  text.o(i.Get_HzMat)
    i.HardFault_Handler                      0x08001a24   Section        0  stm32f10x_it.o(i.HardFault_Handler)
    i.IO_SPI_ReadWriteByte                   0x08001a28   Section        0  lcd.o(i.IO_SPI_ReadWriteByte)
    i.Key_GPIO_Config                        0x08001a8c   Section        0  key.o(i.Key_GPIO_Config)
    i.LCD_Clear                              0x08001ab4   Section        0  lcd.o(i.LCD_Clear)
    i.LCD_Display_Dir                        0x08001af4   Section        0  lcd.o(i.LCD_Display_Dir)
    i.LCD_Fast_DrawPoint                     0x08001b88   Section        0  lcd.o(i.LCD_Fast_DrawPoint)
    i.LCD_GPIO_Init                          0x08001ba8   Section        0  lcd.o(i.LCD_GPIO_Init)
    i.LCD_Init                               0x08001c14   Section        0  lcd.o(i.LCD_Init)
    i.LCD_SetCursor                          0x08001e54   Section        0  lcd.o(i.LCD_SetCursor)
    i.LCD_Set_Window                         0x08001ea0   Section        0  lcd.o(i.LCD_Set_Window)
    i.LCD_ShowChar                           0x08001f24   Section        0  lcd.o(i.LCD_ShowChar)
    i.LCD_SoftRest                           0x08001ff4   Section        0  lcd.o(i.LCD_SoftRest)
    i.LCD_WR_DATA16                          0x08002008   Section        0  lcd.o(i.LCD_WR_DATA16)
    i.LCD_WR_DATA8                           0x08002040   Section        0  lcd.o(i.LCD_WR_DATA8)
    i.LCD_WR_REG                             0x08002070   Section        0  lcd.o(i.LCD_WR_REG)
    i.LCD_WriteRAM_Prepare                   0x080020a0   Section        0  lcd.o(i.LCD_WriteRAM_Prepare)
    i.LCD_WriteReg                           0x080020ac   Section        0  lcd.o(i.LCD_WriteReg)
    i.LED_GPIO_Config                        0x080020c0   Section        0  led.o(i.LED_GPIO_Config)
    i.MemManage_Handler                      0x080020f8   Section        0  stm32f10x_it.o(i.MemManage_Handler)
    i.NMI_Handler                            0x080020fa   Section        0  stm32f10x_it.o(i.NMI_Handler)
    i.NVIC_Init                              0x080020fc   Section        0  misc.o(i.NVIC_Init)
    i.PendSV_Handler                         0x08002160   Section        0  stm32f10x_it.o(i.PendSV_Handler)
    i.RCC_ADCCLKConfig                       0x08002164   Section        0  stm32f10x_rcc.o(i.RCC_ADCCLKConfig)
    i.RCC_APB2PeriphClockCmd                 0x08002178   Section        0  stm32f10x_rcc.o(i.RCC_APB2PeriphClockCmd)
    i.RCC_APB2PeriphResetCmd                 0x08002190   Section        0  stm32f10x_rcc.o(i.RCC_APB2PeriphResetCmd)
    i.RCC_GetClocksFreq                      0x080021a8   Section        0  stm32f10x_rcc.o(i.RCC_GetClocksFreq)
    i.SVC_Handler                            0x08002238   Section        0  stm32f10x_it.o(i.SVC_Handler)
    i.SetSysClockTo72                        0x0800223c   Section        0  system_stm32f10x.o(i.SetSysClockTo72)
    SetSysClockTo72                          0x0800223d   Thumb Code   160  system_stm32f10x.o(i.SetSysClockTo72)
    i.Show_Font                              0x080022e4   Section        0  text.o(i.Show_Font)
    i.Show_Str                               0x08002378   Section        0  text.o(i.Show_Str)
    i.SysTick_CLKSourceConfig                0x08002412   Section        0  misc.o(i.SysTick_CLKSourceConfig)
    i.SysTick_Handler                        0x0800242a   Section        0  stm32f10x_it.o(i.SysTick_Handler)
    i.SystemInit                             0x0800242c   Section        0  system_stm32f10x.o(i.SystemInit)
    i.TIM2_IRQHandler                        0x0800247c   Section        0  timer.o(i.TIM2_IRQHandler)
    i.TIM3_IRQHandler                        0x08002504   Section        0  timer.o(i.TIM3_IRQHandler)
    i.TIM_ClearITPendingBit                  0x0800253c   Section        0  stm32f10x_tim.o(i.TIM_ClearITPendingBit)
    i.TIM_GetCapture1                        0x08002542   Section        0  stm32f10x_tim.o(i.TIM_GetCapture1)
    i.TIM_GetITStatus                        0x08002546   Section        0  stm32f10x_tim.o(i.TIM_GetITStatus)
    i.TIM_OC1PolarityConfig                  0x0800255e   Section        0  stm32f10x_tim.o(i.TIM_OC1PolarityConfig)
    i.TIM_SetCounter                         0x0800256a   Section        0  stm32f10x_tim.o(i.TIM_SetCounter)
    i.USART1_IRQHandler                      0x08002570   Section        0  usart.o(i.USART1_IRQHandler)
    i.USART_Cmd                              0x080025d4   Section        0  stm32f10x_usart.o(i.USART_Cmd)
    i.USART_GetITStatus                      0x080025e8   Section        0  stm32f10x_usart.o(i.USART_GetITStatus)
    i.USART_ITConfig                         0x08002626   Section        0  stm32f10x_usart.o(i.USART_ITConfig)
    i.USART_Init                             0x08002658   Section        0  stm32f10x_usart.o(i.USART_Init)
    i.USART_ReceiveData                      0x08002704   Section        0  stm32f10x_usart.o(i.USART_ReceiveData)
    i.UsageFault_Handler                     0x0800270c   Section        0  stm32f10x_it.o(i.UsageFault_Handler)
    i.WWDG_ClearFlag                         0x08002710   Section        0  stm32f10x_wwdg.o(i.WWDG_ClearFlag)
    i.WWDG_IRQHandler                        0x0800271c   Section        0  wwdg.o(i.WWDG_IRQHandler)
    i.WWDG_SetCounter                        0x08002748   Section        0  stm32f10x_wwdg.o(i.WWDG_SetCounter)
    i.__ARM_fpclassify                       0x08002758   Section        0  fpclassify.o(i.__ARM_fpclassify)
    i._is_digit                              0x08002780   Section        0  __printf_wp.o(i._is_digit)
    i._sys_exit                              0x0800278e   Section        0  usart.o(i._sys_exit)
    i.delay_init                             0x08002790   Section        0  delay.o(i.delay_init)
    i.delay_ms                               0x080027c8   Section        0  delay.o(i.delay_ms)
    i.fputc                                  0x080027fc   Section        0  usart.o(i.fputc)
    i.main                                   0x08002814   Section        0  main.o(i.main)
    i.uart_init                              0x08002994   Section        0  usart.o(i.uart_init)
    locale$$code                             0x08002a34   Section       44  lc_numeric_c.o(locale$$code)
    x$fpl$d2f                                0x08002a60   Section       98  d2f.o(x$fpl$d2f)
    x$fpl$dfltu                              0x08002ac2   Section       38  dflt_clz.o(x$fpl$dfltu)
    x$fpl$dmul                               0x08002ae8   Section      340  dmul.o(x$fpl$dmul)
    x$fpl$dnaninf                            0x08002c3c   Section      156  dnaninf.o(x$fpl$dnaninf)
    x$fpl$dretinf                            0x08002cd8   Section       12  dretinf.o(x$fpl$dretinf)
    x$fpl$f2d                                0x08002ce4   Section       86  f2d.o(x$fpl$f2d)
    x$fpl$fadd                               0x08002d3c   Section      196  faddsub_clz.o(x$fpl$fadd)
    _fadd1                                   0x08002d4b   Thumb Code     0  faddsub_clz.o(x$fpl$fadd)
    x$fpl$ffixu                              0x08002e00   Section       62  ffixu.o(x$fpl$ffixu)
    x$fpl$ffltu                              0x08002e40   Section       38  fflt_clz.o(x$fpl$ffltu)
    x$fpl$fmul                               0x08002e68   Section      258  fmul.o(x$fpl$fmul)
    x$fpl$fnaninf                            0x08002f6a   Section      140  fnaninf.o(x$fpl$fnaninf)
    x$fpl$fretinf                            0x08002ff6   Section       10  fretinf.o(x$fpl$fretinf)
    x$fpl$frsb                               0x08003000   Section       20  faddsub_clz.o(x$fpl$frsb)
    x$fpl$fsub                               0x08003014   Section      234  faddsub_clz.o(x$fpl$fsub)
    _fsub1                                   0x08003023   Thumb Code     0  faddsub_clz.o(x$fpl$fsub)
    x$fpl$printf1                            0x080030fe   Section        4  printf1.o(x$fpl$printf1)
    .constdata                               0x08003102   Section     1140  font.o(.constdata)
    x$fpl$usenofp                            0x08003102   Section        0  usenofp.o(x$fpl$usenofp)
    .constdata                               0x08003576   Section     1520  font.o(.constdata)
    .constdata                               0x08003b66   Section     3420  font.o(.constdata)
    .constdata                               0x080048c2   Section     2006  font.o(.constdata)
    .constdata                               0x08005098   Section      740  font.o(.constdata)
    .constdata                               0x0800537c   Section       40  _printf_hex_int.o(.constdata)
    uc_hextab                                0x0800537c   Data          20  _printf_hex_int.o(.constdata)
    lc_hextab                                0x08005390   Data          20  _printf_hex_int.o(.constdata)
    .constdata                               0x080053a4   Section      148  bigflt0.o(.constdata)
    tenpwrs_x                                0x080053a4   Data          60  bigflt0.o(.constdata)
    tenpwrs_i                                0x080053e0   Data          64  bigflt0.o(.constdata)
    locale$$data                             0x08005458   Section       28  lc_numeric_c.o(locale$$data)
    __lcnum_c_name                           0x0800545c   Data           2  lc_numeric_c.o(locale$$data)
    __lcnum_c_start                          0x08005464   Data           0  lc_numeric_c.o(locale$$data)
    __lcnum_c_point                          0x08005470   Data           0  lc_numeric_c.o(locale$$data)
    __lcnum_c_thousands                      0x08005472   Data           0  lc_numeric_c.o(locale$$data)
    __lcnum_c_grouping                       0x08005473   Data           0  lc_numeric_c.o(locale$$data)
    __lcnum_c_end                            0x08005474   Data           0  lc_numeric_c.o(locale$$data)
    .data                                    0x20000000   Section        1  main.o(.data)
    .data                                    0x20000004   Section        8  main.o(.data)
    .data                                    0x2000000c   Section       20  system_stm32f10x.o(.data)
    .data                                    0x20000020   Section        1  wwdg.o(.data)
    .data                                    0x20000022   Section        4  timer.o(.data)
    .data                                    0x20000026   Section        4  delay.o(.data)
    fac_us                                   0x20000026   Data           2  delay.o(.data)
    fac_ms                                   0x20000028   Data           2  delay.o(.data)
    .data                                    0x2000002a   Section        2  usart.o(.data)
    .data                                    0x2000002c   Section        4  usart.o(.data)
    .data                                    0x20000030   Section       20  stm32f10x_rcc.o(.data)
    ADCPrescTable                            0x20000030   Data           4  stm32f10x_rcc.o(.data)
    APBAHBPrescTable                         0x20000034   Data          16  stm32f10x_rcc.o(.data)
    .data                                    0x20000044   Section        6  lcd.o(.data)
    .bss                                     0x2000004c   Section       64  main.o(.bss)
    .bss                                     0x2000008c   Section      200  usart.o(.bss)
    .bss                                     0x20000154   Section       14  lcd.o(.bss)
    .bss                                     0x20000164   Section       96  libspace.o(.bss)
    HEAP                                     0x200001c8   Section      512  startup_stm32f10x_md.o(HEAP)
    Heap_Mem                                 0x200001c8   Data         512  startup_stm32f10x_md.o(HEAP)
    STACK                                    0x200003c8   Section     1024  startup_stm32f10x_md.o(STACK)
    Stack_Mem                                0x200003c8   Data        1024  startup_stm32f10x_md.o(STACK)
    __initial_sp                             0x200007c8   Data           0  startup_stm32f10x_md.o(STACK)

    Global Symbols

    Symbol Name                              Value     Ov Type        Size  Object(Section)

    BuildAttributes$$THM_ISAv4$P$D$K$B$S$PE$A:L22UL41UL21$X:L11$S22US41US21$IEEE1$IW$USESV6$~STKCKD$USESV7$~SHL$OTIME$ROPI$IEEEJ$EBA8$UX$STANDARDLIB$REQ8$PRES8$EABIv2 0x00000000   Number         0  anon$$obj.o ABSOLUTE
    __ARM_use_no_argv                        0x00000000   Number         0  main.o ABSOLUTE
    _printf_flags                            0x00000000   Number         0  printf_stubs.o ABSOLUTE
    _printf_return_value                     0x00000000   Number         0  printf_stubs.o ABSOLUTE
    _printf_sizespec                         0x00000000   Number         0  printf_stubs.o ABSOLUTE
    _printf_widthprec                        0x00000000   Number         0  printf_stubs.o ABSOLUTE
    __ARM_exceptions_init                     - Undefined Weak Reference
    __alloca_initialize                       - Undefined Weak Reference
    __arm_preinit_                            - Undefined Weak Reference
    __cpp_initialize__aeabi_                  - Undefined Weak Reference
    __cxa_finalize                            - Undefined Weak Reference
    __sigvec_lookup                           - Undefined Weak Reference
    _atexit_init                              - Undefined Weak Reference
    _call_atexit_fns                          - Undefined Weak Reference
    _clock_init                               - Undefined Weak Reference
    _fp_trap_init                             - Undefined Weak Reference
    _fp_trap_shutdown                         - Undefined Weak Reference
    _get_lc_collate                           - Undefined Weak Reference
    _get_lc_ctype                             - Undefined Weak Reference
    _get_lc_monetary                          - Undefined Weak Reference
    _get_lc_time                              - Undefined Weak Reference
    _getenv_init                              - Undefined Weak Reference
    _handle_redirection                       - Undefined Weak Reference
    _init_alloc                               - Undefined Weak Reference
    _init_user_alloc                          - Undefined Weak Reference
    _initio                                   - Undefined Weak Reference
    _mutex_acquire                            - Undefined Weak Reference
    _mutex_release                            - Undefined Weak Reference
    _printf_truncate_unsigned                 - Undefined Weak Reference
    _rand_init                                - Undefined Weak Reference
    _signal_finish                            - Undefined Weak Reference
    _signal_init                              - Undefined Weak Reference
    _terminate_alloc                          - Undefined Weak Reference
    _terminate_user_alloc                     - Undefined Weak Reference
    _terminateio                              - Undefined Weak Reference
    __Vectors_Size                           0x000000ec   Number         0  startup_stm32f10x_md.o ABSOLUTE
    __Vectors                                0x08000000   Data           4  startup_stm32f10x_md.o(RESET)
    __Vectors_End                            0x080000ec   Data           0  startup_stm32f10x_md.o(RESET)
    __main                                   0x080000ed   Thumb Code     8  __main.o(!!!main)
    __scatterload                            0x080000f5   Thumb Code     0  __scatter.o(!!!scatter)
    __scatterload_rt2                        0x080000f5   Thumb Code    44  __scatter.o(!!!scatter)
    __scatterload_rt2_thumb_only             0x080000f5   Thumb Code     0  __scatter.o(!!!scatter)
    __scatterload_null                       0x08000103   Thumb Code     0  __scatter.o(!!!scatter)
    __scatterload_copy                       0x08000129   Thumb Code    26  __scatter_copy.o(!!handler_copy)
    __scatterload_zeroinit                   0x08000145   Thumb Code    28  __scatter_zi.o(!!handler_zi)
    _printf_f                                0x08000161   Thumb Code     0  _printf_f.o(.ARM.Collect$$_printf_percent$$00000003)
    _printf_percent                          0x08000161   Thumb Code     0  _printf_percent.o(.ARM.Collect$$_printf_percent$$00000000)
    _printf_x                                0x08000167   Thumb Code     0  _printf_x.o(.ARM.Collect$$_printf_percent$$0000000C)
    _printf_percent_end                      0x0800016d   Thumb Code     0  _printf_percent_end.o(.ARM.Collect$$_printf_percent$$00000017)
    __rt_lib_init                            0x08000171   Thumb Code     0  libinit.o(.ARM.Collect$$libinit$$00000000)
    __rt_lib_init_fp_1                       0x08000173   Thumb Code     0  libinit2.o(.ARM.Collect$$libinit$$00000002)
    __rt_lib_init_heap_1                     0x08000173   Thumb Code     0  libinit2.o(.ARM.Collect$$libinit$$0000000A)
    __rt_lib_init_lc_common                  0x08000173   Thumb Code     0  libinit2.o(.ARM.Collect$$libinit$$0000000F)
    __rt_lib_init_preinit_1                  0x08000173   Thumb Code     0  libinit2.o(.ARM.Collect$$libinit$$00000004)
    __rt_lib_init_rand_1                     0x08000173   Thumb Code     0  libinit2.o(.ARM.Collect$$libinit$$0000000E)
    __rt_lib_init_user_alloc_1               0x08000173   Thumb Code     0  libinit2.o(.ARM.Collect$$libinit$$0000000C)
    __rt_lib_init_lc_collate_1               0x08000179   Thumb Code     0  libinit2.o(.ARM.Collect$$libinit$$00000011)
    __rt_lib_init_lc_ctype_1                 0x08000179   Thumb Code     0  libinit2.o(.ARM.Collect$$libinit$$00000013)
    __rt_lib_init_lc_monetary_1              0x08000179   Thumb Code     0  libinit2.o(.ARM.Collect$$libinit$$00000015)
    __rt_lib_init_lc_numeric_2               0x08000179   Thumb Code     0  libinit2.o(.ARM.Collect$$libinit$$00000016)
    __rt_lib_init_alloca_1                   0x08000183   Thumb Code     0  libinit2.o(.ARM.Collect$$libinit$$0000002E)
    __rt_lib_init_argv_1                     0x08000183   Thumb Code     0  libinit2.o(.ARM.Collect$$libinit$$0000002C)
    __rt_lib_init_atexit_1                   0x08000183   Thumb Code     0  libinit2.o(.ARM.Collect$$libinit$$0000001B)
    __rt_lib_init_clock_1                    0x08000183   Thumb Code     0  libinit2.o(.ARM.Collect$$libinit$$00000021)
    __rt_lib_init_cpp_1                      0x08000183   Thumb Code     0  libinit2.o(.ARM.Collect$$libinit$$00000032)
    __rt_lib_init_exceptions_1               0x08000183   Thumb Code     0  libinit2.o(.ARM.Collect$$libinit$$00000030)
    __rt_lib_init_fp_trap_1                  0x08000183   Thumb Code     0  libinit2.o(.ARM.Collect$$libinit$$0000001F)
    __rt_lib_init_getenv_1                   0x08000183   Thumb Code     0  libinit2.o(.ARM.Collect$$libinit$$00000023)
    __rt_lib_init_lc_numeric_1               0x08000183   Thumb Code     0  libinit2.o(.ARM.Collect$$libinit$$00000017)
    __rt_lib_init_lc_time_1                  0x08000183   Thumb Code     0  libinit2.o(.ARM.Collect$$libinit$$00000019)
    __rt_lib_init_return                     0x08000183   Thumb Code     0  libinit2.o(.ARM.Collect$$libinit$$00000033)
    __rt_lib_init_signal_1                   0x08000183   Thumb Code     0  libinit2.o(.ARM.Collect$$libinit$$0000001D)
    __rt_lib_init_stdio_1                    0x08000183   Thumb Code     0  libinit2.o(.ARM.Collect$$libinit$$00000025)
    __rt_lib_shutdown                        0x08000185   Thumb Code     0  libshutdown.o(.ARM.Collect$$libshutdown$$00000000)
    __rt_lib_shutdown_cpp_1                  0x08000187   Thumb Code     0  libshutdown2.o(.ARM.Collect$$libshutdown$$00000002)
    __rt_lib_shutdown_fp_trap_1              0x08000187   Thumb Code     0  libshutdown2.o(.ARM.Collect$$libshutdown$$00000007)
    __rt_lib_shutdown_heap_1                 0x08000187   Thumb Code     0  libshutdown2.o(.ARM.Collect$$libshutdown$$0000000F)
    __rt_lib_shutdown_return                 0x08000187   Thumb Code     0  libshutdown2.o(.ARM.Collect$$libshutdown$$00000010)
    __rt_lib_shutdown_signal_1               0x08000187   Thumb Code     0  libshutdown2.o(.ARM.Collect$$libshutdown$$0000000A)
    __rt_lib_shutdown_stdio_1                0x08000187   Thumb Code     0  libshutdown2.o(.ARM.Collect$$libshutdown$$00000004)
    __rt_lib_shutdown_user_alloc_1           0x08000187   Thumb Code     0  libshutdown2.o(.ARM.Collect$$libshutdown$$0000000C)
    __rt_entry                               0x08000189   Thumb Code     0  __rtentry.o(.ARM.Collect$$rtentry$$00000000)
    __rt_entry_presh_1                       0x08000189   Thumb Code     0  __rtentry2.o(.ARM.Collect$$rtentry$$00000002)
    __rt_entry_sh                            0x08000189   Thumb Code     0  __rtentry4.o(.ARM.Collect$$rtentry$$00000004)
    __rt_entry_li                            0x0800018f   Thumb Code     0  __rtentry2.o(.ARM.Collect$$rtentry$$0000000A)
    __rt_entry_postsh_1                      0x0800018f   Thumb Code     0  __rtentry2.o(.ARM.Collect$$rtentry$$00000009)
    __rt_entry_main                          0x08000193   Thumb Code     0  __rtentry2.o(.ARM.Collect$$rtentry$$0000000D)
    __rt_entry_postli_1                      0x08000193   Thumb Code     0  __rtentry2.o(.ARM.Collect$$rtentry$$0000000C)
    __rt_exit                                0x0800019b   Thumb Code     0  rtexit.o(.ARM.Collect$$rtexit$$00000000)
    __rt_exit_ls                             0x0800019d   Thumb Code     0  rtexit2.o(.ARM.Collect$$rtexit$$00000003)
    __rt_exit_prels_1                        0x0800019d   Thumb Code     0  rtexit2.o(.ARM.Collect$$rtexit$$00000002)
    __rt_exit_exit                           0x080001a1   Thumb Code     0  rtexit2.o(.ARM.Collect$$rtexit$$00000004)
    Reset_Handler                            0x080001a9   Thumb Code     8  startup_stm32f10x_md.o(.text)
    ADC1_2_IRQHandler                        0x080001c3   Thumb Code     0  startup_stm32f10x_md.o(.text)
    CAN1_RX1_IRQHandler                      0x080001c3   Thumb Code     0  startup_stm32f10x_md.o(.text)
    CAN1_SCE_IRQHandler                      0x080001c3   Thumb Code     0  startup_stm32f10x_md.o(.text)
    DMA1_Channel1_IRQHandler                 0x080001c3   Thumb Code     0  startup_stm32f10x_md.o(.text)
    DMA1_Channel2_IRQHandler                 0x080001c3   Thumb Code     0  startup_stm32f10x_md.o(.text)
    DMA1_Channel3_IRQHandler                 0x080001c3   Thumb Code     0  startup_stm32f10x_md.o(.text)
    DMA1_Channel4_IRQHandler                 0x080001c3   Thumb Code     0  startup_stm32f10x_md.o(.text)
    DMA1_Channel5_IRQHandler                 0x080001c3   Thumb Code     0  startup_stm32f10x_md.o(.text)
    DMA1_Channel6_IRQHandler                 0x080001c3   Thumb Code     0  startup_stm32f10x_md.o(.text)
    DMA1_Channel7_IRQHandler                 0x080001c3   Thumb Code     0  startup_stm32f10x_md.o(.text)
    EXTI15_10_IRQHandler                     0x080001c3   Thumb Code     0  startup_stm32f10x_md.o(.text)
    EXTI4_IRQHandler                         0x080001c3   Thumb Code     0  startup_stm32f10x_md.o(.text)
    EXTI9_5_IRQHandler                       0x080001c3   Thumb Code     0  startup_stm32f10x_md.o(.text)
    FLASH_IRQHandler                         0x080001c3   Thumb Code     0  startup_stm32f10x_md.o(.text)
    I2C1_ER_IRQHandler                       0x080001c3   Thumb Code     0  startup_stm32f10x_md.o(.text)
    I2C1_EV_IRQHandler                       0x080001c3   Thumb Code     0  startup_stm32f10x_md.o(.text)
    I2C2_ER_IRQHandler                       0x080001c3   Thumb Code     0  startup_stm32f10x_md.o(.text)
    I2C2_EV_IRQHandler                       0x080001c3   Thumb Code     0  startup_stm32f10x_md.o(.text)
    PVD_IRQHandler                           0x080001c3   Thumb Code     0  startup_stm32f10x_md.o(.text)
    RCC_IRQHandler                           0x080001c3   Thumb Code     0  startup_stm32f10x_md.o(.text)
    RTCAlarm_IRQHandler                      0x080001c3   Thumb Code     0  startup_stm32f10x_md.o(.text)
    RTC_IRQHandler                           0x080001c3   Thumb Code     0  startup_stm32f10x_md.o(.text)
    SPI1_IRQHandler                          0x080001c3   Thumb Code     0  startup_stm32f10x_md.o(.text)
    SPI2_IRQHandler                          0x080001c3   Thumb Code     0  startup_stm32f10x_md.o(.text)
    TAMPER_IRQHandler                        0x080001c3   Thumb Code     0  startup_stm32f10x_md.o(.text)
    TIM1_BRK_IRQHandler                      0x080001c3   Thumb Code     0  startup_stm32f10x_md.o(.text)
    TIM1_CC_IRQHandler                       0x080001c3   Thumb Code     0  startup_stm32f10x_md.o(.text)
    TIM1_TRG_COM_IRQHandler                  0x080001c3   Thumb Code     0  startup_stm32f10x_md.o(.text)
    TIM1_UP_IRQHandler                       0x080001c3   Thumb Code     0  startup_stm32f10x_md.o(.text)
    TIM4_IRQHandler                          0x080001c3   Thumb Code     0  startup_stm32f10x_md.o(.text)
    USART2_IRQHandler                        0x080001c3   Thumb Code     0  startup_stm32f10x_md.o(.text)
    USART3_IRQHandler                        0x080001c3   Thumb Code     0  startup_stm32f10x_md.o(.text)
    USBWakeUp_IRQHandler                     0x080001c3   Thumb Code     0  startup_stm32f10x_md.o(.text)
    USB_HP_CAN1_TX_IRQHandler                0x080001c3   Thumb Code     0  startup_stm32f10x_md.o(.text)
    USB_LP_CAN1_RX0_IRQHandler               0x080001c3   Thumb Code     0  startup_stm32f10x_md.o(.text)
    __user_initial_stackheap                 0x080001c5   Thumb Code     0  startup_stm32f10x_md.o(.text)
    __use_no_semihosting                     0x080001e9   Thumb Code     2  use_no_semi_2.o(.text)
    __2printf                                0x080001ed   Thumb Code    20  noretval__2printf.o(.text)
    __2sprintf                               0x08000205   Thumb Code    34  noretval__2sprintf.o(.text)
    _printf_pre_padding                      0x0800022d   Thumb Code    44  _printf_pad.o(.text)
    _printf_post_padding                     0x08000259   Thumb Code    34  _printf_pad.o(.text)
    _printf_int_hex                          0x0800027d   Thumb Code    84  _printf_hex_int.o(.text)
    _printf_longlong_hex                     0x0800027d   Thumb Code     0  _printf_hex_int.o(.text)
    __printf                                 0x080002d5   Thumb Code   270  __printf_wp.o(.text)
    __use_two_region_memory                  0x080003e3   Thumb Code     2  heapauxi.o(.text)
    __rt_heap_escrow$2region                 0x080003e5   Thumb Code     2  heapauxi.o(.text)
    __rt_heap_expand$2region                 0x080003e7   Thumb Code     2  heapauxi.o(.text)
    __I$use$semihosting                      0x080003e9   Thumb Code     0  use_no_semi.o(.text)
    __use_no_semihosting_swi                 0x080003e9   Thumb Code     2  use_no_semi.o(.text)
    _printf_int_common                       0x080003eb   Thumb Code   178  _printf_intcommon.o(.text)
    __lib_sel_fp_printf                      0x0800049d   Thumb Code     2  _printf_fp_dec.o(.text)
    _printf_fp_dec_real                      0x0800064b   Thumb Code   620  _printf_fp_dec.o(.text)
    _printf_char_common                      0x080008c3   Thumb Code    32  _printf_char_common.o(.text)
    _sputc                                   0x080008e9   Thumb Code    10  _sputc.o(.text)
    _printf_char_file                        0x080008f5   Thumb Code    32  _printf_char_file.o(.text)
    __rt_locale                              0x08000919   Thumb Code     8  rt_locale_intlibspace.o(.text)
    _ll_udiv10                               0x08000921   Thumb Code   138  lludiv10.o(.text)
    _printf_fp_infnan                        0x080009ad   Thumb Code   112  _printf_fp_infnan.o(.text)
    _btod_etento                             0x08000a2d   Thumb Code   216  bigflt0.o(.text)
    ferror                                   0x08000b09   Thumb Code     8  ferror.o(.text)
    __user_libspace                          0x08000b11   Thumb Code     8  libspace.o(.text)
    __user_perproc_libspace                  0x08000b11   Thumb Code     0  libspace.o(.text)
    __user_perthread_libspace                0x08000b11   Thumb Code     0  libspace.o(.text)
    __user_setup_stackheap                   0x08000b19   Thumb Code    74  sys_stackheap_outer.o(.text)
    exit                                     0x08000b63   Thumb Code    18  exit.o(.text)
    strcmp                                   0x08000b75   Thumb Code   128  strcmpv7m.o(.text)
    _btod_d2e                                0x08000bf5   Thumb Code    62  btod.o(CL$$btod_d2e)
    _d2e_denorm_low                          0x08000c33   Thumb Code    70  btod.o(CL$$btod_d2e_denorm_low)
    _d2e_norm_op1                            0x08000c79   Thumb Code    96  btod.o(CL$$btod_d2e_norm_op1)
    __btod_div_common                        0x08000cd9   Thumb Code   696  btod.o(CL$$btod_div_common)
    _e2e                                     0x08001011   Thumb Code   198  btod.o(CL$$btod_e2e)
    _btod_ediv                               0x080010d7   Thumb Code    40  btod.o(CL$$btod_ediv)
    _btod_emul                               0x080010ff   Thumb Code    40  btod.o(CL$$btod_emul)
    __btod_mult_common                       0x08001127   Thumb Code   580  btod.o(CL$$btod_mult_common)
    ADC_Cmd                                  0x0800136b   Thumb Code    20  stm32f10x_adc.o(i.ADC_Cmd)
    ADC_DeInit                               0x08001381   Thumb Code    56  stm32f10x_adc.o(i.ADC_DeInit)
    ADC_GetCalibrationStatus                 0x080013c5   Thumb Code    14  stm32f10x_adc.o(i.ADC_GetCalibrationStatus)
    ADC_GetConversionValue                   0x080013d3   Thumb Code     6  stm32f10x_adc.o(i.ADC_GetConversionValue)
    ADC_GetFlagStatus                        0x080013d9   Thumb Code    14  stm32f10x_adc.o(i.ADC_GetFlagStatus)
    ADC_GetResetCalibrationStatus            0x080013e7   Thumb Code    14  stm32f10x_adc.o(i.ADC_GetResetCalibrationStatus)
    ADC_Init                                 0x080013f5   Thumb Code    62  stm32f10x_adc.o(i.ADC_Init)
    ADC_RegularChannelConfig                 0x0800143d   Thumb Code   116  stm32f10x_adc.o(i.ADC_RegularChannelConfig)
    ADC_ResetCalibration                     0x080014b1   Thumb Code    10  stm32f10x_adc.o(i.ADC_ResetCalibration)
    ADC_SoftwareStartConvCmd                 0x080014bb   Thumb Code    20  stm32f10x_adc.o(i.ADC_SoftwareStartConvCmd)
    ADC_StartCalibration                     0x080014cf   Thumb Code    10  stm32f10x_adc.o(i.ADC_StartCalibration)
    Adc_Init                                 0x080014d9   Thumb Code   128  adc.o(i.Adc_Init)
    BusFault_Handler                         0x08001561   Thumb Code     2  stm32f10x_it.o(i.BusFault_Handler)
    Copy_HZK16                               0x08001565   Thumb Code    60  text.o(i.Copy_HZK16)
    Copy_HZK24                               0x080015a5   Thumb Code    64  text.o(i.Copy_HZK24)
    Copy_Mem                                 0x080015e9   Thumb Code    24  text.o(i.Copy_Mem)
    DebugMon_Handler                         0x08001601   Thumb Code     2  stm32f10x_it.o(i.DebugMon_Handler)
    Draw_Font16B                             0x08001605   Thumb Code    42  text.o(i.Draw_Font16B)
    EXTI0_IRQHandler                         0x08001635   Thumb Code    56  exti.o(i.EXTI0_IRQHandler)
    EXTI1_IRQHandler                         0x08001679   Thumb Code    46  exti.o(i.EXTI1_IRQHandler)
    EXTI2_IRQHandler                         0x080016b1   Thumb Code    46  exti.o(i.EXTI2_IRQHandler)
    EXTI3_IRQHandler                         0x080016e9   Thumb Code    46  exti.o(i.EXTI3_IRQHandler)
    EXTIX_GPIO_Config                        0x08001721   Thumb Code    32  exti.o(i.EXTIX_GPIO_Config)
    EXTIX_Init                               0x08001745   Thumb Code   208  exti.o(i.EXTIX_Init)
    EXTI_ClearITPendingBit                   0x08001815   Thumb Code     6  stm32f10x_exti.o(i.EXTI_ClearITPendingBit)
    EXTI_Init                                0x08001821   Thumb Code   108  stm32f10x_exti.o(i.EXTI_Init)
    GPIO_EXTILineConfig                      0x08001891   Thumb Code    34  stm32f10x_gpio.o(i.GPIO_EXTILineConfig)
    GPIO_Init                                0x080018b9   Thumb Code   162  stm32f10x_gpio.o(i.GPIO_Init)
    GPIO_ReadInputDataBit                    0x0800195b   Thumb Code    14  stm32f10x_gpio.o(i.GPIO_ReadInputDataBit)
    GPIO_ResetBits                           0x08001969   Thumb Code     4  stm32f10x_gpio.o(i.GPIO_ResetBits)
    GPIO_SetBits                             0x0800196d   Thumb Code     4  stm32f10x_gpio.o(i.GPIO_SetBits)
    Get_Adc                                  0x08001971   Thumb Code    46  adc.o(i.Get_Adc)
    Get_Adc_Average                          0x080019a5   Thumb Code    46  adc.o(i.Get_Adc_Average)
    Get_HzMat                                0x080019d3   Thumb Code    82  text.o(i.Get_HzMat)
    HardFault_Handler                        0x08001a25   Thumb Code     2  stm32f10x_it.o(i.HardFault_Handler)
    IO_SPI_ReadWriteByte                     0x08001a29   Thumb Code    94  lcd.o(i.IO_SPI_ReadWriteByte)
    Key_GPIO_Config                          0x08001a8d   Thumb Code    36  key.o(i.Key_GPIO_Config)
    LCD_Clear                                0x08001ab5   Thumb Code    58  lcd.o(i.LCD_Clear)
    LCD_Display_Dir                          0x08001af5   Thumb Code   138  lcd.o(i.LCD_Display_Dir)
    LCD_Fast_DrawPoint                       0x08001b89   Thumb Code    26  lcd.o(i.LCD_Fast_DrawPoint)
    LCD_GPIO_Init                            0x08001ba9   Thumb Code    98  lcd.o(i.LCD_GPIO_Init)
    LCD_Init                                 0x08001c15   Thumb Code   572  lcd.o(i.LCD_Init)
    LCD_SetCursor                            0x08001e55   Thumb Code    68  lcd.o(i.LCD_SetCursor)
    LCD_Set_Window                           0x08001ea1   Thumb Code   122  lcd.o(i.LCD_Set_Window)
    LCD_ShowChar                             0x08001f25   Thumb Code   188  lcd.o(i.LCD_ShowChar)
    LCD_SoftRest                             0x08001ff5   Thumb Code    18  lcd.o(i.LCD_SoftRest)
    LCD_WR_DATA16                            0x08002009   Thumb Code    50  lcd.o(i.LCD_WR_DATA16)
    LCD_WR_DATA8                             0x08002041   Thumb Code    44  lcd.o(i.LCD_WR_DATA8)
    LCD_WR_REG                               0x08002071   Thumb Code    44  lcd.o(i.LCD_WR_REG)
    LCD_WriteRAM_Prepare                     0x080020a1   Thumb Code     8  lcd.o(i.LCD_WriteRAM_Prepare)
    LCD_WriteReg                             0x080020ad   Thumb Code    18  lcd.o(i.LCD_WriteReg)
    LED_GPIO_Config                          0x080020c1   Thumb Code    50  led.o(i.LED_GPIO_Config)
    MemManage_Handler                        0x080020f9   Thumb Code     2  stm32f10x_it.o(i.MemManage_Handler)
    NMI_Handler                              0x080020fb   Thumb Code     2  stm32f10x_it.o(i.NMI_Handler)
    NVIC_Init                                0x080020fd   Thumb Code    94  misc.o(i.NVIC_Init)
    PendSV_Handler                           0x08002161   Thumb Code     2  stm32f10x_it.o(i.PendSV_Handler)
    RCC_ADCCLKConfig                         0x08002165   Thumb Code    14  stm32f10x_rcc.o(i.RCC_ADCCLKConfig)
    RCC_APB2PeriphClockCmd                   0x08002179   Thumb Code    18  stm32f10x_rcc.o(i.RCC_APB2PeriphClockCmd)
    RCC_APB2PeriphResetCmd                   0x08002191   Thumb Code    18  stm32f10x_rcc.o(i.RCC_APB2PeriphResetCmd)
    RCC_GetClocksFreq                        0x080021a9   Thumb Code   128  stm32f10x_rcc.o(i.RCC_GetClocksFreq)
    SVC_Handler                              0x08002239   Thumb Code     2  stm32f10x_it.o(i.SVC_Handler)
    Show_Font                                0x080022e5   Thumb Code   142  text.o(i.Show_Font)
    Show_Str                                 0x08002379   Thumb Code   154  text.o(i.Show_Str)
    SysTick_CLKSourceConfig                  0x08002413   Thumb Code    24  misc.o(i.SysTick_CLKSourceConfig)
    SysTick_Handler                          0x0800242b   Thumb Code     2  stm32f10x_it.o(i.SysTick_Handler)
    SystemInit                               0x0800242d   Thumb Code    64  system_stm32f10x.o(i.SystemInit)
    TIM2_IRQHandler                          0x0800247d   Thumb Code   130  timer.o(i.TIM2_IRQHandler)
    TIM3_IRQHandler                          0x08002505   Thumb Code    46  timer.o(i.TIM3_IRQHandler)
    TIM_ClearITPendingBit                    0x0800253d   Thumb Code     6  stm32f10x_tim.o(i.TIM_ClearITPendingBit)
    TIM_GetCapture1                          0x08002543   Thumb Code     4  stm32f10x_tim.o(i.TIM_GetCapture1)
    TIM_GetITStatus                          0x08002547   Thumb Code    24  stm32f10x_tim.o(i.TIM_GetITStatus)
    TIM_OC1PolarityConfig                    0x0800255f   Thumb Code    12  stm32f10x_tim.o(i.TIM_OC1PolarityConfig)
    TIM_SetCounter                           0x0800256b   Thumb Code     4  stm32f10x_tim.o(i.TIM_SetCounter)
    USART1_IRQHandler                        0x08002571   Thumb Code    88  usart.o(i.USART1_IRQHandler)
    USART_Cmd                                0x080025d5   Thumb Code    20  stm32f10x_usart.o(i.USART_Cmd)
    USART_GetITStatus                        0x080025e9   Thumb Code    62  stm32f10x_usart.o(i.USART_GetITStatus)
    USART_ITConfig                           0x08002627   Thumb Code    48  stm32f10x_usart.o(i.USART_ITConfig)
    USART_Init                               0x08002659   Thumb Code   166  stm32f10x_usart.o(i.USART_Init)
    USART_ReceiveData                        0x08002705   Thumb Code     8  stm32f10x_usart.o(i.USART_ReceiveData)
    UsageFault_Handler                       0x0800270d   Thumb Code     2  stm32f10x_it.o(i.UsageFault_Handler)
    WWDG_ClearFlag                           0x08002711   Thumb Code     8  stm32f10x_wwdg.o(i.WWDG_ClearFlag)
    WWDG_IRQHandler                          0x0800271d   Thumb Code    34  wwdg.o(i.WWDG_IRQHandler)
    WWDG_SetCounter                          0x08002749   Thumb Code    10  stm32f10x_wwdg.o(i.WWDG_SetCounter)
    __ARM_fpclassify                         0x08002759   Thumb Code    40  fpclassify.o(i.__ARM_fpclassify)
    _is_digit                                0x08002781   Thumb Code    14  __printf_wp.o(i._is_digit)
    _sys_exit                                0x0800278f   Thumb Code     2  usart.o(i._sys_exit)
    delay_init                               0x08002791   Thumb Code    44  delay.o(i.delay_init)
    delay_ms                                 0x080027c9   Thumb Code    46  delay.o(i.delay_ms)
    fputc                                    0x080027fd   Thumb Code    18  usart.o(i.fputc)
    main                                     0x08002815   Thumb Code   244  main.o(i.main)
    uart_init                                0x08002995   Thumb Code   152  usart.o(i.uart_init)
    _get_lc_numeric                          0x08002a35   Thumb Code    44  lc_numeric_c.o(locale$$code)
    __aeabi_d2f                              0x08002a61   Thumb Code     0  d2f.o(x$fpl$d2f)
    _d2f                                     0x08002a61   Thumb Code    98  d2f.o(x$fpl$d2f)
    __aeabi_ui2d                             0x08002ac3   Thumb Code     0  dflt_clz.o(x$fpl$dfltu)
    _dfltu                                   0x08002ac3   Thumb Code    38  dflt_clz.o(x$fpl$dfltu)
    __aeabi_dmul                             0x08002ae9   Thumb Code     0  dmul.o(x$fpl$dmul)
    _dmul                                    0x08002ae9   Thumb Code   332  dmul.o(x$fpl$dmul)
    __fpl_dnaninf                            0x08002c3d   Thumb Code   156  dnaninf.o(x$fpl$dnaninf)
    __fpl_dretinf                            0x08002cd9   Thumb Code    12  dretinf.o(x$fpl$dretinf)
    __aeabi_f2d                              0x08002ce5   Thumb Code     0  f2d.o(x$fpl$f2d)
    _f2d                                     0x08002ce5   Thumb Code    86  f2d.o(x$fpl$f2d)
    __aeabi_fadd                             0x08002d3d   Thumb Code     0  faddsub_clz.o(x$fpl$fadd)
    _fadd                                    0x08002d3d   Thumb Code   196  faddsub_clz.o(x$fpl$fadd)
    __aeabi_f2uiz                            0x08002e01   Thumb Code     0  ffixu.o(x$fpl$ffixu)
    _ffixu                                   0x08002e01   Thumb Code    62  ffixu.o(x$fpl$ffixu)
    __aeabi_ui2f                             0x08002e41   Thumb Code     0  fflt_clz.o(x$fpl$ffltu)
    _ffltu                                   0x08002e41   Thumb Code    38  fflt_clz.o(x$fpl$ffltu)
    __aeabi_fmul                             0x08002e69   Thumb Code     0  fmul.o(x$fpl$fmul)
    _fmul                                    0x08002e69   Thumb Code   258  fmul.o(x$fpl$fmul)
    __fpl_fnaninf                            0x08002f6b   Thumb Code   140  fnaninf.o(x$fpl$fnaninf)
    __fpl_fretinf                            0x08002ff7   Thumb Code    10  fretinf.o(x$fpl$fretinf)
    __aeabi_frsub                            0x08003001   Thumb Code     0  faddsub_clz.o(x$fpl$frsb)
    _frsb                                    0x08003001   Thumb Code    20  faddsub_clz.o(x$fpl$frsb)
    __aeabi_fsub                             0x08003015   Thumb Code     0  faddsub_clz.o(x$fpl$fsub)
    _fsub                                    0x08003015   Thumb Code   234  faddsub_clz.o(x$fpl$fsub)
    _printf_fp_dec                           0x080030ff   Thumb Code     4  printf1.o(x$fpl$printf1)
    __I$use$fp                               0x08003102   Number         0  usenofp.o(x$fpl$usenofp)
    asc2_1206                                0x08003102   Data        1140  font.o(.constdata)
    asc2_1608                                0x08003576   Data        1520  font.o(.constdata)
    asc2_2412                                0x08003b66   Data        3420  font.o(.constdata)
    hz16                                     0x080048c2   Data        2006  font.o(.constdata)
    hz24                                     0x08005098   Data         740  font.o(.constdata)
    Region$$Table$$Base                      0x08005438   Number         0  anon$$obj.o(Region$$Table)
    Region$$Table$$Limit                     0x08005458   Number         0  anon$$obj.o(Region$$Table)
    Key_value                                0x20000000   Data           1  main.o(.data)
    adcx                                     0x20000004   Data           2  main.o(.data)
    temp                                     0x20000008   Data           4  main.o(.data)
    SystemCoreClock                          0x2000000c   Data           4  system_stm32f10x.o(.data)
    AHBPrescTable                            0x20000010   Data          16  system_stm32f10x.o(.data)
    WWDG_CNT                                 0x20000020   Data           1  wwdg.o(.data)
    TIM2CH1_CAPTURE_STA                      0x20000022   Data           1  timer.o(.data)
    TIM2CH1_CAPTURE_VAL                      0x20000024   Data           2  timer.o(.data)
    USART_RX_STA                             0x2000002a   Data           2  usart.o(.data)
    __stdout                                 0x2000002c   Data           4  usart.o(.data)
    USE_HORIZONTAL                           0x20000044   Data           1  lcd.o(.data)
    POINT_COLOR                              0x20000046   Data           2  lcd.o(.data)
    BACK_COLOR                               0x20000048   Data           2  lcd.o(.data)
    TFT_Buffer                               0x2000004c   Data          64  main.o(.bss)
    USART_RX_BUF                             0x2000008c   Data         200  usart.o(.bss)
    lcddev                                   0x20000154   Data          14  lcd.o(.bss)
    __libspace_start                         0x20000164   Data          96  libspace.o(.bss)
    __temporary_stack_top$libspace           0x200001c4   Data           0  libspace.o(.bss)



==============================================================================

Memory Map of the image

  Image Entry point : 0x080001a9

  Load Region LR_1 (Base: 0x08000000, Size: 0x000054c0, Max: 0xffffffff, ABSOLUTE)

    Execution Region ER_RO (Base: 0x08000000, Size: 0x00005474, Max: 0xffffffff, ABSOLUTE)

    Base Addr    Size         Type   Attr      Idx    E Section Name        Object

    0x08000000   0x000000ec   Data   RO          719    RESET               startup_stm32f10x_md.o
    0x080000ec   0x00000008   Code   RO         4181  * !!!main             c_w.l(__main.o)
    0x080000f4   0x00000034   Code   RO         4437    !!!scatter          c_w.l(__scatter.o)
    0x08000128   0x0000001a   Code   RO         4439    !!handler_copy      c_w.l(__scatter_copy.o)
    0x08000142   0x00000002   PAD
    0x08000144   0x0000001c   Code   RO         4441    !!handler_zi        c_w.l(__scatter_zi.o)
    0x08000160   0x00000000   Code   RO         4176    .ARM.Collect$$_printf_percent$$00000000  c_w.l(_printf_percent.o)
    0x08000160   0x00000006   Code   RO         4175    .ARM.Collect$$_printf_percent$$00000003  c_w.l(_printf_f.o)
    0x08000166   0x00000006   Code   RO         4174    .ARM.Collect$$_printf_percent$$0000000C  c_w.l(_printf_x.o)
    0x0800016c   0x00000004   Code   RO         4228    .ARM.Collect$$_printf_percent$$00000017  c_w.l(_printf_percent_end.o)
    0x08000170   0x00000002   Code   RO         4314    .ARM.Collect$$libinit$$00000000  c_w.l(libinit.o)
    0x08000172   0x00000000   Code   RO         4316    .ARM.Collect$$libinit$$00000002  c_w.l(libinit2.o)
    0x08000172   0x00000000   Code   RO         4318    .ARM.Collect$$libinit$$00000004  c_w.l(libinit2.o)
    0x08000172   0x00000000   Code   RO         4321    .ARM.Collect$$libinit$$0000000A  c_w.l(libinit2.o)
    0x08000172   0x00000000   Code   RO         4323    .ARM.Collect$$libinit$$0000000C  c_w.l(libinit2.o)
    0x08000172   0x00000000   Code   RO         4325    .ARM.Collect$$libinit$$0000000E  c_w.l(libinit2.o)
    0x08000172   0x00000006   Code   RO         4326    .ARM.Collect$$libinit$$0000000F  c_w.l(libinit2.o)
    0x08000178   0x00000000   Code   RO         4328    .ARM.Collect$$libinit$$00000011  c_w.l(libinit2.o)
    0x08000178   0x00000000   Code   RO         4330    .ARM.Collect$$libinit$$00000013  c_w.l(libinit2.o)
    0x08000178   0x00000000   Code   RO         4332    .ARM.Collect$$libinit$$00000015  c_w.l(libinit2.o)
    0x08000178   0x0000000a   Code   RO         4333    .ARM.Collect$$libinit$$00000016  c_w.l(libinit2.o)
    0x08000182   0x00000000   Code   RO         4334    .ARM.Collect$$libinit$$00000017  c_w.l(libinit2.o)
    0x08000182   0x00000000   Code   RO         4336    .ARM.Collect$$libinit$$00000019  c_w.l(libinit2.o)
    0x08000182   0x00000000   Code   RO         4338    .ARM.Collect$$libinit$$0000001B  c_w.l(libinit2.o)
    0x08000182   0x00000000   Code   RO         4340    .ARM.Collect$$libinit$$0000001D  c_w.l(libinit2.o)
    0x08000182   0x00000000   Code   RO         4342    .ARM.Collect$$libinit$$0000001F  c_w.l(libinit2.o)
    0x08000182   0x00000000   Code   RO         4344    .ARM.Collect$$libinit$$00000021  c_w.l(libinit2.o)
    0x08000182   0x00000000   Code   RO         4346    .ARM.Collect$$libinit$$00000023  c_w.l(libinit2.o)
    0x08000182   0x00000000   Code   RO         4348    .ARM.Collect$$libinit$$00000025  c_w.l(libinit2.o)
    0x08000182   0x00000000   Code   RO         4352    .ARM.Collect$$libinit$$0000002C  c_w.l(libinit2.o)
    0x08000182   0x00000000   Code   RO         4354    .ARM.Collect$$libinit$$0000002E  c_w.l(libinit2.o)
    0x08000182   0x00000000   Code   RO         4356    .ARM.Collect$$libinit$$00000030  c_w.l(libinit2.o)
    0x08000182   0x00000000   Code   RO         4358    .ARM.Collect$$libinit$$00000032  c_w.l(libinit2.o)
    0x08000182   0x00000002   Code   RO         4359    .ARM.Collect$$libinit$$00000033  c_w.l(libinit2.o)
    0x08000184   0x00000002   Code   RO         4387    .ARM.Collect$$libshutdown$$00000000  c_w.l(libshutdown.o)
    0x08000186   0x00000000   Code   RO         4396    .ARM.Collect$$libshutdown$$00000002  c_w.l(libshutdown2.o)
    0x08000186   0x00000000   Code   RO         4398    .ARM.Collect$$libshutdown$$00000004  c_w.l(libshutdown2.o)
    0x08000186   0x00000000   Code   RO         4401    .ARM.Collect$$libshutdown$$00000007  c_w.l(libshutdown2.o)
    0x08000186   0x00000000   Code   RO         4404    .ARM.Collect$$libshutdown$$0000000A  c_w.l(libshutdown2.o)
    0x08000186   0x00000000   Code   RO         4406    .ARM.Collect$$libshutdown$$0000000C  c_w.l(libshutdown2.o)
    0x08000186   0x00000000   Code   RO         4409    .ARM.Collect$$libshutdown$$0000000F  c_w.l(libshutdown2.o)
    0x08000186   0x00000002   Code   RO         4410    .ARM.Collect$$libshutdown$$00000010  c_w.l(libshutdown2.o)
    0x08000188   0x00000000   Code   RO         4217    .ARM.Collect$$rtentry$$00000000  c_w.l(__rtentry.o)
    0x08000188   0x00000000   Code   RO         4239    .ARM.Collect$$rtentry$$00000002  c_w.l(__rtentry2.o)
    0x08000188   0x00000006   Code   RO         4251    .ARM.Collect$$rtentry$$00000004  c_w.l(__rtentry4.o)
    0x0800018e   0x00000000   Code   RO         4241    .ARM.Collect$$rtentry$$00000009  c_w.l(__rtentry2.o)
    0x0800018e   0x00000004   Code   RO         4242    .ARM.Collect$$rtentry$$0000000A  c_w.l(__rtentry2.o)
    0x08000192   0x00000000   Code   RO         4244    .ARM.Collect$$rtentry$$0000000C  c_w.l(__rtentry2.o)
    0x08000192   0x00000008   Code   RO         4245    .ARM.Collect$$rtentry$$0000000D  c_w.l(__rtentry2.o)
    0x0800019a   0x00000002   Code   RO         4360    .ARM.Collect$$rtexit$$00000000  c_w.l(rtexit.o)
    0x0800019c   0x00000000   Code   RO         4367    .ARM.Collect$$rtexit$$00000002  c_w.l(rtexit2.o)
    0x0800019c   0x00000004   Code   RO         4368    .ARM.Collect$$rtexit$$00000003  c_w.l(rtexit2.o)
    0x080001a0   0x00000006   Code   RO         4369    .ARM.Collect$$rtexit$$00000004  c_w.l(rtexit2.o)
    0x080001a6   0x00000002   PAD
    0x080001a8   0x00000040   Code   RO          720  * .text               startup_stm32f10x_md.o
    0x080001e8   0x00000002   Code   RO         4119    .text               c_w.l(use_no_semi_2.o)
    0x080001ea   0x00000002   PAD
    0x080001ec   0x00000018   Code   RO         4125    .text               c_w.l(noretval__2printf.o)
    0x08000204   0x00000028   Code   RO         4127    .text               c_w.l(noretval__2sprintf.o)
    0x0800022c   0x0000004e   Code   RO         4131    .text               c_w.l(_printf_pad.o)
    0x0800027a   0x00000002   PAD
    0x0800027c   0x00000058   Code   RO         4136    .text               c_w.l(_printf_hex_int.o)
    0x080002d4   0x0000010e   Code   RO         4162    .text               c_w.l(__printf_wp.o)
    0x080003e2   0x00000006   Code   RO         4179    .text               c_w.l(heapauxi.o)
    0x080003e8   0x00000002   Code   RO         4215    .text               c_w.l(use_no_semi.o)
    0x080003ea   0x000000b2   Code   RO         4218    .text               c_w.l(_printf_intcommon.o)
    0x0800049c   0x0000041a   Code   RO         4220    .text               c_w.l(_printf_fp_dec.o)
    0x080008b6   0x00000002   PAD
    0x080008b8   0x00000030   Code   RO         4222    .text               c_w.l(_printf_char_common.o)
    0x080008e8   0x0000000a   Code   RO         4224    .text               c_w.l(_sputc.o)
    0x080008f2   0x00000002   PAD
    0x080008f4   0x00000024   Code   RO         4226    .text               c_w.l(_printf_char_file.o)
    0x08000918   0x00000008   Code   RO         4256    .text               c_w.l(rt_locale_intlibspace.o)
    0x08000920   0x0000008a   Code   RO         4258    .text               c_w.l(lludiv10.o)
    0x080009aa   0x00000002   PAD
    0x080009ac   0x00000080   Code   RO         4260    .text               c_w.l(_printf_fp_infnan.o)
    0x08000a2c   0x000000dc   Code   RO         4264    .text               c_w.l(bigflt0.o)
    0x08000b08   0x00000008   Code   RO         4289    .text               c_w.l(ferror.o)
    0x08000b10   0x00000008   Code   RO         4300    .text               c_w.l(libspace.o)
    0x08000b18   0x0000004a   Code   RO         4303    .text               c_w.l(sys_stackheap_outer.o)
    0x08000b62   0x00000012   Code   RO         4305    .text               c_w.l(exit.o)
    0x08000b74   0x00000080   Code   RO         4307    .text               c_w.l(strcmpv7m.o)
    0x08000bf4   0x0000003e   Code   RO         4267    CL$$btod_d2e        c_w.l(btod.o)
    0x08000c32   0x00000046   Code   RO         4269    CL$$btod_d2e_denorm_low  c_w.l(btod.o)
    0x08000c78   0x00000060   Code   RO         4268    CL$$btod_d2e_norm_op1  c_w.l(btod.o)
    0x08000cd8   0x00000338   Code   RO         4277    CL$$btod_div_common  c_w.l(btod.o)
    0x08001010   0x000000c6   Code   RO         4274    CL$$btod_e2e        c_w.l(btod.o)
    0x080010d6   0x00000028   Code   RO         4271    CL$$btod_ediv       c_w.l(btod.o)
    0x080010fe   0x00000028   Code   RO         4270    CL$$btod_emul       c_w.l(btod.o)
    0x08001126   0x00000244   Code   RO         4276    CL$$btod_mult_common  c_w.l(btod.o)
    0x0800136a   0x00000014   Code   RO         1284    i.ADC_Cmd           stm32f10x_adc.o
    0x0800137e   0x00000002   PAD
    0x08001380   0x00000044   Code   RO         1286    i.ADC_DeInit        stm32f10x_adc.o
    0x080013c4   0x0000000e   Code   RO         1292    i.ADC_GetCalibrationStatus  stm32f10x_adc.o
    0x080013d2   0x00000006   Code   RO         1293    i.ADC_GetConversionValue  stm32f10x_adc.o
    0x080013d8   0x0000000e   Code   RO         1295    i.ADC_GetFlagStatus  stm32f10x_adc.o
    0x080013e6   0x0000000e   Code   RO         1298    i.ADC_GetResetCalibrationStatus  stm32f10x_adc.o
    0x080013f4   0x00000048   Code   RO         1302    i.ADC_Init          stm32f10x_adc.o
    0x0800143c   0x00000074   Code   RO         1306    i.ADC_RegularChannelConfig  stm32f10x_adc.o
    0x080014b0   0x0000000a   Code   RO         1307    i.ADC_ResetCalibration  stm32f10x_adc.o
    0x080014ba   0x00000014   Code   RO         1309    i.ADC_SoftwareStartConvCmd  stm32f10x_adc.o
    0x080014ce   0x0000000a   Code   RO         1311    i.ADC_StartCalibration  stm32f10x_adc.o
    0x080014d8   0x00000088   Code   RO          586    i.Adc_Init          adc.o
    0x08001560   0x00000002   Code   RO          180    i.BusFault_Handler  stm32f10x_it.o
    0x08001562   0x00000002   PAD
    0x08001564   0x00000040   Code   RO         4063    i.Copy_HZK16        text.o
    0x080015a4   0x00000044   Code   RO         4064    i.Copy_HZK24        text.o
    0x080015e8   0x00000018   Code   RO         4065    i.Copy_Mem          text.o
    0x08001600   0x00000002   Code   RO          181    i.DebugMon_Handler  stm32f10x_it.o
    0x08001602   0x00000002   PAD
    0x08001604   0x00000030   Code   RO         4066    i.Draw_Font16B      text.o
    0x08001634   0x00000044   Code   RO          453    i.EXTI0_IRQHandler  exti.o
    0x08001678   0x00000038   Code   RO          454    i.EXTI1_IRQHandler  exti.o
    0x080016b0   0x00000038   Code   RO          455    i.EXTI2_IRQHandler  exti.o
    0x080016e8   0x00000038   Code   RO          456    i.EXTI3_IRQHandler  exti.o
    0x08001720   0x00000024   Code   RO          457    i.EXTIX_GPIO_Config  exti.o
    0x08001744   0x000000d0   Code   RO          458    i.EXTIX_Init        exti.o
    0x08001814   0x0000000c   Code   RO         2016    i.EXTI_ClearITPendingBit  stm32f10x_exti.o
    0x08001820   0x00000070   Code   RO         2021    i.EXTI_Init         stm32f10x_exti.o
    0x08001890   0x00000028   Code   RO          763    i.GPIO_EXTILineConfig  stm32f10x_gpio.o
    0x080018b8   0x000000a2   Code   RO          766    i.GPIO_Init         stm32f10x_gpio.o
    0x0800195a   0x0000000e   Code   RO          770    i.GPIO_ReadInputDataBit  stm32f10x_gpio.o
    0x08001968   0x00000004   Code   RO          773    i.GPIO_ResetBits    stm32f10x_gpio.o
    0x0800196c   0x00000004   Code   RO          774    i.GPIO_SetBits      stm32f10x_gpio.o
    0x08001970   0x00000034   Code   RO          587    i.Get_Adc           adc.o
    0x080019a4   0x0000002e   Code   RO          588    i.Get_Adc_Average   adc.o
    0x080019d2   0x00000052   Code   RO         4068    i.Get_HzMat         text.o
    0x08001a24   0x00000002   Code   RO          182    i.HardFault_Handler  stm32f10x_it.o
    0x08001a26   0x00000002   PAD
    0x08001a28   0x00000064   Code   RO         3825    i.IO_SPI_ReadWriteByte  lcd.o
    0x08001a8c   0x00000028   Code   RO          311    i.Key_GPIO_Config   key.o
    0x08001ab4   0x00000040   Code   RO         3826    i.LCD_Clear         lcd.o
    0x08001af4   0x00000094   Code   RO         3830    i.LCD_Display_Dir   lcd.o
    0x08001b88   0x00000020   Code   RO         3835    i.LCD_Fast_DrawPoint  lcd.o
    0x08001ba8   0x0000006c   Code   RO         3837    i.LCD_GPIO_Init     lcd.o
    0x08001c14   0x00000240   Code   RO         3839    i.LCD_Init          lcd.o
    0x08001e54   0x0000004c   Code   RO         3841    i.LCD_SetCursor     lcd.o
    0x08001ea0   0x00000084   Code   RO         3842    i.LCD_Set_Window    lcd.o
    0x08001f24   0x000000d0   Code   RO         3843    i.LCD_ShowChar      lcd.o
    0x08001ff4   0x00000012   Code   RO         3847    i.LCD_SoftRest      lcd.o
    0x08002006   0x00000002   PAD
    0x08002008   0x00000038   Code   RO         3848    i.LCD_WR_DATA16     lcd.o
    0x08002040   0x00000030   Code   RO         3849    i.LCD_WR_DATA8      lcd.o
    0x08002070   0x00000030   Code   RO         3850    i.LCD_WR_REG        lcd.o
    0x080020a0   0x0000000c   Code   RO         3852    i.LCD_WriteRAM_Prepare  lcd.o
    0x080020ac   0x00000012   Code   RO         3853    i.LCD_WriteReg      lcd.o
    0x080020be   0x00000002   PAD
    0x080020c0   0x00000038   Code   RO          298    i.LED_GPIO_Config   led.o
    0x080020f8   0x00000002   Code   RO          183    i.MemManage_Handler  stm32f10x_it.o
    0x080020fa   0x00000002   Code   RO          184    i.NMI_Handler       stm32f10x_it.o
    0x080020fc   0x00000064   Code   RO          724    i.NVIC_Init         misc.o
    0x08002160   0x00000002   Code   RO          185    i.PendSV_Handler    stm32f10x_it.o
    0x08002162   0x00000002   PAD
    0x08002164   0x00000014   Code   RO          898    i.RCC_ADCCLKConfig  stm32f10x_rcc.o
    0x08002178   0x00000018   Code   RO          902    i.RCC_APB2PeriphClockCmd  stm32f10x_rcc.o
    0x08002190   0x00000018   Code   RO          903    i.RCC_APB2PeriphResetCmd  stm32f10x_rcc.o
    0x080021a8   0x00000090   Code   RO          910    i.RCC_GetClocksFreq  stm32f10x_rcc.o
    0x08002238   0x00000002   Code   RO          186    i.SVC_Handler       stm32f10x_it.o
    0x0800223a   0x00000002   PAD
    0x0800223c   0x000000a8   Code   RO          269    i.SetSysClockTo72   system_stm32f10x.o
    0x080022e4   0x00000094   Code   RO         4069    i.Show_Font         text.o
    0x08002378   0x0000009a   Code   RO         4070    i.Show_Str          text.o
    0x08002412   0x00000018   Code   RO          728    i.SysTick_CLKSourceConfig  misc.o
    0x0800242a   0x00000002   Code   RO          187    i.SysTick_Handler   stm32f10x_it.o
    0x0800242c   0x00000050   Code   RO          271    i.SystemInit        system_stm32f10x.o
    0x0800247c   0x00000088   Code   RO          547    i.TIM2_IRQHandler   timer.o
    0x08002504   0x00000038   Code   RO          548    i.TIM3_IRQHandler   timer.o
    0x0800253c   0x00000006   Code   RO         3095    i.TIM_ClearITPendingBit  stm32f10x_tim.o
    0x08002542   0x00000004   Code   RO         3115    i.TIM_GetCapture1   stm32f10x_tim.o
    0x08002546   0x00000018   Code   RO         3121    i.TIM_GetITStatus   stm32f10x_tim.o
    0x0800255e   0x0000000c   Code   RO         3131    i.TIM_OC1PolarityConfig  stm32f10x_tim.o
    0x0800256a   0x00000004   Code   RO         3165    i.TIM_SetCounter    stm32f10x_tim.o
    0x0800256e   0x00000002   PAD
    0x08002570   0x00000064   Code   RO          665    i.USART1_IRQHandler  usart.o
    0x080025d4   0x00000014   Code   RO         1102    i.USART_Cmd         stm32f10x_usart.o
    0x080025e8   0x0000003e   Code   RO         1106    i.USART_GetITStatus  stm32f10x_usart.o
    0x08002626   0x00000030   Code   RO         1108    i.USART_ITConfig    stm32f10x_usart.o
    0x08002656   0x00000002   PAD
    0x08002658   0x000000ac   Code   RO         1109    i.USART_Init        stm32f10x_usart.o
    0x08002704   0x00000008   Code   RO         1116    i.USART_ReceiveData  stm32f10x_usart.o
    0x0800270c   0x00000002   Code   RO          188    i.UsageFault_Handler  stm32f10x_it.o
    0x0800270e   0x00000002   PAD
    0x08002710   0x0000000c   Code   RO         3619    i.WWDG_ClearFlag    stm32f10x_wwdg.o
    0x0800271c   0x0000002c   Code   RO          513    i.WWDG_IRQHandler   wwdg.o
    0x08002748   0x00000010   Code   RO         3624    i.WWDG_SetCounter   stm32f10x_wwdg.o
    0x08002758   0x00000028   Code   RO         4298    i.__ARM_fpclassify  m_ws.l(fpclassify.o)
    0x08002780   0x0000000e   Code   RO         4164    i._is_digit         c_w.l(__printf_wp.o)
    0x0800278e   0x00000002   Code   RO          666    i._sys_exit         usart.o
    0x08002790   0x00000038   Code   RO          610    i.delay_init        delay.o
    0x080027c8   0x00000034   Code   RO          611    i.delay_ms          delay.o
    0x080027fc   0x00000018   Code   RO          667    i.fputc             usart.o
    0x08002814   0x00000180   Code   RO            1    i.main              main.o
    0x08002994   0x000000a0   Code   RO          668    i.uart_init         usart.o
    0x08002a34   0x0000002c   Code   RO         4294    locale$$code        c_w.l(lc_numeric_c.o)
    0x08002a60   0x00000062   Code   RO         4183    x$fpl$d2f           fz_ws.l(d2f.o)
    0x08002ac2   0x00000026   Code   RO         4185    x$fpl$dfltu         fz_ws.l(dflt_clz.o)
    0x08002ae8   0x00000154   Code   RO         4191    x$fpl$dmul          fz_ws.l(dmul.o)
    0x08002c3c   0x0000009c   Code   RO         4229    x$fpl$dnaninf       fz_ws.l(dnaninf.o)
    0x08002cd8   0x0000000c   Code   RO         4231    x$fpl$dretinf       fz_ws.l(dretinf.o)
    0x08002ce4   0x00000056   Code   RO         4193    x$fpl$f2d           fz_ws.l(f2d.o)
    0x08002d3a   0x00000002   PAD
    0x08002d3c   0x000000c4   Code   RO         4195    x$fpl$fadd          fz_ws.l(faddsub_clz.o)
    0x08002e00   0x0000003e   Code   RO         4201    x$fpl$ffixu         fz_ws.l(ffixu.o)
    0x08002e3e   0x00000002   PAD
    0x08002e40   0x00000026   Code   RO         4205    x$fpl$ffltu         fz_ws.l(fflt_clz.o)
    0x08002e66   0x00000002   PAD
    0x08002e68   0x00000102   Code   RO         4211    x$fpl$fmul          fz_ws.l(fmul.o)
    0x08002f6a   0x0000008c   Code   RO         4233    x$fpl$fnaninf       fz_ws.l(fnaninf.o)
    0x08002ff6   0x0000000a   Code   RO         4235    x$fpl$fretinf       fz_ws.l(fretinf.o)
    0x08003000   0x00000014   Code   RO         4196    x$fpl$frsb          fz_ws.l(faddsub_clz.o)
    0x08003014   0x000000ea   Code   RO         4197    x$fpl$fsub          fz_ws.l(faddsub_clz.o)
    0x080030fe   0x00000004   Code   RO         4213    x$fpl$printf1       fz_ws.l(printf1.o)
    0x08003102   0x00000000   Code   RO         4237    x$fpl$usenofp       fz_ws.l(usenofp.o)
    0x08003102   0x00000474   Data   RO         3803    .constdata          font.o
    0x08003576   0x000005f0   Data   RO         3804    .constdata          font.o
    0x08003b66   0x00000d5c   Data   RO         3805    .constdata          font.o
    0x080048c2   0x000007d6   Data   RO         3806    .constdata          font.o
    0x08005098   0x000002e4   Data   RO         3807    .constdata          font.o
    0x0800537c   0x00000028   Data   RO         4137    .constdata          c_w.l(_printf_hex_int.o)
    0x080053a4   0x00000094   Data   RO         4265    .constdata          c_w.l(bigflt0.o)
    0x08005438   0x00000020   Data   RO         4435    Region$$Table       anon$$obj.o
    0x08005458   0x0000001c   Data   RO         4293    locale$$data        c_w.l(lc_numeric_c.o)


    Execution Region ER_RW (Base: 0x20000000, Size: 0x0000004c, Max: 0xffffffff, ABSOLUTE)

    Base Addr    Size         Type   Attr      Idx    E Section Name        Object

    0x20000000   0x00000001   Data   RW            6    .data               main.o
    0x20000001   0x00000003   PAD
    0x20000004   0x00000008   Data   RW           10    .data               main.o
    0x2000000c   0x00000014   Data   RW          272    .data               system_stm32f10x.o
    0x20000020   0x00000001   Data   RW          517    .data               wwdg.o
    0x20000021   0x00000001   PAD
    0x20000022   0x00000004   Data   RW          552    .data               timer.o
    0x20000026   0x00000004   Data   RW          613    .data               delay.o
    0x2000002a   0x00000002   Data   RW          670    .data               usart.o
    0x2000002c   0x00000004   Data   RW          671    .data               usart.o
    0x20000030   0x00000014   Data   RW          930    .data               stm32f10x_rcc.o
    0x20000044   0x00000006   Data   RW         3858    .data               lcd.o


    Execution Region ER_ZI (Base: 0x2000004c, Size: 0x0000077c, Max: 0xffffffff, ABSOLUTE)

    Base Addr    Size         Type   Attr      Idx    E Section Name        Object

    0x2000004c   0x00000040   Zero   RW            3    .bss                main.o
    0x2000008c   0x000000c8   Zero   RW          669    .bss                usart.o
    0x20000154   0x0000000e   Zero   RW         3856    .bss                lcd.o
    0x20000162   0x00000002   PAD
    0x20000164   0x00000060   Zero   RW         4301    .bss                c_w.l(libspace.o)
    0x200001c4   0x00000004   PAD
    0x200001c8   0x00000200   Zero   RW          718    HEAP                startup_stm32f10x_md.o
    0x200003c8   0x00000400   Zero   RW          717    STACK               startup_stm32f10x_md.o


==============================================================================

Image component sizes


      Code (inc. data)   RO Data    RW Data    ZI Data      Debug   Object Name

       234         14          0          0          0       1711   adc.o
       108         18          0          4          0       1120   delay.o
       480         46          0          0          0       3523   exti.o
         0          0       8826          0          0       1126   font.o
        40          4          0          0          0        478   key.o
      1644         98          0          6         14      12099   lcd.o
        56          6          0          0          0        490   led.o
       384        140          0          9         64     264155   main.o
       124          6          0          0          0       1458   misc.o
        64         26        236          0       1536        780   startup_stm32f10x_md.o
       364         22          0          0          0       8374   stm32f10x_adc.o
       124         10          0          0          0       1449   stm32f10x_exti.o
       224          6          0          0          0       4086   stm32f10x_gpio.o
        18          0          0          0          0       3478   stm32f10x_it.o
       212         34          0         20          0       4877   stm32f10x_rcc.o
        50          0          0          0          0       4088   stm32f10x_tim.o
       310          6          0          0          0       4894   stm32f10x_usart.o
        28         10          0          0          0        923   stm32f10x_wwdg.o
         0          0          0          0          0         32   sys.o
       248         24          0         20          0       1633   system_stm32f10x.o
       588         20          0          0          0       5975   text.o
       192         16          0          4          0       1375   timer.o
       286         26          0          6        200       3960   usart.o
        44         10          0          1          0        649   wwdg.o

    ----------------------------------------------------------------------
      5844        542       9094         76       1816     332733   Object Totals
         0          0         32          0          0          0   (incl. Generated)
        22          0          0          6          2          0   (incl. Padding)

    ----------------------------------------------------------------------

      Code (inc. data)   RO Data    RW Data    ZI Data      Debug   Library Member Name

         8          0          0          0          0         68   __main.o
       284          0          0          0          0        156   __printf_wp.o
         0          0          0          0          0          0   __rtentry.o
        12          0          0          0          0          0   __rtentry2.o
         6          0          0          0          0          0   __rtentry4.o
        52          8          0          0          0          0   __scatter.o
        26          0          0          0          0          0   __scatter_copy.o
        28          0          0          0          0          0   __scatter_zi.o
        48          6          0          0          0         96   _printf_char_common.o
        36          4          0          0          0         80   _printf_char_file.o
         6          0          0          0          0          0   _printf_f.o
      1050          0          0          0          0        216   _printf_fp_dec.o
       128         16          0          0          0         84   _printf_fp_infnan.o
        88          4         40          0          0         88   _printf_hex_int.o
       178          0          0          0          0         88   _printf_intcommon.o
        78          0          0          0          0        108   _printf_pad.o
         0          0          0          0          0          0   _printf_percent.o
         4          0          0          0          0          0   _printf_percent_end.o
         6          0          0          0          0          0   _printf_x.o
        10          0          0          0          0         68   _sputc.o
       220          4        148          0          0         96   bigflt0.o
      1910        128          0          0          0        672   btod.o
        18          0          0          0          0         80   exit.o
         8          0          0          0          0         68   ferror.o
         6          0          0          0          0        152   heapauxi.o
        44         10         28          0          0         76   lc_numeric_c.o
         2          0          0          0          0          0   libinit.o
        18          0          0          0          0          0   libinit2.o
         2          0          0          0          0          0   libshutdown.o
         2          0          0          0          0          0   libshutdown2.o
         8          4          0          0         96         68   libspace.o
       138          0          0          0          0         80   lludiv10.o
        24          4          0          0          0         84   noretval__2printf.o
        40          6          0          0          0         84   noretval__2sprintf.o
         8          4          0          0          0         68   rt_locale_intlibspace.o
         2          0          0          0          0          0   rtexit.o
        10          0          0          0          0          0   rtexit2.o
       128          0          0          0          0         68   strcmpv7m.o
        74          0          0          0          0         80   sys_stackheap_outer.o
         2          0          0          0          0         68   use_no_semi.o
         2          0          0          0          0         68   use_no_semi_2.o
        98          4          0          0          0         92   d2f.o
        38          0          0          0          0         68   dflt_clz.o
       340         12          0          0          0        104   dmul.o
       156          4          0          0          0         92   dnaninf.o
        12          0          0          0          0         68   dretinf.o
        86          4          0          0          0         84   f2d.o
       450          8          0          0          0        236   faddsub_clz.o
        62          4          0          0          0         84   ffixu.o
        38          0          0          0          0         68   fflt_clz.o
       258          4          0          0          0         84   fmul.o
       140          4          0          0          0         84   fnaninf.o
        10          0          0          0          0         68   fretinf.o
         4          0          0          0          0         68   printf1.o
         0          0          0          0          0          0   usenofp.o
        40          0          0          0          0         68   fpclassify.o

    ----------------------------------------------------------------------
      6466        242        216          0        100       4132   Library Totals
        20          0          0          0          4          0   (incl. Padding)

    ----------------------------------------------------------------------

      Code (inc. data)   RO Data    RW Data    ZI Data      Debug   Library Name

      4714        198        216          0         96       2864   c_w.l
      1692         44          0          0          0       1200   fz_ws.l
        40          0          0          0          0         68   m_ws.l

    ----------------------------------------------------------------------
      6466        242        216          0        100       4132   Library Totals

    ----------------------------------------------------------------------

==============================================================================


      Code (inc. data)   RO Data    RW Data    ZI Data      Debug   

     12310        784       9310         76       1916     330049   Grand Totals
     12310        784       9310         76       1916     330049   ELF Image Totals
     12310        784       9310         76          0          0   ROM Totals

==============================================================================

    Total RO  Size (Code + RO Data)                21620 (  21.11kB)
    Total RW  Size (RW Data + ZI Data)              1992 (   1.95kB)
    Total ROM Size (Code + RO Data + RW Data)      21696 (  21.19kB)

==============================================================================

